Archive member included to satisfy reference by file (symbol)

libbb/lib.a(appletlib.o)      /home/erion/Projects/buildroot/output/host/aarch64-buildroot-linux-gnu/sysroot/usr/lib/../lib64/Scrt1.o (main)
libbb/lib.a(compare_string_array.o)
                              libbb/lib.a(appletlib.o) (is_prefixed_with)
libbb/lib.a(concat_path_file.o)
                              libbb/lib.a(appletlib.o) (concat_path_file)
libbb/lib.a(default_error_retval.o)
                              libbb/lib.a(appletlib.o) (xfunc_error_retval)
libbb/lib.a(get_last_path_component.o)
                              libbb/lib.a(appletlib.o) (bb_basename)
libbb/lib.a(last_char_is.o)   libbb/lib.a(concat_path_file.o) (last_char_is)
libbb/lib.a(messages.o)       libbb/lib.a(appletlib.o) (bb_busybox_exec_path)
libbb/lib.a(perror_msg.o)     libbb/lib.a(appletlib.o) (bb_simple_perror_msg)
libbb/lib.a(ptr_to_globals.o)
                              libbb/lib.a(appletlib.o) (bb_errno)
libbb/lib.a(verror_msg.o)     libbb/lib.a(perror_msg.o) (bb_verror_msg)
libbb/lib.a(xfunc_die.o)      libbb/lib.a(appletlib.o) (xfunc_die)
libbb/lib.a(xfuncs.o)         libbb/lib.a(appletlib.o) (full_write1_str)
libbb/lib.a(xfuncs_printf.o)  libbb/lib.a(verror_msg.o) (fflush_all)
libbb/lib.a(xreadlink.o)      libbb/lib.a(appletlib.o) (xmalloc_readlink)
libbb/lib.a(copyfd.o)         libbb/lib.a(xfuncs_printf.o) (bb_copyfd_eof)
libbb/lib.a(full_write.o)     libbb/lib.a(verror_msg.o) (full_write)
libbb/lib.a(read.o)           libbb/lib.a(copyfd.o) (safe_read)
libbb/lib.a(safe_write.o)     libbb/lib.a(full_write.o) (safe_write)
libbb/lib.a(signals.o)        libbb/lib.a(xfuncs_printf.o) (kill_myself_with_sig)
libbb/lib.a(time.o)           libbb/lib.a(xfuncs_printf.o) (monotonic_us)
libbb/lib.a(xgetcwd.o)        libbb/lib.a(xreadlink.o) (xrealloc_getcwd_or_warn)
libbb/lib.a(bb_strtonum.o)    libbb/lib.a(time.o) (bb_strtoll)
loginutils/lib.a(addgroup.o)  libbb/lib.a(appletlib.o) (addgroup_main)
loginutils/lib.a(adduser.o)   libbb/lib.a(appletlib.o) (adduser_main)
loginutils/lib.a(cryptpw.o)   libbb/lib.a(appletlib.o) (cryptpw_main)
loginutils/lib.a(deluser.o)   libbb/lib.a(appletlib.o) (deluser_main)
loginutils/lib.a(getty.o)     libbb/lib.a(appletlib.o) (getty_main)
loginutils/lib.a(login.o)     libbb/lib.a(appletlib.o) (login_main)
loginutils/lib.a(passwd.o)    libbb/lib.a(appletlib.o) (passwd_main)
loginutils/lib.a(su.o)        libbb/lib.a(appletlib.o) (su_main)
loginutils/lib.a(sulogin.o)   libbb/lib.a(appletlib.o) (sulogin_main)
loginutils/lib.a(vlock.o)     libbb/lib.a(appletlib.o) (vlock_main)
miscutils/lib.a(ascii.o)      libbb/lib.a(appletlib.o) (ascii_main)
miscutils/lib.a(bc.o)         libbb/lib.a(appletlib.o) (bc_main)
miscutils/lib.a(crond.o)      libbb/lib.a(appletlib.o) (crond_main)
miscutils/lib.a(crontab.o)    libbb/lib.a(appletlib.o) (crontab_main)
miscutils/lib.a(devmem.o)     libbb/lib.a(appletlib.o) (devmem_main)
miscutils/lib.a(hdparm.o)     libbb/lib.a(appletlib.o) (hdparm_main)
miscutils/lib.a(hexedit.o)    libbb/lib.a(appletlib.o) (hexedit_main)
miscutils/lib.a(i2c_tools.o)  libbb/lib.a(appletlib.o) (i2cget_main)
miscutils/lib.a(less.o)       libbb/lib.a(appletlib.o) (less_main)
miscutils/lib.a(lsscsi.o)     libbb/lib.a(appletlib.o) (lsscsi_main)
miscutils/lib.a(makedevs.o)   libbb/lib.a(appletlib.o) (makedevs_main)
miscutils/lib.a(microcom.o)   libbb/lib.a(appletlib.o) (microcom_main)
miscutils/lib.a(mt.o)         libbb/lib.a(appletlib.o) (mt_main)
miscutils/lib.a(partprobe.o)  libbb/lib.a(appletlib.o) (partprobe_main)
miscutils/lib.a(runlevel.o)   libbb/lib.a(appletlib.o) (runlevel_main)
miscutils/lib.a(seedrng.o)    libbb/lib.a(appletlib.o) (seedrng_main)
miscutils/lib.a(setfattr.o)   libbb/lib.a(appletlib.o) (setfattr_main)
miscutils/lib.a(setserial.o)  libbb/lib.a(appletlib.o) (setserial_main)
miscutils/lib.a(strings.o)    libbb/lib.a(appletlib.o) (strings_main)
miscutils/lib.a(time.o)       libbb/lib.a(appletlib.o) (time_main)
miscutils/lib.a(tree.o)       libbb/lib.a(appletlib.o) (tree_main)
miscutils/lib.a(ts.o)         libbb/lib.a(appletlib.o) (ts_main)
miscutils/lib.a(ubirename.o)  libbb/lib.a(appletlib.o) (ubirename_main)
miscutils/lib.a(watchdog.o)   libbb/lib.a(appletlib.o) (watchdog_main)
modutils/lib.a(insmod.o)      libbb/lib.a(appletlib.o) (insmod_main)
modutils/lib.a(lsmod.o)       libbb/lib.a(appletlib.o) (lsmod_main)
modutils/lib.a(modprobe.o)    libbb/lib.a(appletlib.o) (modprobe_main)
modutils/lib.a(modutils.o)    modutils/lib.a(modprobe.o) (replace)
modutils/lib.a(rmmod.o)       libbb/lib.a(appletlib.o) (rmmod_main)
networking/lib.a(arp.o)       libbb/lib.a(appletlib.o) (arp_main)
networking/lib.a(arping.o)    libbb/lib.a(appletlib.o) (arping_main)
networking/lib.a(dnsd.o)      libbb/lib.a(appletlib.o) (dnsd_main)
networking/lib.a(ether-wake.o)
                              libbb/lib.a(appletlib.o) (ether_wake_main)
networking/lib.a(hostname.o)  libbb/lib.a(appletlib.o) (hostname_main)
[...]
Memory Configuration

Name             Origin             Length             Attributes
*default*        0x0000000000000000 0xffffffffffffffff

Linker script and memory map

LOAD /home/erion/Projects/buildroot/output/host/aarch64-buildroot-linux-gnu/sysroot/usr/lib/../lib64/Scrt1.o
LOAD /home/erion/Projects/buildroot/output/host/aarch64-buildroot-linux-gnu/sysroot/usr/lib/../lib64/crti.o
LOAD /home/erion/Projects/buildroot/output/host/lib/gcc/aarch64-buildroot-linux-gnu/12.3.0/crtbeginS.o
START GROUP
LOAD applets/built-in.o
LOAD archival/lib.a
LOAD archival/libarchive/lib.a
LOAD console-tools/lib.a
LOAD coreutils/lib.a
LOAD coreutils/libcoreutils/lib.a
LOAD debianutils/lib.a
LOAD klibc-utils/lib.a
LOAD e2fsprogs/lib.a
LOAD editors/lib.a
LOAD findutils/lib.a
LOAD init/lib.a
LOAD libbb/lib.a
LOAD libpwdgrp/lib.a
LOAD loginutils/lib.a
LOAD mailutils/lib.a
LOAD miscutils/lib.a
LOAD modutils/lib.a
LOAD networking/lib.a
LOAD networking/libiproute/lib.a
LOAD networking/udhcp/lib.a
LOAD printutils/lib.a
LOAD procps/lib.a
LOAD runit/lib.a
LOAD selinux/lib.a
LOAD shell/lib.a
LOAD sysklogd/lib.a
LOAD util-linux/lib.a
LOAD util-linux/volume_id/lib.a
LOAD archival/built-in.o
LOAD archival/libarchive/built-in.o
LOAD console-tools/built-in.o
LOAD coreutils/built-in.o
LOAD coreutils/libcoreutils/built-in.o
LOAD debianutils/built-in.o
LOAD klibc-utils/built-in.o
LOAD e2fsprogs/built-in.o
LOAD editors/built-in.o
LOAD findutils/built-in.o
LOAD init/built-in.o
LOAD libbb/built-in.o
LOAD libpwdgrp/built-in.o
LOAD loginutils/built-in.o
LOAD mailutils/built-in.o
LOAD miscutils/built-in.o
LOAD modutils/built-in.o
LOAD networking/built-in.o
LOAD networking/libiproute/built-in.o
LOAD networking/udhcp/built-in.o
LOAD printutils/built-in.o
LOAD procps/built-in.o
LOAD runit/built-in.o
LOAD selinux/built-in.o
LOAD shell/built-in.o
LOAD sysklogd/built-in.o
LOAD util-linux/built-in.o
LOAD util-linux/volume_id/built-in.o
END GROUP
START GROUP
LOAD /home/erion/Projects/buildroot/output/host/aarch64-buildroot-linux-gnu/sysroot/usr/lib/../lib64/libresolv.so
END GROUP
LOAD /home/erion/Projects/buildroot/output/host/lib/gcc/aarch64-buildroot-linux-gnu/12.3.0/libgcc.a
LOAD /home/erion/Projects/buildroot/output/host/lib/gcc/aarch64-buildroot-linux-gnu/12.3.0/libgcc_eh.a
LOAD /home/erion/Projects/buildroot/output/host/aarch64-buildroot-linux-gnu/sysroot/usr/lib/../lib64/libc.so
START GROUP
LOAD /home/erion/Projects/buildroot/output/host/aarch64-buildroot-linux-gnu/sysroot/lib64/libc.so.6
LOAD /home/erion/Projects/buildroot/output/host/aarch64-buildroot-linux-gnu/sysroot/usr/lib64/libc_nonshared.a
LOAD /home/erion/Projects/buildroot/output/host/aarch64-buildroot-linux-gnu/sysroot/lib/ld-linux-aarch64.so.1
END GROUP
LOAD /home/erion/Projects/buildroot/output/host/lib/gcc/aarch64-buildroot-linux-gnu/12.3.0/libgcc.a
LOAD /home/erion/Projects/buildroot/output/host/lib/gcc/aarch64-buildroot-linux-gnu/12.3.0/libgcc_eh.a
LOAD /home/erion/Projects/buildroot/output/host/lib/gcc/aarch64-buildroot-linux-gnu/12.3.0/crtendS.o
LOAD /home/erion/Projects/buildroot/output/host/aarch64-buildroot-linux-gnu/sysroot/usr/lib/../lib64/crtn.o
                [!provide]                        PROVIDE (__executable_start = SEGMENT_START ("text-segment", 0x0))
                0x0000000000000238                . = (SEGMENT_START ("text-segment", 0x0) + SIZEOF_HEADERS)

.interp         0x0000000000000238       0x1b
 *(SORT_BY_ALIGNMENT(.interp))
 .interp        0x0000000000000238       0x1b /home/erion/Projects/buildroot/output/host/aarch64-buildroot-linux-gnu/sysroot/usr/lib/../lib64/Scrt1.o

.note.ABI-tag   0x0000000000000254       0x20
 .note.ABI-tag  0x0000000000000254       0x20 /home/erion/Projects/buildroot/output/host/aarch64-buildroot-linux-gnu/sysroot/usr/lib/../lib64/Scrt1.o

.note.gnu.build-id
 *(SORT_BY_ALIGNMENT(.note.gnu.build-id))

.hash           0x0000000000000278      0xa1c
 *(SORT_BY_ALIGNMENT(.hash))
 .hash          0x0000000000000278      0xa1c /home/erion/Projects/buildroot/output/host/aarch64-buildroot-linux-gnu/sysroot/usr/lib/../lib64/Scrt1.o

.gnu.hash       0x0000000000000c98       0x1c
 *(SORT_BY_ALIGNMENT(.gnu.hash))
 .gnu.hash      0x0000000000000c98       0x1c /home/erion/Projects/buildroot/output/host/aarch64-buildroot-linux-gnu/sysroot/usr/lib/../lib64/Scrt1.o

.dynsym         0x0000000000000cb8     0x23d0
 *(SORT_BY_ALIGNMENT(.dynsym))
 .dynsym        0x0000000000000cb8     0x23d0 /home/erion/Projects/buildroot/output/host/aarch64-buildroot-linux-gnu/sysroot/usr/lib/../lib64/Scrt1.o

.dynstr         0x0000000000003088      0xdc4
 *(SORT_BY_ALIGNMENT(.dynstr))
 .dynstr        0x0000000000003088      0xdc4 /home/erion/Projects/buildroot/output/host/aarch64-buildroot-linux-gnu/sysroot/usr/lib/../lib64/Scrt1.o

.gnu.version    0x0000000000003e4c      0x2fc
 *(SORT_BY_ALIGNMENT(.gnu.version))
 .gnu.version   0x0000000000003e4c      0x2fc /home/erion/Projects/buildroot/output/host/aarch64-buildroot-linux-gnu/sysroot/usr/lib/../lib64/Scrt1.o

.gnu.version_d  0x0000000000004148        0x0
 *(SORT_BY_ALIGNMENT(.gnu.version_d))
 .gnu.version_d
                0x0000000000004148        0x0 /home/erion/Projects/buildroot/output/host/aarch64-buildroot-linux-gnu/sysroot/usr/lib/../lib64/Scrt1.o

.gnu.version_r  0x0000000000004148       0xb0
 *(SORT_BY_ALIGNMENT(.gnu.version_r))
 .gnu.version_r
                0x0000000000004148       0xb0 /home/erion/Projects/buildroot/output/host/aarch64-buildroot-linux-gnu/sysroot/usr/lib/../lib64/Scrt1.o

.rela.dyn       0x00000000000041f8     0x5220
 *(SORT_BY_ALIGNMENT(.rela.init))
 *(SORT_BY_ALIGNMENT(.rela.text) SORT_BY_ALIGNMENT(.rela.text.*) SORT_BY_ALIGNMENT(.rela.gnu.linkonce.t.*))
 *(SORT_BY_ALIGNMENT(.rela.fini))
 *(SORT_BY_ALIGNMENT(.rela.rodata) SORT_BY_ALIGNMENT(.rela.rodata.*) SORT_BY_ALIGNMENT(.rela.gnu.linkonce.r.*))
 *(SORT_BY_ALIGNMENT(.rela.data) SORT_BY_ALIGNMENT(.rela.data.*) SORT_BY_ALIGNMENT(.rela.gnu.linkonce.d.*))
 .rela.data.rel.ro
                0x00000000000041f8        0x0 /home/erion/Projects/buildroot/output/host/aarch64-buildroot-linux-gnu/sysroot/usr/lib/../lib64/Scrt1.o
 .rela.data.rel.local
                0x00000000000041f8       0x18 /home/erion/Projects/buildroot/output/host/aarch64-buildroot-linux-gnu/sysroot/usr/lib/../lib64/Scrt1.o
 .rela.data.rel.ro.local.install_dir
                0x0000000000004210       0x78 /home/erion/Projects/buildroot/output/host/aarch64-buildroot-linux-gnu/sysroot/usr/lib/../lib64/Scrt1.o
 .rela.data.rel.ro.applet_main
                0x0000000000004288     0x1a10 /home/erion/Projects/buildroot/output/host/aarch64-buildroot-linux-gnu/sysroot/usr/lib/../lib64/Scrt1.o
 .rela.data.rel.local.msg_eol
                0x0000000000005c98       0x18 /home/erion/Projects/buildroot/output/host/aarch64-buildroot-linux-gnu/sysroot/usr/lib/../lib64/Scrt1.o
 .rela.data.rel.ro.local.msg.2
                0x0000000000005cb0       0x48 /home/erion/Projects/buildroot/output/host/aarch64-buildroot-linux-gnu/sysroot/usr/lib/../lib64/Scrt1.o
 .rela.data.rel.ro.local.zxc_program_ops
                0x0000000000005cf8       0x90 /home/erion/Projects/buildroot/output/host/aarch64-buildroot-linux-gnu/sysroot/usr/lib/../lib64/Scrt1.o
 .rela.data.rel.ro.local.SpecAry.0
                0x0000000000005d88       0xc0 /home/erion/Projects/buildroot/output/host/aarch64-buildroot-linux-gnu/sysroot/usr/lib/../lib64/Scrt1.o
 .rela.data.rel.ro.local.ultra_modes2.0
                0x0000000000005e48       0x18 /home/erion/Projects/buildroot/output/host/aarch64-buildroot-linux-gnu/sysroot/usr/lib/../lib64/Scrt1.o
 .rela.data.rel.ro.local.ultra_modes1.1
                0x0000000000005e60       0x18 /home/erion/Projects/buildroot/output/host/aarch64-buildroot-linux-gnu/sysroot/usr/lib/../lib64/Scrt1.o
 .rela.data.rel.ro.local.pio_modes.3
                0x0000000000005e78       0x18 /home/erion/Projects/buildroot/output/host/aarch64-buildroot-linux-gnu/sysroot/usr/lib/../lib64/Scrt1.o
 .rela.data.rel.ro.local.i2c_funcs_tab
                0x0000000000005e90      0x168 /home/erion/Projects/buildroot/output/host/aarch64-buildroot-linux-gnu/sysroot/usr/lib/../lib64/Scrt1.o
 .rela.data.rel.ro.local.adap_descs
                0x0000000000005ff8       0xc0 /home/erion/Projects/buildroot/output/host/aarch64-buildroot-linux-gnu/sysroot/usr/lib/../lib64/Scrt1.o
 .rela.data.rel.ro.local.OptArray
                0x00000000000060b8      0x228 /home/erion/Projects/buildroot/output/host/aarch64-buildroot-linux-gnu/sysroot/usr/lib/../lib64/Scrt1.o
 .rela.data.rel.ro.local.Arg1Opt
                0x00000000000062e0      0x180 /home/erion/Projects/buildroot/output/host/aarch64-buildroot-linux-gnu/sysroot/usr/lib/../lib64/Scrt1.o
 .rela.data.rel.ro.local.addr_fams.0
                0x0000000000006460       0x48 /home/erion/Projects/buildroot/output/host/aarch64-buildroot-linux-gnu/sysroot/usr/lib/../lib64/Scrt1.o
 .rela.data.rel.ro.local.addr_link
                0x00000000000064a8       0x30 /home/erion/Projects/buildroot/output/host/aarch64-buildroot-linux-gnu/sysroot/usr/lib/../lib64/Scrt1.o
 .rela.data.rel.ro.local.link_methods
                0x00000000000064d8       0x48 /home/erion/Projects/buildroot/output/host/aarch64-buildroot-linux-gnu/sysroot/usr/lib/../lib64/Scrt1.o
 .rela.data.rel.ro.local.addr_inet
                0x0000000000006520       0x30 /home/erion/Projects/buildroot/output/host/aarch64-buildroot-linux-gnu/sysroot/usr/lib/../lib64/Scrt1.o
 .rela.data.rel.ro.local.methods
                0x0000000000006550      0x1f8 /home/erion/Projects/buildroot/output/host/aarch64-buildroot-linux-gnu/sysroot/usr/lib/../lib64/Scrt1.o
 .rela.data.rel.ro.local.addr_inet6
                0x0000000000006748       0x30 /home/erion/Projects/buildroot/output/host/aarch64-buildroot-linux-gnu/sysroot/usr/lib/../lib64/Scrt1.o
 .rela.data.rel.ro.local.methods6
                0x0000000000006778      0x120 /home/erion/Projects/buildroot/output/host/aarch64-buildroot-linux-gnu/sysroot/usr/lib/../lib64/Scrt1.o
 .rela.data.rel.ro.local.builtins
                0x0000000000006898       0xf0 /home/erion/Projects/buildroot/output/host/aarch64-buildroot-linux-gnu/sysroot/usr/lib/../lib64/Scrt1.o
 .rela.data.rel.ro.local.if_port_text
                0x0000000000006988       0xa8 /home/erion/Projects/buildroot/output/host/aarch64-buildroot-linux-gnu/sysroot/usr/lib/../lib64/Scrt1.o
 .rela.data.rel.ro.local.hwtypes
                0x0000000000006a30       0x90 /home/erion/Projects/buildroot/output/host/aarch64-buildroot-linux-gnu/sysroot/usr/lib/../lib64/Scrt1.o
 .rela.data.rel.ro.local.ib_hwtype
                0x0000000000006ac0       0x60 /home/erion/Projects/buildroot/output/host/aarch64-buildroot-linux-gnu/sysroot/usr/lib/../lib64/Scrt1.o
 .rela.data.rel.ro.local.sit_hwtype
                0x0000000000006b20       0x48 /home/erion/Projects/buildroot/output/host/aarch64-buildroot-linux-gnu/sysroot/usr/lib/../lib64/Scrt1.o
 .rela.data.rel.ro.local.ppp_hwtype
                0x0000000000006b68       0x30 /home/erion/Projects/buildroot/output/host/aarch64-buildroot-linux-gnu/sysroot/usr/lib/../lib64/Scrt1.o
 .rela.data.rel.ro.local.ether_hwtype
                0x0000000000006b98       0x60 /home/erion/Projects/buildroot/output/host/aarch64-buildroot-linux-gnu/sysroot/usr/lib/../lib64/Scrt1.o
 .rela.data.rel.ro.local.loop_hwtype
                0x0000000000006bf8       0x30 /home/erion/Projects/buildroot/output/host/aarch64-buildroot-linux-gnu/sysroot/usr/lib/../lib64/Scrt1.o
 .rela.data.rel.ro.local.unspec_hwtype
                0x0000000000006c28       0x48 /home/erion/Projects/buildroot/output/host/aarch64-buildroot-linux-gnu/sysroot/usr/lib/../lib64/Scrt1.o
 .rela.data.rel.ro.local.ss_fmt
                0x0000000000006c70       0x48 /home/erion/Projects/buildroot/output/host/aarch64-buildroot-linux-gnu/sysroot/usr/lib/../lib64/Scrt1.o
 .rela.data.rel.ro.local.aftypes
                0x0000000000006cb8       0x48 /home/erion/Projects/buildroot/output/host/aarch64-buildroot-linux-gnu/sysroot/usr/lib/../lib64/Scrt1.o
 .rela.data.rel.ro.local.unspec_aftype
                0x0000000000006d00       0x60 /home/erion/Projects/buildroot/output/host/aarch64-buildroot-linux-gnu/sysroot/usr/lib/../lib64/Scrt1.o
 .rela.data.rel.ro.local.inet6_aftype
                0x0000000000006d60       0x60 /home/erion/Projects/buildroot/output/host/aarch64-buildroot-linux-gnu/sysroot/usr/lib/../lib64/Scrt1.o
 .rela.data.rel.ro.local.inet_aftype
                0x0000000000006dc0       0x60 /home/erion/Projects/buildroot/output/host/aarch64-buildroot-linux-gnu/sysroot/usr/lib/../lib64/Scrt1.o
 .rela.data.rel.ro.local.ip_func_ptrs.0
                0x0000000000006e20       0xd8 /home/erion/Projects/buildroot/output/host/aarch64-buildroot-linux-gnu/sysroot/usr/lib/../lib64/Scrt1.o
 .rela.data.rel.ro.local.tcp_state
                0x0000000000006ef8      0x120 /home/erion/Projects/buildroot/output/host/aarch64-buildroot-linux-gnu/sysroot/usr/lib/../lib64/Scrt1.o
 .rela.data.rel.ro.local.rcodes
                0x0000000000007018      0x180 /home/erion/Projects/buildroot/output/host/aarch64-buildroot-linux-gnu/sysroot/usr/lib/../lib64/Scrt1.o
 .rela.data.rel.ro.local.init_tab.0
                0x0000000000007198       0xf0 /home/erion/Projects/buildroot/output/host/aarch64-buildroot-linux-gnu/sysroot/usr/lib/../lib64/Scrt1.o
 .rela.data.rel.ro.local.out_spec
                0x0000000000007288      0x240 /home/erion/Projects/buildroot/output/host/aarch64-buildroot-linux-gnu/sysroot/usr/lib/../lib64/Scrt1.o
 .rela.data.rel.ro.local.null_bltin.2
                0x00000000000074c8       0x30 /home/erion/Projects/buildroot/output/host/aarch64-buildroot-linux-gnu/sysroot/usr/lib/../lib64/Scrt1.o
 .rela.data.rel.ro.local.builtintab
                0x00000000000074f8      0x858 /home/erion/Projects/buildroot/output/host/aarch64-buildroot-linux-gnu/sysroot/usr/lib/../lib64/Scrt1.o
 .rela.data.rel.ro.local.tokname_array
                0x0000000000007d50      0x2d0 /home/erion/Projects/buildroot/output/host/aarch64-buildroot-linux-gnu/sysroot/usr/lib/../lib64/Scrt1.o
 .rela.data.rel.ro.local.varinit_data
                0x0000000000008020      0x168 /home/erion/Projects/buildroot/output/host/aarch64-buildroot-linux-gnu/sysroot/usr/lib/../lib64/Scrt1.o
 .rela.data.rel.local.g_parsefile
                0x0000000000008188       0x18 /home/erion/Projects/buildroot/output/host/aarch64-buildroot-linux-gnu/sysroot/usr/lib/../lib64/Scrt1.o
 .rela.data.rel.ro.local.optletters_optnames
                0x00000000000081a0      0x198 /home/erion/Projects/buildroot/output/host/aarch64-buildroot-linux-gnu/sysroot/usr/lib/../lib64/Scrt1.o
 .rela.data.rel.ro.local.init_data
                0x0000000000008338       0x18 /home/erion/Projects/buildroot/output/host/aarch64-buildroot-linux-gnu/sysroot/usr/lib/../lib64/Scrt1.o
 .rela.data.rel.local.facilitynames
                0x0000000000008350      0x210 /home/erion/Projects/buildroot/output/host/aarch64-buildroot-linux-gnu/sysroot/usr/lib/../lib64/Scrt1.o
 .rela.data.rel.local.prioritynames
                0x0000000000008560      0x120 /home/erion/Projects/buildroot/output/host/aarch64-buildroot-linux-gnu/sysroot/usr/lib/../lib64/Scrt1.o
 .rela.data.rel.ro.local.i386_sys_types
                0x0000000000008680      0x4b0 /home/erion/Projects/buildroot/output/host/aarch64-buildroot-linux-gnu/sysroot/usr/lib/../lib64/Scrt1.o
 .rela.data.rel.ro.local.add_strings
                0x0000000000008b30       0x78 /home/erion/Projects/buildroot/output/host/aarch64-buildroot-linux-gnu/sysroot/usr/lib/../lib64/Scrt1.o
 .rela.data.rel.ro.local.fs2
                0x0000000000008ba8       0x60 /home/erion/Projects/buildroot/output/host/aarch64-buildroot-linux-gnu/sysroot/usr/lib/../lib64/Scrt1.o
 .rela.data.rel.ro.local.fs1
                0x0000000000008c08       0x48 /home/erion/Projects/buildroot/output/host/aarch64-buildroot-linux-gnu/sysroot/usr/lib/../lib64/Scrt1.o
 .rela.data.rel.ro.local.args.0
                0x0000000000008c50       0x30 /home/erion/Projects/buildroot/output/host/aarch64-buildroot-linux-gnu/sysroot/usr/lib/../lib64/Scrt1.o
 .rela.data.rel.ro.local.doux_bytes_to_XXX.5
                0x0000000000008c80       0x60 /home/erion/Projects/buildroot/output/host/aarch64-buildroot-linux-gnu/sysroot/usr/lib/../lib64/Scrt1.o
 .rela.data.rel.ro.local.capabilities
                0x0000000000008ce0      0x390 /home/erion/Projects/buildroot/output/host/aarch64-buildroot-linux-gnu/sysroot/usr/lib/../lib64/Scrt1.o
 .rela.data.rel.ro.local.console_names.0
                0x0000000000009070       0x48 /home/erion/Projects/buildroot/output/host/aarch64-buildroot-linux-gnu/sysroot/usr/lib/../lib64/Scrt1.o
 .rela.data.rel.ro.local.bb_argv_dash
                0x00000000000090b8       0x18 /home/erion/Projects/buildroot/output/host/aarch64-buildroot-linux-gnu/sysroot/usr/lib/../lib64/Scrt1.o
 *(SORT_BY_ALIGNMENT(.rela.tdata) SORT_BY_ALIGNMENT(.rela.tdata.*) SORT_BY_ALIGNMENT(.rela.gnu.linkonce.td.*))
 *(SORT_BY_ALIGNMENT(.rela.tbss) SORT_BY_ALIGNMENT(.rela.tbss.*) SORT_BY_ALIGNMENT(.rela.gnu.linkonce.tb.*))
 *(SORT_BY_ALIGNMENT(.rela.ctors))
 *(SORT_BY_ALIGNMENT(.rela.dtors))
 *(SORT_BY_ALIGNMENT(.rela.got))
 .rela.got      0x00000000000090d0      0x318 /home/erion/Projects/buildroot/output/host/aarch64-buildroot-linux-gnu/sysroot/usr/lib/../lib64/Scrt1.o
 *(SORT_BY_ALIGNMENT(.rela.bss) SORT_BY_ALIGNMENT(.rela.bss.*) SORT_BY_ALIGNMENT(.rela.gnu.linkonce.b.*))
 .rela.bss      0x00000000000093e8        0x0 /home/erion/Projects/buildroot/output/host/aarch64-buildroot-linux-gnu/sysroot/usr/lib/../lib64/Scrt1.o
 *(SORT_BY_ALIGNMENT(.rela.ifunc))
 .rela.ifunc    0x00000000000093e8        0x0 /home/erion/Projects/buildroot/output/host/aarch64-buildroot-linux-gnu/sysroot/usr/lib/../lib64/Scrt1.o
 .rela.fini_array
                0x00000000000093e8       0x18 /home/erion/Projects/buildroot/output/host/aarch64-buildroot-linux-gnu/sysroot/usr/lib/../lib64/Scrt1.o
 .rela.init_array
                0x0000000000009400       0x18 /home/erion/Projects/buildroot/output/host/aarch64-buildroot-linux-gnu/sysroot/usr/lib/../lib64/Scrt1.o

.rela.plt       0x0000000000009418     0x21f0
 *(SORT_BY_ALIGNMENT(.rela.plt))
 .rela.plt      0x0000000000009418     0x21f0 /home/erion/Projects/buildroot/output/host/aarch64-buildroot-linux-gnu/sysroot/usr/lib/../lib64/Scrt1.o
 *(SORT_BY_ALIGNMENT(.rela.iplt))

.init           0x000000000000b608       0x18
 *(SORT_NONE(.init))
 .init          0x000000000000b608       0x10 /home/erion/Projects/buildroot/output/host/aarch64-buildroot-linux-gnu/sysroot/usr/lib/../lib64/crti.o
                0x000000000000b608                _init
 .init          0x000000000000b618        0x8 /home/erion/Projects/buildroot/output/host/aarch64-buildroot-linux-gnu/sysroot/usr/lib/../lib64/crtn.o

.plt            0x000000000000b620     0x16c0
 *(SORT_BY_ALIGNMENT(.plt))
 .plt           0x000000000000b620     0x16c0 /home/erion/Projects/buildroot/output/host/aarch64-buildroot-linux-gnu/sysroot/usr/lib/../lib64/Scrt1.o
 *(SORT_BY_ALIGNMENT(.iplt))

.text           0x000000000000cd00    0x90f44
 *(SORT_BY_ALIGNMENT(.text.unlikely) SORT_BY_ALIGNMENT(.text.*_unlikely) SORT_BY_ALIGNMENT(.text.unlikely.*))
 *(SORT_BY_ALIGNMENT(.text.exit) SORT_BY_ALIGNMENT(.text.exit.*))
 *(SORT_BY_ALIGNMENT(.text.startup) SORT_BY_ALIGNMENT(.text.startup.*))
 *(SORT_BY_ALIGNMENT(.text.hot) SORT_BY_ALIGNMENT(.text.hot.*))
 *(SORT_BY_NAME(SORT_BY_ALIGNMENT(.text.sorted.*)))
 *(SORT_BY_ALIGNMENT(.text) SORT_BY_ALIGNMENT(.stub) SORT_BY_ALIGNMENT(.text.*) SORT_BY_ALIGNMENT(.gnu.linkonce.t.*))
 .text          0x000000000000cd00       0x34 /home/erion/Projects/buildroot/output/host/aarch64-buildroot-linux-gnu/sysroot/usr/lib/../lib64/Scrt1.o
                0x000000000000cd00                _start
 *fill*         0x000000000000cd34        0xc 1f2003d5
 .text          0x000000000000cd40       0xc4 /home/erion/Projects/buildroot/output/host/lib/gcc/aarch64-buildroot-linux-gnu/12.3.0/crtbeginS.o
 .text          0x000000000000ce04       0x14 /home/erion/Projects/buildroot/output/host/aarch64-buildroot-linux-gnu/sysroot/usr/lib/../lib64/crti.o
 .text.string_array_len
                0x000000000000ce18       0x20 libbb/lib.a(appletlib.o)
                0x000000000000ce18                string_array_len
 .text.find_applet_by_name
                0x000000000000ce38       0xa8 libbb/lib.a(appletlib.o)
                0x000000000000ce38                find_applet_by_name
 .text.bb_show_usage
                0x000000000000cee0       0xb0 libbb/lib.a(appletlib.o)
                0x000000000000cee0                bb_show_usage
 .text.find_script_by_name
                0x000000000000cf90       0x38 libbb/lib.a(appletlib.o)
 .text.scripted_main
                0x000000000000cfc8       0x34 libbb/lib.a(appletlib.o)
                0x000000000000cfc8                scripted_main
 .text.lbb_prepare
                0x000000000000cffc       0x24 libbb/lib.a(appletlib.o)
                0x000000000000cffc                lbb_prepare
 .text.get_script_content
                0x000000000000d020       0x3c libbb/lib.a(appletlib.o)
                0x000000000000d020                get_script_content
 .text.show_usage_if_dash_dash_help
                0x000000000000d05c       0x60 libbb/lib.a(appletlib.o)
                0x000000000000d05c                show_usage_if_dash_dash_help
 .text.run_applet_no_and_exit
                0x000000000000d0bc       0xb4 libbb/lib.a(appletlib.o)
                0x000000000000d0bc                run_applet_no_and_exit
 .text.run_applet_and_exit
                0x000000000000d170      0x3a4 libbb/lib.a(appletlib.o)
 .text.main     0x000000000000d514       0x70 libbb/lib.a(appletlib.o)
                0x000000000000d514                main
 .text.is_prefixed_with
                0x000000000000d584       0x30 libbb/lib.a(compare_string_array.o)
                0x000000000000d584                is_prefixed_with
 .text.is_suffixed_with
                0x000000000000d5b4       0x5c libbb/lib.a(compare_string_array.o)
                0x000000000000d5b4                is_suffixed_with
 .text.index_in_strings
                0x000000000000d610       0x4c libbb/lib.a(compare_string_array.o)
                0x000000000000d610                index_in_strings
 .text.index_in_substrings
                0x000000000000d65c       0x98 libbb/lib.a(compare_string_array.o)
                0x000000000000d65c                index_in_substrings
 .text.nth_string
                0x000000000000d6f4       0x20 libbb/lib.a(compare_string_array.o)
                0x000000000000d6f4                nth_string
 .text.concat_path_file
                0x000000000000d714       0x74 libbb/lib.a(concat_path_file.o)
                0x000000000000d714                concat_path_file
 .text.bb_basename
                0x000000000000d788       0x24 libbb/lib.a(get_last_path_component.o)
                0x000000000000d788                bb_basename
 .text.bb_get_last_path_component_nostrip
                0x000000000000d7ac       0x38 libbb/lib.a(get_last_path_component.o)
                0x000000000000d7ac                bb_get_last_path_component_nostrip
 .text.bb_get_last_path_component_strip
                0x000000000000d7e4       0x3c libbb/lib.a(get_last_path_component.o)
                0x000000000000d7e4                bb_get_last_path_component_strip
 .text.last_char_is
                0x000000000000d820       0x30 libbb/lib.a(last_char_is.o)
                0x000000000000d820                last_char_is
 .text.bb_perror_msg
                0x000000000000d850       0xcc libbb/lib.a(perror_msg.o)
                0x000000000000d850                bb_perror_msg
 .text.bb_perror_msg_and_die
                0x000000000000d91c       0xa8 libbb/lib.a(perror_msg.o)
                0x000000000000d91c                bb_perror_msg_and_die
 .text.bb_simple_perror_msg
                0x000000000000d9c4       0x10 libbb/lib.a(perror_msg.o)
                0x000000000000d9c4                bb_simple_perror_msg
 .text.bb_simple_perror_msg_and_die
                0x000000000000d9d4       0x14 libbb/lib.a(perror_msg.o)
                0x000000000000d9d4                bb_simple_perror_msg_and_die
 .text.bb_verror_msg
                0x000000000000d9e8      0x264 libbb/lib.a(verror_msg.o)
                0x000000000000d9e8                bb_verror_msg
 .text.bb_error_msg_and_die
                0x000000000000dc4c       0x88 libbb/lib.a(verror_msg.o)
                0x000000000000dc4c                bb_error_msg_and_die
 .text.bb_error_msg
                0x000000000000dcd4       0xb0 libbb/lib.a(verror_msg.o)
                0x000000000000dcd4                bb_error_msg
 .text.bb_vinfo_msg
                0x000000000000dd84       0x38 libbb/lib.a(verror_msg.o)
                0x000000000000dd84                bb_vinfo_msg
 .text.bb_info_msg
                0x000000000000ddbc       0xac libbb/lib.a(verror_msg.o)
                0x000000000000ddbc                bb_info_msg
 .text.bb_simple_info_msg
                0x000000000000de68       0x10 libbb/lib.a(verror_msg.o)
                0x000000000000de68                bb_simple_info_msg
 .text.bb_simple_error_msg
                0x000000000000de78       0x10 libbb/lib.a(verror_msg.o)
                0x000000000000de78                bb_simple_error_msg
 .text.bb_simple_error_msg_and_die
                0x000000000000de88       0x14 libbb/lib.a(verror_msg.o)
                0x000000000000de88                bb_simple_error_msg_and_die
 .text.xfunc_die
                0x000000000000de9c       0x20 libbb/lib.a(xfunc_die.o)
                0x000000000000de9c                xfunc_die
 .text.ndelay_on
                0x000000000000debc       0x3c libbb/lib.a(xfuncs.o)
                0x000000000000debc                ndelay_on
 .text.ndelay_off
                0x000000000000def8       0x3c libbb/lib.a(xfuncs.o)
                0x000000000000def8                ndelay_off
 .text.close_on_exec_on
                0x000000000000df34        0xc libbb/lib.a(xfuncs.o)
                0x000000000000df34                close_on_exec_on
 .text.strncpy_IFNAMSIZ
                0x000000000000df40        0x8 libbb/lib.a(xfuncs.o)
                0x000000000000df40                strncpy_IFNAMSIZ
 .text.utoa_to_buf
                0x000000000000df48       0x64 libbb/lib.a(xfuncs.o)
                0x000000000000df48                utoa_to_buf
 .text.itoa_to_buf
                0x000000000000dfac       0x24 libbb/lib.a(xfuncs.o)
                0x000000000000dfac                itoa_to_buf
 .text.utoa     0x000000000000dfd0       0x28 libbb/lib.a(xfuncs.o)
                0x000000000000dfd0                utoa
 .text.itoa     0x000000000000dff8       0x28 libbb/lib.a(xfuncs.o)
                0x000000000000dff8                itoa
 .text.bin2hex  0x000000000000e020       0x50 libbb/lib.a(xfuncs.o)
                0x000000000000e020                bin2hex
 .text.hex2bin  0x000000000000e070       0xf4 libbb/lib.a(xfuncs.o)
                0x000000000000e070                hex2bin
 .text.bb_putchar_stderr
                0x000000000000e164       0x20 libbb/lib.a(xfuncs.o)
                0x000000000000e164                bb_putchar_stderr
 .text.full_write1_str
                0x000000000000e184       0x20 libbb/lib.a(xfuncs.o)
                0x000000000000e184                full_write1_str
 .text.full_write2_str
                0x000000000000e1a4       0x20 libbb/lib.a(xfuncs.o)
                0x000000000000e1a4                full_write2_str
 .text.get_terminal_width_height
                0x000000000000e1c4      0x170 libbb/lib.a(xfuncs.o)
                0x000000000000e1c4                get_terminal_width_height
 .text.get_terminal_width
                0x000000000000e334       0x4c libbb/lib.a(xfuncs.o)
                0x000000000000e334                get_terminal_width
 .text.is_TERM_dumb
                0x000000000000e380       0x3c libbb/lib.a(xfuncs.o)
                0x000000000000e380                is_TERM_dumb
 .text.tcsetattr_stdin_TCSANOW
                0x000000000000e3bc       0x10 libbb/lib.a(xfuncs.o)
                0x000000000000e3bc                tcsetattr_stdin_TCSANOW
 .text.get_termios_and_make_raw
                0x000000000000e3cc       0xb8 libbb/lib.a(xfuncs.o)
                0x000000000000e3cc                get_termios_and_make_raw
 .text.set_termios_to_raw
                0x000000000000e484       0x70 libbb/lib.a(xfuncs.o)
                0x000000000000e484                set_termios_to_raw
 .text.safe_waitpid
                0x000000000000e4f4       0x54 libbb/lib.a(xfuncs.o)
                0x000000000000e4f4                safe_waitpid
 .text.wait_any_nohang
                0x000000000000e548       0x10 libbb/lib.a(xfuncs.o)
                0x000000000000e548                wait_any_nohang
 .text.wait4pid
                0x000000000000e558       0x8c libbb/lib.a(xfuncs.o)
                0x000000000000e558                wait4pid
 .text.exit_SUCCESS
                0x000000000000e5e4        0xc libbb/lib.a(xfuncs.o)
                0x000000000000e5e4                exit_SUCCESS
 .text._exit_SUCCESS
                0x000000000000e5f0        0xc libbb/lib.a(xfuncs.o)
                0x000000000000e5f0                _exit_SUCCESS
 .text.bb_die_memory_exhausted
                0x000000000000e5fc       0x10 libbb/lib.a(xfuncs_printf.o)
                0x000000000000e5fc                bb_die_memory_exhausted
 .text.malloc_or_warn
                0x000000000000e60c       0x3c libbb/lib.a(xfuncs_printf.o)
                0x000000000000e60c                malloc_or_warn
 .text.xmalloc  0x000000000000e648       0x24 libbb/lib.a(xfuncs_printf.o)
                0x000000000000e648                xmalloc
 .text.xrealloc
                0x000000000000e66c       0x24 libbb/lib.a(xfuncs_printf.o)
                0x000000000000e66c                xrealloc
 .text.xzalloc  0x000000000000e690       0x30 libbb/lib.a(xfuncs_printf.o)
                0x000000000000e690                xzalloc
 .text.xstrdup  0x000000000000e6c0       0x20 libbb/lib.a(xfuncs_printf.o)
                0x000000000000e6c0                xstrdup
 .text.xstrndup
                0x000000000000e6e0       0x18 libbb/lib.a(xfuncs_printf.o)
                0x000000000000e6e0                xstrndup
 .text.xmemdup  0x000000000000e6f8       0x2c libbb/lib.a(xfuncs_printf.o)
                0x000000000000e6f8                xmemdup
 .text.mmap_anon
                0x000000000000e724       0x1c libbb/lib.a(xfuncs_printf.o)
                0x000000000000e724                mmap_anon
 .text.xmmap_anon
                0x000000000000e740       0x1c libbb/lib.a(xfuncs_printf.o)
                0x000000000000e740                xmmap_anon
 .text.xfopen   0x000000000000e75c       0x28 libbb/lib.a(xfuncs_printf.o)
                0x000000000000e75c                xfopen
 .text.xopen3   0x000000000000e784       0x28 libbb/lib.a(xfuncs_printf.o)
                0x000000000000e784                xopen3
 .text.xopen    0x000000000000e7ac        0x8 libbb/lib.a(xfuncs_printf.o)
                0x000000000000e7ac                xopen
 .text.open3_or_warn
                0x000000000000e7b4       0x38 libbb/lib.a(xfuncs_printf.o)
                0x000000000000e7b4                open3_or_warn
 .text.open_or_warn
                0x000000000000e7ec        0x8 libbb/lib.a(xfuncs_printf.o)
                0x000000000000e7ec                open_or_warn
 .text.xopen_nonblocking
                0x000000000000e7f4        0x8 libbb/lib.a(xfuncs_printf.o)
                0x000000000000e7f4                xopen_nonblocking
 .text.xunlink  0x000000000000e7fc       0x28 libbb/lib.a(xfuncs_printf.o)
                0x000000000000e7fc                xunlink
 .text.xrename  0x000000000000e824       0x38 libbb/lib.a(xfuncs_printf.o)
                0x000000000000e824                xrename
 .text.xpipe    0x000000000000e85c       0x20 libbb/lib.a(xfuncs_printf.o)
                0x000000000000e85c                xpipe
 .text.xdup2    0x000000000000e87c       0x28 libbb/lib.a(xfuncs_printf.o)
                0x000000000000e87c                xdup2
 .text.xmove_fd
                0x000000000000e8a4       0x24 libbb/lib.a(xfuncs_printf.o)
                0x000000000000e8a4                xmove_fd
 .text.xwrite   0x000000000000e8c8       0x40 libbb/lib.a(xfuncs_printf.o)
                0x000000000000e8c8                xwrite
 .text.xwrite_str
                0x000000000000e908       0x30 libbb/lib.a(xfuncs_printf.o)
                0x000000000000e908                xwrite_str
 .text.xclose   0x000000000000e938       0x20 libbb/lib.a(xfuncs_printf.o)
                0x000000000000e938                xclose
 .text.xlseek   0x000000000000e958       0x3c libbb/lib.a(xfuncs_printf.o)
                0x000000000000e958                xlseek
 .text.xmkstemp
                0x000000000000e994       0x28 libbb/lib.a(xfuncs_printf.o)
                0x000000000000e994                xmkstemp
 .text.die_if_ferror
                0x000000000000e9bc       0x28 libbb/lib.a(xfuncs_printf.o)
                0x000000000000e9bc                die_if_ferror
 .text.die_if_ferror_stdout
                0x000000000000e9e4       0x18 libbb/lib.a(xfuncs_printf.o)
                0x000000000000e9e4                die_if_ferror_stdout
 .text.fflush_all
                0x000000000000e9fc        0x8 libbb/lib.a(xfuncs_printf.o)
                0x000000000000e9fc                fflush_all
 .text.bb_putchar
                0x000000000000ea04        0x4 libbb/lib.a(xfuncs_printf.o)
                0x000000000000ea04                bb_putchar
 .text.fputs_stdout
                0x000000000000ea08       0x10 libbb/lib.a(xfuncs_printf.o)
                0x000000000000ea08                fputs_stdout
 .text.xasprintf
                0x000000000000ea18       0xc0 libbb/lib.a(xfuncs_printf.o)
                0x000000000000ea18                xasprintf
 .text.xsetenv  0x000000000000ead8       0x1c libbb/lib.a(xfuncs_printf.o)
                0x000000000000ead8                xsetenv
 .text.bb_unsetenv
                0x000000000000eaf4       0xac libbb/lib.a(xfuncs_printf.o)
                0x000000000000eaf4                bb_unsetenv
 .text.bb_unsetenv_and_free
                0x000000000000eba0       0x18 libbb/lib.a(xfuncs_printf.o)
                0x000000000000eba0                bb_unsetenv_and_free
 .text.xsetgid  0x000000000000ebb8       0x20 libbb/lib.a(xfuncs_printf.o)
                0x000000000000ebb8                xsetgid
 .text.xsetuid  0x000000000000ebd8       0x20 libbb/lib.a(xfuncs_printf.o)
                0x000000000000ebd8                xsetuid
 .text.xsetegid
                0x000000000000ebf8       0x20 libbb/lib.a(xfuncs_printf.o)
                0x000000000000ebf8                xsetegid
 .text.xseteuid
                0x000000000000ec18       0x20 libbb/lib.a(xfuncs_printf.o)
                0x000000000000ec18                xseteuid
 .text.xopen_as_uid_gid
                0x000000000000ec38       0x78 libbb/lib.a(xfuncs_printf.o)
                0x000000000000ec38                xopen_as_uid_gid
 .text.chdir_or_warn
                0x000000000000ecb0       0x38 libbb/lib.a(xfuncs_printf.o)
                0x000000000000ecb0                chdir_or_warn
 .text.xchdir   0x000000000000ece8       0x18 libbb/lib.a(xfuncs_printf.o)
                0x000000000000ece8                xchdir
 .text.xfchdir  0x000000000000ed00       0x20 libbb/lib.a(xfuncs_printf.o)
                0x000000000000ed00                xfchdir
 .text.xchroot  0x000000000000ed20       0x30 libbb/lib.a(xfuncs_printf.o)
                0x000000000000ed20                xchroot
 .text.warn_opendir
                0x000000000000ed50       0x38 libbb/lib.a(xfuncs_printf.o)
                0x000000000000ed50                warn_opendir
 .text.xopendir
                0x000000000000ed88       0x28 libbb/lib.a(xfuncs_printf.o)
                0x000000000000ed88                xopendir
 .text.xsocket  0x000000000000edb0       0x20 libbb/lib.a(xfuncs_printf.o)
                0x000000000000edb0                xsocket
 .text.xbind    0x000000000000edd0       0x20 libbb/lib.a(xfuncs_printf.o)
                0x000000000000edd0                xbind
 .text.xsendto  0x000000000000edf0       0x2c libbb/lib.a(xfuncs_printf.o)
                0x000000000000edf0                xsendto
 .text.xstat    0x000000000000ee1c       0x28 libbb/lib.a(xfuncs_printf.o)
                0x000000000000ee1c                xstat
 .text.xfstat   0x000000000000ee44       0x20 libbb/lib.a(xfuncs_printf.o)
                0x000000000000ee44                xfstat
 .text.ioctl_or_perror_and_die
                0x000000000000ee64       0xc8 libbb/lib.a(xfuncs_printf.o)
                0x000000000000ee64                ioctl_or_perror_and_die
 .text.ioctl_or_perror
                0x000000000000ef2c       0xd4 libbb/lib.a(xfuncs_printf.o)
                0x000000000000ef2c                ioctl_or_perror
 .text.bb_ioctl_or_warn
                0x000000000000f000       0x34 libbb/lib.a(xfuncs_printf.o)
                0x000000000000f000                bb_ioctl_or_warn
 .text.bb_xioctl
                0x000000000000f034       0x24 libbb/lib.a(xfuncs_printf.o)
                0x000000000000f034                bb_xioctl
 .text.xmalloc_ttyname
                0x000000000000f058       0x64 libbb/lib.a(xfuncs_printf.o)
                0x000000000000f058                xmalloc_ttyname
 .text.generate_uuid
                0x000000000000f0bc       0x90 libbb/lib.a(xfuncs_printf.o)
                0x000000000000f0bc                generate_uuid
 .text.xfork    0x000000000000f14c       0x20 libbb/lib.a(xfuncs_printf.o)
                0x000000000000f14c                xfork
 .text.wait_for_exitstatus
                0x000000000000f16c       0x5c libbb/lib.a(xfuncs_printf.o)
                0x000000000000f16c                wait_for_exitstatus
 .text.xsettimeofday
                0x000000000000f1c8       0x24 libbb/lib.a(xfuncs_printf.o)
                0x000000000000f1c8                xsettimeofday
 .text.xgettimeofday
                0x000000000000f1ec        0x8 libbb/lib.a(xfuncs_printf.o)
                0x000000000000f1ec                xgettimeofday
 .text.xmalloc_readlink
                0x000000000000f1f4       0x70 libbb/lib.a(xreadlink.o)
                0x000000000000f1f4                xmalloc_readlink
 .text.xmalloc_follow_symlinks
                0x000000000000f264       0xc8 libbb/lib.a(xreadlink.o)
                0x000000000000f264                xmalloc_follow_symlinks
 .text.xmalloc_readlink_or_warn
                0x000000000000f32c       0x60 libbb/lib.a(xreadlink.o)
                0x000000000000f32c                xmalloc_readlink_or_warn
 .text.xmalloc_realpath
                0x000000000000f38c        0x8 libbb/lib.a(xreadlink.o)
                0x000000000000f38c                xmalloc_realpath
 .text.xmalloc_realpath_coreutils
                0x000000000000f394      0x18c libbb/lib.a(xreadlink.o)
                0x000000000000f394                xmalloc_realpath_coreutils
 .text.bb_full_fd_action
                0x000000000000f520      0x180 libbb/lib.a(copyfd.o)
 .text.bb_copyfd_size
                0x000000000000f6a0       0x10 libbb/lib.a(copyfd.o)
                0x000000000000f6a0                bb_copyfd_size
 .text.bb_copyfd_exact_size
                0x000000000000f6b0       0x3c libbb/lib.a(copyfd.o)
                0x000000000000f6b0                bb_copyfd_exact_size
 .text.bb_copyfd_eof
                0x000000000000f6ec        0x8 libbb/lib.a(copyfd.o)
                0x000000000000f6ec                bb_copyfd_eof
 .text.full_write
                0x000000000000f6f4       0x60 libbb/lib.a(full_write.o)
                0x000000000000f6f4                full_write
 .text.safe_read
                0x000000000000f754       0x58 libbb/lib.a(read.o)
                0x000000000000f754                safe_read
 .text.full_read
                0x000000000000f7ac       0x68 libbb/lib.a(read.o)
                0x000000000000f7ac                full_read
 .text.read_close
                0x000000000000f814       0x2c libbb/lib.a(read.o)
                0x000000000000f814                read_close
 .text.open_read_close
                0x000000000000f840       0x40 libbb/lib.a(read.o)
                0x000000000000f840                open_read_close
 .text.safe_write
                0x000000000000f880       0x58 libbb/lib.a(safe_write.o)
                0x000000000000f880                safe_write
 .text.record_signo
                0x000000000000f8d8        0xc libbb/lib.a(signals.o)
                0x000000000000f8d8                record_signo
 .text.sigaction_set
                0x000000000000f8e4        0x8 libbb/lib.a(signals.o)
                0x000000000000f8e4                sigaction_set
 .text.sigprocmask_allsigs
                0x000000000000f8ec       0x68 libbb/lib.a(signals.o)
                0x000000000000f8ec                sigprocmask_allsigs
 .text.sigprocmask2
                0x000000000000f954        0x8 libbb/lib.a(signals.o)
                0x000000000000f954                sigprocmask2
 .text.bb_signals
                0x000000000000f95c       0x54 libbb/lib.a(signals.o)
                0x000000000000f95c                bb_signals
 .text.bb_signals_norestart
                0x000000000000f9b0       0x9c libbb/lib.a(signals.o)
                0x000000000000f9b0                bb_signals_norestart
 .text.sig_unblock
                0x000000000000fa4c       0x74 libbb/lib.a(signals.o)
                0x000000000000fa4c                sig_unblock
 .text.kill_myself_with_sig
                0x000000000000fac0       0x28 libbb/lib.a(signals.o)
                0x000000000000fac0                kill_myself_with_sig
 .text.signal_SA_RESTART_empty_mask
                0x000000000000fae8       0x74 libbb/lib.a(signals.o)
                0x000000000000fae8                signal_SA_RESTART_empty_mask
 .text.signal_no_SA_RESTART_empty_mask
                0x000000000000fb5c       0x6c libbb/lib.a(signals.o)
                0x000000000000fb5c                signal_no_SA_RESTART_empty_mask
 .text.get_mono
                0x000000000000fbc8       0x28 libbb/lib.a(time.o)
 .text.parse_datestr
                0x000000000000fbf0      0x3a4 libbb/lib.a(time.o)
                0x000000000000fbf0                parse_datestr
 .text.validate_tm_time
                0x000000000000ff94       0x30 libbb/lib.a(time.o)
                0x000000000000ff94                validate_tm_time
 .text.strftime_HHMMSS
                0x000000000000ffc4       0x88 libbb/lib.a(time.o)
                0x000000000000ffc4                strftime_HHMMSS
 .text.strftime_YYYYMMDDHHMMSS
                0x000000000001004c       0x88 libbb/lib.a(time.o)
                0x000000000001004c                strftime_YYYYMMDDHHMMSS
 .text.monotonic_us
                0x00000000000100d4       0x64 libbb/lib.a(time.o)
                0x00000000000100d4                monotonic_us
 .text.monotonic_ms
                0x0000000000010138       0x64 libbb/lib.a(time.o)
                0x0000000000010138                monotonic_ms
 .text.monotonic_sec
                0x000000000001019c       0x4c libbb/lib.a(time.o)
                0x000000000001019c                monotonic_sec
 .text.xrealloc_getcwd_or_warn
                0x00000000000101e8       0x94 libbb/lib.a(xgetcwd.o)
                0x00000000000101e8                xrealloc_getcwd_or_warn
 .text.handle_errors.isra.0
                0x000000000001027c       0x58 libbb/lib.a(bb_strtonum.o)
 .text.bb_strtoull
                0x00000000000102d4       0xa4 libbb/lib.a(bb_strtonum.o)
                0x00000000000102d4                bb_strtoull
 .text.bb_strtoll
                0x0000000000010378       0xb0 libbb/lib.a(bb_strtonum.o)
                0x0000000000010378                bb_strtoll
 .text.bb_strtou
                0x0000000000010428       0xb8 libbb/lib.a(bb_strtonum.o)
                0x0000000000010428                bb_strtou
 .text.bb_strtoi
                0x00000000000104e0       0xd0 libbb/lib.a(bb_strtonum.o)
                0x00000000000104e0                bb_strtoi
 .text.addgroup_main
                0x00000000000105b0      0x19c loginutils/lib.a(addgroup.o)
                0x00000000000105b0                addgroup_main
 .text.addgroup_wrapper
                0x000000000001074c       0xa4 loginutils/lib.a(adduser.o)
 .text.adduser_main
                0x00000000000107f0      0x3f4 loginutils/lib.a(adduser.o)
                0x00000000000107f0                adduser_main
 .text.cryptpw_main
                0x0000000000010be4      0x13c loginutils/lib.a(cryptpw.o)
                0x0000000000010be4                cryptpw_main
 .text.deluser_main
                0x0000000000010d20      0x1d4 loginutils/lib.a(deluser.o)
                0x0000000000010d20                deluser_main
 .text.sleep10  0x0000000000010ef4        0x8 loginutils/lib.a(getty.o)
 .text.bcode    0x0000000000010efc       0x24 loginutils/lib.a(getty.o)
 .text.set_tty_attrs
                0x0000000000010f20       0x2c loginutils/lib.a(getty.o)
 .text.finalize_tty_attrs
                0x0000000000010f4c       0x70 loginutils/lib.a(getty.o)
 .text.alarm_handler
                0x0000000000010fbc        0xc loginutils/lib.a(getty.o)
 .text.getty_main
                0x0000000000010fc8      0x744 loginutils/lib.a(getty.o)
                0x0000000000010fc8                getty_main
 .text.alarm_handler
                0x000000000001170c       0x3c loginutils/lib.a(login.o)
 .text.login_main
                0x0000000000011748      0x474 loginutils/lib.a(login.o)
                0x0000000000011748                login_main
 .text.passwd_main
                0x0000000000011bbc      0x440 loginutils/lib.a(passwd.o)
                0x0000000000011bbc                passwd_main
 .text.su_main  0x0000000000011ffc      0x238 loginutils/lib.a(su.o)
                0x0000000000011ffc                su_main
 .text.sulogin_main
                0x0000000000012234      0x1d4 loginutils/lib.a(sulogin.o)
                0x0000000000012234                sulogin_main
 .text.acquire_vt
                0x0000000000012408       0x10 loginutils/lib.a(vlock.o)
 .text.release_vt
                0x0000000000012418       0x1c loginutils/lib.a(vlock.o)
 .text.vlock_main
                0x0000000000012434      0x1b8 loginutils/lib.a(vlock.o)
                0x0000000000012434                vlock_main
 .text.ascii_main
                0x00000000000125ec      0x130 miscutils/lib.a(ascii.o)
                0x00000000000125ec                ascii_main
 .text.bc_vec_pop
                0x000000000001271c       0x2c miscutils/lib.a(bc.o)
 .text.bc_vec_npop
                0x0000000000012748       0x54 miscutils/lib.a(bc.o)
 .text.bc_vec_pop_all
                0x000000000001279c        0x8 miscutils/lib.a(bc.o)
 .text.bc_vec_item_rev
                0x00000000000127a4       0x1c miscutils/lib.a(bc.o)
 .text.bc_vec_top
                0x00000000000127c0       0x18 miscutils/lib.a(bc.o)
 .text.xc_program_func
                0x00000000000127d8       0x18 miscutils/lib.a(bc.o)
 .text.bc_program_current_func
                0x00000000000127f0       0x20 miscutils/lib.a(bc.o)
 .text.xc_program_str
                0x0000000000012810       0x4c miscutils/lib.a(bc.o)
 .text.bc_num_one
                0x000000000001285c       0x18 miscutils/lib.a(bc.o)
 .text.bc_num_subArrays
                0x0000000000012874       0x4c miscutils/lib.a(bc.o)
 .text.BC_NUM_MREQ
                0x00000000000128c0       0x2c miscutils/lib.a(bc.o)
 .text.bc_num_cmp
                0x00000000000128ec      0x11c miscutils/lib.a(bc.o)
 .text.bc_num_clean
                0x0000000000012a08       0x3c miscutils/lib.a(bc.o)
 .text.xc_lex_lineComment
                0x0000000000012a44       0x34 miscutils/lib.a(bc.o)
 .text.xc_lex_whitespace
                0x0000000000012a78       0x44 miscutils/lib.a(bc.o)
 .text.parse_lex_by_checking_eq_sign
                0x0000000000012abc       0x30 miscutils/lib.a(bc.o)
 .text.xc_program_reset
                0x0000000000012aec       0x4c miscutils/lib.a(bc.o)
 .text.bc_parse_inst_isLeaf
                0x0000000000012b38       0x18 miscutils/lib.a(bc.o)
 .text.rewrite_label_to_current
                0x0000000000012b50       0x24 miscutils/lib.a(bc.o)
 .text.xc_program_index
                0x0000000000012b74       0x5c miscutils/lib.a(bc.o)
 .text.bc_vec_init
                0x0000000000012bd0       0x28 miscutils/lib.a(bc.o)
 .text.bc_char_vec_init
                0x0000000000012bf8        0xc miscutils/lib.a(bc.o)
 .text.bc_func_init
                0x0000000000012c04       0x6c miscutils/lib.a(bc.o)
 .text.bc_num_init
                0x0000000000012c70       0x38 miscutils/lib.a(bc.o)
 .text.bc_num_init_DEF_SIZE
                0x0000000000012ca8        0x8 miscutils/lib.a(bc.o)
 .text.bc_num_free
                0x0000000000012cb0        0x8 miscutils/lib.a(bc.o)
 .text.bc_result_free
                0x0000000000012cb8       0x30 miscutils/lib.a(bc.o)
 .text.bc_string_free
                0x0000000000012ce8        0x8 miscutils/lib.a(bc.o)
 .text.bc_vec_free
                0x0000000000012cf0       0x18 miscutils/lib.a(bc.o)
 .text.bc_func_free
                0x0000000000012d08       0x30 miscutils/lib.a(bc.o)
 .text.xc_parse_free
                0x0000000000012d38       0x30 miscutils/lib.a(bc.o)
 .text.bc_id_free
                0x0000000000012d68        0x8 miscutils/lib.a(bc.o)
 .text.xc_parse_create
                0x0000000000012d70       0x78 miscutils/lib.a(bc.o)
 .text.bc_map_find_ge
                0x0000000000012de8       0x78 miscutils/lib.a(bc.o)
 .text.bc_vec_grow
                0x0000000000012e60       0x4c miscutils/lib.a(bc.o)
 .text.bc_vec_expand
                0x0000000000012eac       0x40 miscutils/lib.a(bc.o)
 .text.bc_num_expand
                0x0000000000012eec       0x44 miscutils/lib.a(bc.o)
 .text.bc_num_ulong2num
                0x0000000000012f30       0x64 miscutils/lib.a(bc.o)
 .text.bc_num_truncate
                0x0000000000012f94       0x30 miscutils/lib.a(bc.o)
 .text.bc_vec_npush
                0x0000000000012fc4       0x5c miscutils/lib.a(bc.o)
 .text.bc_vec_push
                0x0000000000013020        0xc miscutils/lib.a(bc.o)
 .text.xc_program_add_fn
                0x000000000001302c       0x60 miscutils/lib.a(bc.o)
 .text.bc_array_expand
                0x000000000001308c       0xb4 miscutils/lib.a(bc.o)
 .text.bc_array_init
                0x0000000000013140       0x3c miscutils/lib.a(bc.o)
 .text.bc_num_extend
                0x000000000001317c       0x70 miscutils/lib.a(bc.o)
 .text.bc_num_retireMul
                0x00000000000131ec       0x58 miscutils/lib.a(bc.o)
 .text.bc_args  0x0000000000013244       0xb8 miscutils/lib.a(bc.o)
 .text.bc_verror_msg
                0x00000000000132fc       0x84 miscutils/lib.a(bc.o)
 .text.zbc_posix_error_fmt
                0x0000000000013380       0xe4 miscutils/lib.a(bc.o)
 .text.bc_error_fmt
                0x0000000000013464       0xc8 miscutils/lib.a(bc.o)
 .text.bc_error
                0x000000000001352c       0x10 miscutils/lib.a(bc.o)
 .text.zbc_func_insert
                0x000000000001353c       0xe8 miscutils/lib.a(bc.o)
 .text.zbc_num_shift
                0x0000000000013624       0x74 miscutils/lib.a(bc.o)
 .text.bc_error_variable_is_wrong_type
                0x0000000000013698        0xc miscutils/lib.a(bc.o)
 .text.zbc_num_ulong_abs
                0x00000000000136a4       0x4c miscutils/lib.a(bc.o)
 .text.zbc_num_ulong
                0x00000000000136f0       0x18 miscutils/lib.a(bc.o)
 .text.bc_error_stack_has_too_few_elements
                0x0000000000013708        0xc miscutils/lib.a(bc.o)
 .text.bad_input_byte
                0x0000000000013714       0x50 miscutils/lib.a(bc.o)
 .text.bc_error_bad_character
                0x0000000000013764       0x20 miscutils/lib.a(bc.o)
 .text.xc_program_name
                0x0000000000013784       0x38 miscutils/lib.a(bc.o)
 .text.xc_parse_pushName
                0x00000000000137bc       0x5c miscutils/lib.a(bc.o)
 .text.bc_num_copy
                0x0000000000013818       0x4c miscutils/lib.a(bc.o)
 .text.zbc_num_a
                0x0000000000013864      0x18c miscutils/lib.a(bc.o)
 .text.bc_num_init_and_copy
                0x00000000000139f0       0x2c miscutils/lib.a(bc.o)
 .text.zbc_num_s
                0x0000000000013a1c      0x120 miscutils/lib.a(bc.o)
 .text.bc_num_split
                0x0000000000013b3c       0x88 miscutils/lib.a(bc.o)
 .text.fflush_and_check
                0x0000000000013bc4       0x44 miscutils/lib.a(bc.o)
 .text.quit     0x0000000000013c08       0x30 miscutils/lib.a(bc.o)
 .text.bc_error_at
                0x0000000000013c38       0x60 miscutils/lib.a(bc.o)
 .text.bc_error_bad_expression
                0x0000000000013c98        0xc miscutils/lib.a(bc.o)
 .text.bc_error_bad_token
                0x0000000000013ca4        0xc miscutils/lib.a(bc.o)
 .text.bc_num_printNewline
                0x0000000000013cb0       0x38 miscutils/lib.a(bc.o)
 .text.bc_num_printHex
                0x0000000000013ce8       0x64 miscutils/lib.a(bc.o)
 .text.bc_num_printDigits
                0x0000000000013d4c       0xc4 miscutils/lib.a(bc.o)
 .text.dc_num_printChar
                0x0000000000013e10       0x2c miscutils/lib.a(bc.o)
 .text.zbc_num_binary
                0x0000000000013e3c      0x100 miscutils/lib.a(bc.o)
 .text.zbc_num_mul
                0x0000000000013f3c       0x3c miscutils/lib.a(bc.o)
 .text.zbc_num_sub
                0x0000000000013f78       0x50 miscutils/lib.a(bc.o)
 .text.zbc_num_div
                0x0000000000013fc8       0x3c miscutils/lib.a(bc.o)
 .text.zbc_num_mod
                0x0000000000014004       0x3c miscutils/lib.a(bc.o)
 .text.zbc_num_pow
                0x0000000000014040       0x1c miscutils/lib.a(bc.o)
 .text.xc_program_dereference.isra.0
                0x000000000001405c       0x88 miscutils/lib.a(bc.o)
 .text.bc_vec_pushZeroByte.isra.0
                0x00000000000140e4        0xc miscutils/lib.a(bc.o)
 .text.bc_vec_string
                0x00000000000140f0       0x48 miscutils/lib.a(bc.o)
 .text.xc_lex_name
                0x0000000000014138       0x7c miscutils/lib.a(bc.o)
 .text.bc_result_pop_and_push.isra.0
                0x00000000000141b4       0x54 miscutils/lib.a(bc.o)
 .text.xc_program_binOpRetire
                0x0000000000014208       0x28 miscutils/lib.a(bc.o)
 .text.bc_vec_pushIndex
                0x0000000000014230       0xb4 miscutils/lib.a(bc.o)
 .text.xc_parse_push
                0x00000000000142e4       0x58 miscutils/lib.a(bc.o)
 .text.xc_parse_pushInst_and_Index
                0x000000000001433c       0x24 miscutils/lib.a(bc.o)
 .text.xc_parse_pushNUM
                0x0000000000014360       0x8c miscutils/lib.a(bc.o)
 .text.bc_parse_operator
                0x00000000000143ec       0xd8 miscutils/lib.a(bc.o)
 .text.xc_read_line
                0x00000000000144c4      0x204 miscutils/lib.a(bc.o)
 .text.peek_inbuf
                0x00000000000146c8       0x50 miscutils/lib.a(bc.o)
 .text.eat_inbuf
                0x0000000000014718       0x2c miscutils/lib.a(bc.o)
 .text.zxc_lex_number
                0x0000000000014744      0x160 miscutils/lib.a(bc.o)
 .text.zbc_num_p
                0x00000000000148a4      0x2e0 miscutils/lib.a(bc.o)
 .text.zbc_num_add
                0x0000000000014b84       0x50 miscutils/lib.a(bc.o)
 .text.zbc_num_k
                0x0000000000014bd4      0x430 miscutils/lib.a(bc.o)
 .text.zbc_num_m
                0x0000000000015004      0x178 miscutils/lib.a(bc.o)
 .text.zbc_num_sqrt
                0x000000000001517c      0x310 miscutils/lib.a(bc.o)
 .text.zbc_num_d
                0x000000000001548c      0x2e4 miscutils/lib.a(bc.o)
 .text.zbc_num_r
                0x0000000000015770      0x180 miscutils/lib.a(bc.o)
 .text.zbc_num_rem
                0x00000000000158f0       0xc0 miscutils/lib.a(bc.o)
 .text.zbc_num_divmod
                0x00000000000159b0      0x100 miscutils/lib.a(bc.o)
 .text.zxc_num_printNum
                0x0000000000015ab0      0x298 miscutils/lib.a(bc.o)
 .text.bc_map_insert
                0x0000000000015d48       0xc0 miscutils/lib.a(bc.o)
 .text.bc_program_addFunc
                0x0000000000015e08       0xc8 miscutils/lib.a(bc.o)
 .text.xc_vm_init
                0x0000000000015ed0      0x314 miscutils/lib.a(bc.o)
 .text.xc_program_search
                0x00000000000161e4       0xf8 miscutils/lib.a(bc.o)
 .text.xc_program_pushVar
                0x00000000000162dc      0x114 miscutils/lib.a(bc.o)
 .text.zxc_program_num
                0x00000000000163f0      0x52c miscutils/lib.a(bc.o)
 .text.zxc_program_binOpPrep
                0x000000000001691c      0x144 miscutils/lib.a(bc.o)
 .text.zxc_program_prep
                0x0000000000016a60       0x84 miscutils/lib.a(bc.o)
 .text.xc_program_print
                0x0000000000016ae4      0x3d0 miscutils/lib.a(bc.o)
 .text.zxc_program_assign
                0x0000000000016eb4      0x2a4 miscutils/lib.a(bc.o)
 .text.bc_map_find_exact
                0x0000000000017158       0x5c miscutils/lib.a(bc.o)
 .text.zxc_program_popResultAndCopyToVar
                0x00000000000171b4      0x2e8 miscutils/lib.a(bc.o)
 .text.zxc_lex_next
                0x000000000001749c      0x79c miscutils/lib.a(bc.o)
 .text.zxc_parse_text_init
                0x0000000000017c38       0x30 miscutils/lib.a(bc.o)
 .text.zbc_parse_pushSTR
                0x0000000000017c68       0x78 miscutils/lib.a(bc.o)
 .text.zdc_parse_register
                0x0000000000017ce0       0x4c miscutils/lib.a(bc.o)
 .text.zdc_parse_mem
                0x0000000000017d2c       0x58 miscutils/lib.a(bc.o)
 .text.zdc_parse_expr
                0x0000000000017d84      0x244 miscutils/lib.a(bc.o)
 .text.zdc_parse_exprs_until_eof
                0x0000000000017fc8       0x24 miscutils/lib.a(bc.o)
 .text.zbc_parse_expr
                0x0000000000017fec      0x790 miscutils/lib.a(bc.o)
 .text.zbc_parse_name
                0x000000000001877c      0x25c miscutils/lib.a(bc.o)
 .text.zbc_parse_stmt_possibly_auto
                0x00000000000189d8      0x808 miscutils/lib.a(bc.o)
 .text.zbc_parse_stmt_allow_NLINE_before
                0x00000000000191e0       0x70 miscutils/lib.a(bc.o)
 .text.zxc_vm_process
                0x0000000000019250     0x1704 miscutils/lib.a(bc.o)
 .text.zxc_vm_execute_FILE
                0x000000000001a954       0x58 miscutils/lib.a(bc.o)
 .text.zxc_vm_exec
                0x000000000001a9ac       0xcc miscutils/lib.a(bc.o)
 .text.bc_main  0x000000000001aa78       0x64 miscutils/lib.a(bc.o)
                0x000000000001aa78                bc_main
 .text.dc_main  0x000000000001aadc      0x150 miscutils/lib.a(bc.o)
                0x000000000001aadc                dc_main
 .text.log8     0x000000000001ac2c       0xc8 miscutils/lib.a(crond.o)
 .text.reopen_logfile_to_stderr
                0x000000000001acf4       0x38 miscutils/lib.a(crond.o)
 .text.delete_cronfile
                0x000000000001ad2c       0xc4 miscutils/lib.a(crond.o)
 .text.ParseField
                0x000000000001adf0      0x2d4 miscutils/lib.a(crond.o)
 .text.safe_setenv
                0x000000000001b0c4       0x44 miscutils/lib.a(crond.o)
 .text.log7.constprop.0
                0x000000000001b108       0xd0 miscutils/lib.a(crond.o)
 .text.log5     0x000000000001b1d8       0xc8 miscutils/lib.a(crond.o)
 .text.load_crontab
                0x000000000001b2a0      0x45c miscutils/lib.a(crond.o)
 .text.rescan_crontab_dir
                0x000000000001b6fc       0xa4 miscutils/lib.a(crond.o)
 .text.start_one_job
                0x000000000001b7a0      0x174 miscutils/lib.a(crond.o)
 .text.start_jobs
                0x000000000001b914       0xb0 miscutils/lib.a(crond.o)
 .text.crond_main
                0x000000000001b9c4      0x3cc miscutils/lib.a(crond.o)
                0x000000000001b9c4                crond_main
 .text.edit_file
                0x000000000001bd90       0x9c miscutils/lib.a(crontab.o)
 .text.crontab_main
                0x000000000001be2c      0x2d4 miscutils/lib.a(crontab.o)
                0x000000000001be2c                crontab_main
 .text.devmem_main
                0x000000000001c100      0x250 miscutils/lib.a(devmem.o)
                0x000000000001c100                devmem_main
 .text.parse_opts
                0x000000000001c350       0x3c miscutils/lib.a(hdparm.o)
 .text.parse_opts_0_1
                0x000000000001c38c        0xc miscutils/lib.a(hdparm.o)
 .text.parse_opts_0_INTMAX
                0x000000000001c398        0xc miscutils/lib.a(hdparm.o)
 .text.translate_xfermode
                0x000000000001c3a4       0x8c miscutils/lib.a(hdparm.o)
 .text.read_big_block
                0x000000000001c430       0x3c miscutils/lib.a(hdparm.o)
 .text.xprint_ascii
                0x000000000001c46c       0x88 miscutils/lib.a(hdparm.o)
 .text.mode_loop
                0x000000000001c4f4       0xb0 miscutils/lib.a(hdparm.o)
 .text.print_value_on_off
                0x000000000001c5a4       0x3c miscutils/lib.a(hdparm.o)
 .text.identify
                0x000000000001c5e0     0x1208 miscutils/lib.a(hdparm.o)
 .text.identify_from_stdin
                0x000000000001d7e8       0xa4 miscutils/lib.a(hdparm.o)
 .text.dump_identity
                0x000000000001d88c      0x48c miscutils/lib.a(hdparm.o)
 .text.seek_to_zero
                0x000000000001dd18       0x10 miscutils/lib.a(hdparm.o)
 .text.flush_buffer_cache
                0x000000000001dd28       0x68 miscutils/lib.a(hdparm.o)
 .text.do_time  0x000000000001dd90      0x1d0 miscutils/lib.a(hdparm.o)
 .text.ioctl_alt_func.constprop.0
                0x000000000001df60       0x54 miscutils/lib.a(hdparm.o)
 .text.print_flag_on_off.constprop.0
                0x000000000001dfb4       0x3c miscutils/lib.a(hdparm.o)
 .text.process_dev
                0x000000000001dff0      0xc14 miscutils/lib.a(hdparm.o)
 .text.hdparm_main
                0x000000000001ec04      0x394 miscutils/lib.a(hdparm.o)
                0x000000000001ec04                hdparm_main
 .text.format_line
                0x000000000001ef98      0x134 miscutils/lib.a(hexedit.o)
 .text.redraw_cur_line
                0x000000000001f0cc       0xa0 miscutils/lib.a(hexedit.o)
 .text.redraw   0x000000000001f16c      0x130 miscutils/lib.a(hexedit.o)
 .text.restore_term
                0x000000000001f29c       0x28 miscutils/lib.a(hexedit.o)
 .text.sig_catcher
                0x000000000001f2c4       0x34 miscutils/lib.a(hexedit.o)
 .text.remap    0x000000000001f2f8       0x90 miscutils/lib.a(hexedit.o)
 .text.move_mapping_further
                0x000000000001f388       0x64 miscutils/lib.a(hexedit.o)
 .text.move_mapping_lower
                0x000000000001f3ec       0x54 miscutils/lib.a(hexedit.o)
 .text.hexedit_main
                0x000000000001f440      0x538 miscutils/lib.a(hexedit.o)
                0x000000000001f440                hexedit_main
 .text.i2c_bus_lookup
                0x000000000001f978       0x10 miscutils/lib.a(i2c_tools.o)
 .text.i2c_dev_open
                0x000000000001f988       0xa4 miscutils/lib.a(i2c_tools.o)
 .text.get_funcs_matrix
                0x000000000001fa2c       0x14 miscutils/lib.a(i2c_tools.o)
 .text.i2c_set_slave_addr
                0x000000000001fa40       0x24 miscutils/lib.a(i2c_tools.o)
 .text.check_funcs_test_end
                0x000000000001fa64       0x40 miscutils/lib.a(i2c_tools.o)
 .text.check_read_funcs
                0x000000000001faa4      0x118 miscutils/lib.a(i2c_tools.o)
 .text.confirm_or_abort
                0x000000000001fbbc       0x38 miscutils/lib.a(i2c_tools.o)
 .text.confirm_action
                0x000000000001fbf4       0x84 miscutils/lib.a(i2c_tools.o)
 .text.i2c_smbus_access
                0x000000000001fc78       0x5c miscutils/lib.a(i2c_tools.o)
 .text.i2c_smbus_read_byte
                0x000000000001fcd4       0x58 miscutils/lib.a(i2c_tools.o)
 .text.i2c_smbus_read_word_data
                0x000000000001fd2c       0x5c miscutils/lib.a(i2c_tools.o)
 .text.i2c_smbus_read_byte_data
                0x000000000001fd88       0x5c miscutils/lib.a(i2c_tools.o)
 .text.list_i2c_busses_and_exit
                0x000000000001fde4      0x22c miscutils/lib.a(i2c_tools.o)
 .text.i2cget_main
                0x0000000000020010      0x20c miscutils/lib.a(i2c_tools.o)
                0x0000000000020010                i2cget_main
 .text.i2cset_main
                0x000000000002021c      0x578 miscutils/lib.a(i2c_tools.o)
                0x000000000002021c                i2cset_main
 .text.i2cdump_main
                0x0000000000020794      0x6f8 miscutils/lib.a(i2c_tools.o)
                0x0000000000020794                i2cdump_main
 .text.i2cdetect_main
                0x0000000000020e8c      0x398 miscutils/lib.a(i2c_tools.o)
                0x0000000000020e8c                i2cdetect_main
 .text.i2ctransfer_main
                0x0000000000021224      0x3ac miscutils/lib.a(i2c_tools.o)
                0x0000000000021224                i2ctransfer_main
 .text.at_end   0x00000000000215d0       0x5c miscutils/lib.a(less.o)
 .text.safe_lineno
                0x000000000002162c       0x38 miscutils/lib.a(less.o)
 .text.opp_bracket
                0x0000000000021664       0x70 miscutils/lib.a(less.o)
 .text.set_tty_cooked
                0x00000000000216d4       0x24 miscutils/lib.a(less.o)
 .text.clear_line
                0x00000000000216f8       0x1c miscutils/lib.a(less.o)
 .text.restore_tty
                0x0000000000021714       0x28 miscutils/lib.a(less.o)
 .text.sig_catcher
                0x000000000002173c       0x14 miscutils/lib.a(less.o)
 .text.print_statusline
                0x0000000000021750       0x30 miscutils/lib.a(less.o)
 .text.fill_match_lines
                0x0000000000021780       0xa4 miscutils/lib.a(less.o)
 .text.read_lines
                0x0000000000021824      0x40c miscutils/lib.a(less.o)
 .text.goto_lineno
                0x0000000000021c30       0xac miscutils/lib.a(less.o)
 .text.cap_cur_fline
                0x0000000000021cdc       0x8c miscutils/lib.a(less.o)
 .text.less_exit
                0x0000000000021d68        0xc miscutils/lib.a(less.o)
 .text.update_num_lines
                0x0000000000021d74      0x13c miscutils/lib.a(less.o)
 .text.m_status_print
                0x0000000000021eb0      0x148 miscutils/lib.a(less.o)
 .text.status_print
                0x0000000000021ff8       0x94 miscutils/lib.a(less.o)
 .text.buffer_print
                0x000000000002208c      0x388 miscutils/lib.a(less.o)
 .text.buffer_fill_and_print
                0x0000000000022414       0xd0 miscutils/lib.a(less.o)
 .text.reinitialize
                0x00000000000224e4       0xac miscutils/lib.a(less.o)
 .text.change_file
                0x0000000000022590       0x80 miscutils/lib.a(less.o)
 .text.buffer_down
                0x0000000000022610       0x4c miscutils/lib.a(less.o)
 .text.buffer_up
                0x000000000002265c       0x4c miscutils/lib.a(less.o)
 .text.buffer_to_line
                0x00000000000226a8       0x48 miscutils/lib.a(less.o)
 .text.goto_match
                0x00000000000226f0       0x98 miscutils/lib.a(less.o)
 .text.getch_nowait
                0x0000000000022788      0x130 miscutils/lib.a(less.o)
 .text.less_getch
                0x00000000000228b8       0x44 miscutils/lib.a(less.o)
 .text.less_gets
                0x00000000000228fc       0xd8 miscutils/lib.a(less.o)
 .text.examine_file
                0x00000000000229d4       0x88 miscutils/lib.a(less.o)
 .text.regex_process
                0x0000000000022a5c      0x134 miscutils/lib.a(less.o)
 .text.less_main
                0x0000000000022b90      0x8d0 miscutils/lib.a(less.o)
                0x0000000000022b90                less_main
 .text.get_line
                0x0000000000023460       0x44 miscutils/lib.a(lsscsi.o)
 .text.lsscsi_main
                0x00000000000234a4      0x1c8 miscutils/lib.a(lsscsi.o)
                0x00000000000234a4                lsscsi_main
 .text.makedevs_main
                0x000000000002366c      0x468 miscutils/lib.a(makedevs.o)
                0x000000000002366c                makedevs_main
 .text.microcom_main
                0x0000000000023ad4      0x33c miscutils/lib.a(microcom.o)
                0x0000000000023ad4                microcom_main
 .text.mt_main  0x0000000000023e10      0x170 miscutils/lib.a(mt.o)
                0x0000000000023e10                mt_main
 .text.partprobe_main
                0x0000000000023f80       0x74 miscutils/lib.a(partprobe.o)
                0x0000000000023f80                partprobe_main
 .text.runlevel_main
                0x0000000000023ff4       0x7c miscutils/lib.a(runlevel.o)
                0x0000000000023ff4                runlevel_main
 .text.seedrng_main
                0x0000000000024070      0x410 miscutils/lib.a(seedrng.o)
                0x0000000000024070                seedrng_main
 .text.setfattr_main
                0x0000000000024480      0x12c miscutils/lib.a(setfattr.o)
                0x0000000000024480                setfattr_main
 .text.index_in_strings_case_insensitive
                0x00000000000245ac       0x58 miscutils/lib.a(setserial.o)
 .text.get_numeric
                0x0000000000024604       0x18 miscutils/lib.a(setserial.o)
 .text.setserial_main
                0x000000000002461c      0x638 miscutils/lib.a(setserial.o)
                0x000000000002461c                setserial_main
 .text.strings_main
                0x0000000000024c54      0x210 miscutils/lib.a(strings.o)
                0x0000000000024c54                strings_main
 .text.ptok     0x0000000000024e64       0x28 miscutils/lib.a(time.o)
 .text.run_command
                0x0000000000024e8c       0xf4 miscutils/lib.a(time.o)
 .text.time_main
                0x0000000000024f80      0x474 miscutils/lib.a(time.o)
                0x0000000000024f80                time_main
 .text.tree_print
                0x00000000000253f4      0x224 miscutils/lib.a(tree.o)
 .text.tree_main
                0x0000000000025618       0x9c miscutils/lib.a(tree.o)
                0x0000000000025618                tree_main
 .text.ts_main  0x00000000000256b4      0x1f4 miscutils/lib.a(ts.o)
                0x00000000000256b4                ts_main
 .text.ubirename_main
                0x00000000000258a8      0x118 miscutils/lib.a(ubirename.o)
                0x00000000000258a8                ubirename_main
 .text.shutdown_on_signal
                0x00000000000259c0       0x24 miscutils/lib.a(watchdog.o)
 .text.watchdog_main
                0x00000000000259e4      0x130 miscutils/lib.a(watchdog.o)
                0x00000000000259e4                watchdog_main
 .text.insmod_main
                0x0000000000025b14       0x60 modutils/lib.a(insmod.o)
                0x0000000000025b14                insmod_main
 .text.lsmod_main
                0x0000000000025b74      0x144 modutils/lib.a(lsmod.o)
                0x0000000000025b74                lsmod_main
 .text.gather_options_str
                0x0000000000025cb8       0x70 modutils/lib.a(modprobe.o)
 .text.load_modules_dep
                0x0000000000025d28      0x150 modutils/lib.a(modprobe.o)
 .text.get_or_add_modentry
                0x0000000000025e78       0x14 modutils/lib.a(modprobe.o)
 .text.add_probe
                0x0000000000025e8c       0x88 modutils/lib.a(modprobe.o)
 .text.do_modprobe
                0x0000000000025f14      0x310 modutils/lib.a(modprobe.o)
 .text.read_config.isra.0
                0x0000000000026224       0x18 modutils/lib.a(modprobe.o)
 .text.config_file_action
                0x000000000002623c      0x224 modutils/lib.a(modprobe.o)
 .text.modprobe_main
                0x0000000000026460      0x388 modutils/lib.a(modprobe.o)
                0x0000000000026460                modprobe_main
 .text.replace  0x00000000000267e8       0x28 modutils/lib.a(modutils.o)
                0x00000000000267e8                replace
 .text.string_to_llist
                0x0000000000026810       0x70 modutils/lib.a(modutils.o)
                0x0000000000026810                string_to_llist
 .text.filename2modname
                0x0000000000026880       0xb4 modutils/lib.a(modutils.o)
                0x0000000000026880                filename2modname
 .text.helper_get_module
                0x0000000000026934       0xd4 modutils/lib.a(modutils.o)
 .text.moddb_get
                0x0000000000026a08        0x8 modutils/lib.a(modutils.o)
                0x0000000000026a08                moddb_get
 .text.moddb_get_or_create
                0x0000000000026a10        0x8 modutils/lib.a(modutils.o)
                0x0000000000026a10                moddb_get_or_create
 .text.parse_cmdline_module_options
                0x0000000000026a18       0xd8 modutils/lib.a(modutils.o)
                0x0000000000026a18                parse_cmdline_module_options
 .text.bb_init_module
                0x0000000000026af0      0x104 modutils/lib.a(modutils.o)
                0x0000000000026af0                bb_init_module
 .text.bb_delete_module
                0x0000000000026bf4       0x2c modutils/lib.a(modutils.o)
                0x0000000000026bf4                bb_delete_module
 .text.moderror
                0x0000000000026c20       0x7c modutils/lib.a(modutils.o)
                0x0000000000026c20                moderror
 .text.rmmod_main
                0x0000000000026c9c       0xfc modutils/lib.a(rmmod.o)
                0x0000000000026c9c                rmmod_main
 .text.arp_show
                0x0000000000026d98      0x314 networking/lib.a(arp.o)
 .text.arp_main
                0x00000000000270ac      0x5c4 networking/lib.a(arp.o)
                0x00000000000270ac                arp_main
 .text.finish   0x0000000000027670       0x6c networking/lib.a(arping.o)
 .text.catcher  0x00000000000276dc      0x19c networking/lib.a(arping.o)
 .text.arping_main
                0x0000000000027878      0x6cc networking/lib.a(arping.o)
                0x0000000000027878                arping_main
 .text.undot    0x0000000000027f44       0x4c networking/lib.a(dnsd.o)
 .text.dnsd_main
                0x0000000000027f90      0x560 networking/lib.a(dnsd.o)
                0x0000000000027f90                dnsd_main
 .text.ether_wake_main
                0x00000000000284f0      0x2e0 networking/lib.a(ether-wake.o)
                0x00000000000284f0                ether_wake_main
 .text.do_sethostname
                0x00000000000287d0       0x94 networking/lib.a(hostname.o)
 .text.hostname_main
                0x0000000000028864      0x190 networking/lib.a(hostname.o)
                0x0000000000028864                hostname_main
 .text.ifconfig_main
                0x00000000000289f4      0x4b4 networking/lib.a(ifconfig.o)
                0x00000000000289f4                ifconfig_main
 .text.manual_up_down6
                0x0000000000028ea8        0x8 networking/lib.a(ifupdown.o)
 .text.check    0x0000000000028eb0        0xc networking/lib.a(ifupdown.o)
 .text.doit     0x0000000000028ebc       0xd8 networking/lib.a(ifupdown.o)
 .text.setlocalenv
                0x0000000000028f94       0x94 networking/lib.a(ifupdown.o)
 .text.set_environ
                0x0000000000029028      0x17c networking/lib.a(ifupdown.o)
 .text.execute_all
                0x00000000000291a4       0xc4 networking/lib.a(ifupdown.o)
 .text.iface_down
                0x0000000000029268       0xb8 networking/lib.a(ifupdown.o)
 .text.iface_up
                0x0000000000029320       0xb8 networking/lib.a(ifupdown.o)
 .text.find_iface_state
                0x00000000000293d8       0x48 networking/lib.a(ifupdown.o)
 .text.next_word
                0x0000000000029420       0x68 networking/lib.a(ifupdown.o)
 .text.strncmpz
                0x0000000000029488       0x2c networking/lib.a(ifupdown.o)
 .text.get_var  0x00000000000294b4       0xa4 networking/lib.a(ifupdown.o)
 .text.addstr   0x0000000000029558       0x6c networking/lib.a(ifupdown.o)
 .text.execute  0x00000000000295c4      0x2dc networking/lib.a(ifupdown.o)
 .text.loopback_down6
                0x00000000000298a0       0x14 networking/lib.a(ifupdown.o)
 .text.loopback_up6
                0x00000000000298b4       0x58 networking/lib.a(ifupdown.o)
 .text.static_up6
                0x000000000002990c       0x6c networking/lib.a(ifupdown.o)
 .text.v4tunnel_down
                0x0000000000029978       0x14 networking/lib.a(ifupdown.o)
 .text.v4tunnel_up
                0x000000000002998c       0x88 networking/lib.a(ifupdown.o)
 .text.loopback_down
                0x0000000000029a14       0x58 networking/lib.a(ifupdown.o)
 .text.loopback_up
                0x0000000000029a6c       0x58 networking/lib.a(ifupdown.o)
 .text.dhcp_up  0x0000000000029ac4       0x50 networking/lib.a(ifupdown.o)
 .text.bootp_up
                0x0000000000029b14       0x14 networking/lib.a(ifupdown.o)
 .text.static_up
                0x0000000000029b28       0x6c networking/lib.a(ifupdown.o)
 .text.ppp_down
                0x0000000000029b94       0x14 networking/lib.a(ifupdown.o)
 .text.ppp_up   0x0000000000029ba8       0x14 networking/lib.a(ifupdown.o)
 .text.wvdial_down
                0x0000000000029bbc       0x14 networking/lib.a(ifupdown.o)
 .text.wvdial_up
                0x0000000000029bd0       0x14 networking/lib.a(ifupdown.o)
 .text.static_down6
                0x0000000000029be4       0x48 networking/lib.a(ifupdown.o)
 .text.static_down
                0x0000000000029c2c       0x6c networking/lib.a(ifupdown.o)
 .text.dhcp_down
                0x0000000000029c98       0x58 networking/lib.a(ifupdown.o)
 .text.popen2   0x0000000000029cf0       0xe4 networking/lib.a(ifupdown.o)
 .text.read_iface_state
                0x0000000000029dd4       0xac networking/lib.a(ifupdown.o)
 .text.read_interfaces
                0x0000000000029e80      0x5d4 networking/lib.a(ifupdown.o)
 .text.manual_up_down
                0x000000000002a454        0x8 networking/lib.a(ifupdown.o)
 .text.link_up_down
                0x000000000002a45c        0x8 networking/lib.a(ifupdown.o)
 .text.ifupdown_main
                0x000000000002a464      0x564 networking/lib.a(ifupdown.o)
                0x000000000002a464                ifupdown_main
 .text.init_ring
                0x000000000002a9c8       0x34 networking/lib.a(inetd.o)
 .text.remove_fd_from_set
                0x000000000002a9fc       0x48 networking/lib.a(inetd.o)
 .text.maybe_close
                0x000000000002aa44        0xc networking/lib.a(inetd.o)
 .text.free_servtab_strings
                0x000000000002aa50       0x68 networking/lib.a(inetd.o)
 .text.bump_nofile
                0x000000000002aab8       0xcc networking/lib.a(inetd.o)
 .text.add_fd_to_set
                0x000000000002ab84       0x7c networking/lib.a(inetd.o)
 .text.clean_up_and_exit
                0x000000000002ac00       0x40 networking/lib.a(inetd.o)
 .text.reap_child
                0x000000000002ac40      0x100 networking/lib.a(inetd.o)
 .text.daytime_stream
                0x000000000002ad40       0x74 networking/lib.a(inetd.o)
 .text.machtime
                0x000000000002adb4       0x5c networking/lib.a(inetd.o)
 .text.machtime_stream
                0x000000000002ae10       0x5c networking/lib.a(inetd.o)
 .text.discard_stream
                0x000000000002ae6c       0x3c networking/lib.a(inetd.o)
 .text.echo_stream
                0x000000000002aea8       0x50 networking/lib.a(inetd.o)
 .text.xzalloc_lsa
                0x000000000002aef8       0x4c networking/lib.a(inetd.o)
 .text.block_CHLD_HUP_ALRM
                0x000000000002af44       0x40 networking/lib.a(inetd.o)
 .text.rearm_alarm
                0x000000000002af84       0x24 networking/lib.a(inetd.o)
 .text.prepare_socket_fd
                0x000000000002afa8       0xc4 networking/lib.a(inetd.o)
 .text.retry_network_setup
                0x000000000002b06c       0x54 networking/lib.a(inetd.o)
 .text.machtime_dg
                0x000000000002b0c0       0xc8 networking/lib.a(inetd.o)
 .text.echo_dg  0x000000000002b188       0xd8 networking/lib.a(inetd.o)
 .text.restore_sigmask
                0x000000000002b260       0x10 networking/lib.a(inetd.o)
 .text.discard_dg
                0x000000000002b270       0x18 networking/lib.a(inetd.o)
 .text.daytime_dg
                0x000000000002b288       0xf0 networking/lib.a(inetd.o)
 .text.chargen_dg
                0x000000000002b378      0x160 networking/lib.a(inetd.o)
 .text.chargen_stream
                0x000000000002b4d8       0xc8 networking/lib.a(inetd.o)
 .text.parse_one_line
                0x000000000002b5a0      0x4b4 networking/lib.a(inetd.o)
 .text.reread_config_file
                0x000000000002ba54      0x3f0 networking/lib.a(inetd.o)
 .text.inetd_main
                0x000000000002be44      0x85c networking/lib.a(inetd.o)
                0x000000000002be44                inetd_main
 .text.UNSPEC_print
                0x000000000002c6a0       0x64 networking/lib.a(interface.o)
 .text.UNSPEC_sprint
                0x000000000002c704       0x28 networking/lib.a(interface.o)
 .text.INET6_input
                0x000000000002c72c        0x4 networking/lib.a(interface.o)
 .text.INET6_sprint
                0x000000000002c730       0x30 networking/lib.a(interface.o)
 .text.INET_input
                0x000000000002c760        0x8 networking/lib.a(interface.o)
 .text.INET_sprint
                0x000000000002c768       0x34 networking/lib.a(interface.o)
 .text.ether_print
                0x000000000002c79c       0x30 networking/lib.a(interface.o)
 .text.add_interface
                0x000000000002c7cc       0x94 networking/lib.a(interface.o)
 .text.print_bytes_scaled
                0x000000000002c860       0x50 networking/lib.a(interface.o)
 .text.in_ib    0x000000000002c8b0       0x2c networking/lib.a(interface.o)
                0x000000000002c8b0                in_ib
 .text.if_readlist_proc.constprop.0
                0x000000000002c8dc      0x23c networking/lib.a(interface.o)
 .text.get_aftype
                0x000000000002cb18       0x44 networking/lib.a(interface.o)
                0x000000000002cb18                get_aftype
 .text.get_hwtype
                0x000000000002cb5c       0x44 networking/lib.a(interface.o)
                0x000000000002cb5c                get_hwtype
 .text.get_hwntype
                0x000000000002cba0       0x2c networking/lib.a(interface.o)
                0x000000000002cba0                get_hwntype
 .text.do_if_print
                0x000000000002cbcc      0x840 networking/lib.a(interface.o)
 .text.display_interfaces
                0x000000000002d40c      0x170 networking/lib.a(interface.o)
                0x000000000002d40c                display_interfaces
 .text.ip_do    0x000000000002d57c       0x1c networking/lib.a(ip.o)
 .text.ip_print_help
                0x000000000002d598        0x8 networking/lib.a(ip.o)
 .text.ipaddr_main
                0x000000000002d5a0        0xc networking/lib.a(ip.o)
                0x000000000002d5a0                ipaddr_main
 .text.iplink_main
                0x000000000002d5ac        0xc networking/lib.a(ip.o)
                0x000000000002d5ac                iplink_main
 .text.iproute_main
                0x000000000002d5b8        0xc networking/lib.a(ip.o)
                0x000000000002d5b8                iproute_main
 .text.iprule_main
                0x000000000002d5c4        0xc networking/lib.a(ip.o)
                0x000000000002d5c4                iprule_main
 .text.iptunnel_main
                0x000000000002d5d0        0xc networking/lib.a(ip.o)
                0x000000000002d5d0                iptunnel_main
 .text.ipneigh_main
                0x000000000002d5dc        0xc networking/lib.a(ip.o)
                0x000000000002d5dc                ipneigh_main
 .text.ip_main  0x000000000002d5e8       0x50 networking/lib.a(ip.o)
                0x000000000002d5e8                ip_main
 .text.prepend_new_eth_table
                0x000000000002d638       0xc8 networking/lib.a(nameif.o)
 .text.nameif_main
                0x000000000002d700      0x26c networking/lib.a(nameif.o)
                0x000000000002d700                nameif_main
 .text.build_ipv6_addr
                0x000000000002d96c       0x9c networking/lib.a(netstat.o)
 .text.ip_port_str
                0x000000000002da08       0xb0 networking/lib.a(netstat.o)
 .text.print_inet_line
                0x000000000002dab8       0xc8 networking/lib.a(netstat.o)
 .text.do_info  0x000000000002db80       0xb4 networking/lib.a(netstat.o)
 .text.unix_do_one
                0x000000000002dc34      0x2f0 networking/lib.a(netstat.o)
 .text.scan_inet_proc_line
                0x000000000002df24      0x118 networking/lib.a(netstat.o)
 .text.raw_do_one
                0x000000000002e03c       0xcc networking/lib.a(netstat.o)
 .text.udp_do_one
                0x000000000002e108       0xfc networking/lib.a(netstat.o)
 .text.tcp_do_one
                0x000000000002e204       0xa0 networking/lib.a(netstat.o)
 .text.netstat_main
                0x000000000002e2a4      0x224 networking/lib.a(netstat.o)
                0x000000000002e2a4                netstat_main
 .text.add_ns   0x000000000002e4c8       0x68 networking/lib.a(nslookup.o)
 .text.parse_resolvconf
                0x000000000002e530      0x1a0 networking/lib.a(nslookup.o)
 .text.add_query
                0x000000000002e6d0       0x98 networking/lib.a(nslookup.o)
 .text.add_query_with_search
                0x000000000002e768       0xac networking/lib.a(nslookup.o)
 .text.parse_reply
                0x000000000002e814      0x4a0 networking/lib.a(nslookup.o)
 .text.send_queries
                0x000000000002ecb4      0x388 networking/lib.a(nslookup.o)
 .text.nslookup_main
                0x000000000002f03c      0x3dc networking/lib.a(nslookup.o)
                0x000000000002f03c                nslookup_main
 .text.print_stats_and_exit
                0x000000000002f418       0xd8 networking/lib.a(ping.o)
 .text.sendping4
                0x000000000002f4f0      0x1d4 networking/lib.a(ping.o)
 .text.ping_main
                0x000000000002f6c4      0x5d0 networking/lib.a(ping.o)
                0x000000000002f6c4                ping_main
 .text.set_flags
                0x000000000002fc94       0x3c networking/lib.a(route.o)
 .text.kw_lookup
                0x000000000002fcd0       0x8c networking/lib.a(route.o)
 .text.INET6_setroute
                0x000000000002fd5c      0x284 networking/lib.a(route.o)
 .text.INET_setroute
                0x000000000002ffe0      0x3d8 networking/lib.a(route.o)
 .text.INET6_displayroutes
                0x00000000000303b8      0x254 networking/lib.a(route.o)
 .text.bb_displayroutes
                0x000000000003060c      0x240 networking/lib.a(route.o)
                0x000000000003060c                bb_displayroutes
 .text.route_main
                0x000000000003084c      0x170 networking/lib.a(route.o)
                0x000000000003084c                route_main
 .text.iac_flush
                0x00000000000309bc       0x30 networking/lib.a(telnet.o)
 .text.put_iac  0x00000000000309ec       0x44 networking/lib.a(telnet.o)
 .text.put_iac2_msb_lsb
                0x0000000000030a30       0x1c networking/lib.a(telnet.o)
 .text.put_iac4_msb_lsb
                0x0000000000030a4c       0x1c networking/lib.a(telnet.o)
 .text.put_iac3_IAC_x_y_merged
                0x0000000000030a68       0x1c networking/lib.a(telnet.o)
 .text.rawmode  0x0000000000030a84       0x24 networking/lib.a(telnet.o)
 .text.cookmode
                0x0000000000030aa8       0x24 networking/lib.a(telnet.o)
 .text.setConMode
                0x0000000000030acc       0x7c networking/lib.a(telnet.o)
 .text.con_escape
                0x0000000000030b48      0x15c networking/lib.a(telnet.o)
 .text.handle_net_output
                0x0000000000030ca4       0xcc networking/lib.a(telnet.o)
 .text.telnet_main
                0x0000000000030d70      0x580 networking/lib.a(telnet.o)
                0x0000000000030d70                telnet_main
 .text.tftp_blksize_check
                0x00000000000312f0       0x58 networking/lib.a(tftp.o)
 .text.tftp_main
                0x0000000000031348      0x7b4 networking/lib.a(tftp.o)
                0x0000000000031348                tftp_main
 .text.traceroute_init.constprop.0
                0x0000000000031afc      0x3c0 networking/lib.a(traceroute.o)
 .text.traceroute_main
                0x0000000000031ebc      0x4c8 networking/lib.a(traceroute.o)
                0x0000000000031ebc                traceroute_main
 .text.xfind_str
                0x0000000000032384       0x44 networking/lib.a(vconfig.o)
 .text.vconfig_main
                0x00000000000323c8      0x140 networking/lib.a(vconfig.o)
                0x00000000000323c8                vconfig_main
 .text.alarm_handler
                0x0000000000032508       0x24 networking/lib.a(wget.o)
 .text.set_alarm
                0x000000000003252c       0x28 networking/lib.a(wget.o)
 .text.open_socket
                0x0000000000032554       0x3c networking/lib.a(wget.o)
 .text.base64enc
                0x0000000000032590       0x48 networking/lib.a(wget.o)
 .text.reset_beg_range_to_zero
                0x00000000000325d8       0x30 networking/lib.a(wget.o)
 .text.parse_url
                0x0000000000032608      0x160 networking/lib.a(wget.o)
 .text.progress_meter
                0x0000000000032768       0x90 networking/lib.a(wget.o)
 .text.fgets_trim_sanitize
                0x00000000000327f8       0xc8 networking/lib.a(wget.o)
 .text.get_sanitized_hdr
                0x00000000000328c0       0xcc networking/lib.a(wget.o)
 .text.retrieve_file_data
                0x000000000003298c      0x2f0 networking/lib.a(wget.o)
 .text.ftpcmd   0x0000000000032c7c       0xd4 networking/lib.a(wget.o)
 .text.wget_main
                0x0000000000032d50      0xb74 networking/lib.a(wget.o)
                0x0000000000032d50                wget_main
 .text.parse_pasv_epsv
                0x00000000000338c4       0xdc networking/lib.a(parse_pasv_epsv.o)
                0x00000000000338c4                parse_pasv_epsv
 .text.ip_parse_common_args
                0x00000000000339a0      0x10c networking/libiproute/lib.a(ip_parse_common_args.o)
                0x00000000000339a0                ip_parse_common_args
 .text.flush_update
                0x0000000000033aac       0x40 networking/libiproute/lib.a(ipaddress.o)
 .text.store_nlmsg
                0x0000000000033aec       0x70 networking/libiproute/lib.a(ipaddress.o)
 .text.print_linkinfo
                0x0000000000033b5c      0x38c networking/libiproute/lib.a(ipaddress.o)
 .text.print_addrinfo
                0x0000000000033ee8      0x4d0 networking/libiproute/lib.a(ipaddress.o)
 .text.ipaddr_modify
                0x00000000000343b8      0x674 networking/libiproute/lib.a(ipaddress.o)
 .text.ipaddr_list_or_flush
                0x0000000000034a2c      0x4d0 networking/libiproute/lib.a(ipaddress.o)
                0x0000000000034a2c                ipaddr_list_or_flush
 .text.do_ipaddr
                0x0000000000034efc       0x94 networking/libiproute/lib.a(ipaddress.o)
                0x0000000000034efc                do_ipaddr
 .text.get_ctl_fd
                0x0000000000034f90       0x48 networking/libiproute/lib.a(iplink.o)
 .text.set_master
                0x0000000000034fd8       0xcc networking/libiproute/lib.a(iplink.o)
 .text.set_netns
                0x00000000000350a4       0xcc networking/libiproute/lib.a(iplink.o)
 .text.do_add_or_delete
                0x0000000000035170      0x57c networking/libiproute/lib.a(iplink.o)
 .text.do_iplink
                0x00000000000356ec      0x684 networking/libiproute/lib.a(iplink.o)
                0x00000000000356ec                do_iplink
 .text.flush_update
                0x0000000000035d70       0x44 networking/libiproute/lib.a(ipneigh.o)
 .text.ipneigh_list_or_flush
                0x0000000000035db4      0x360 networking/libiproute/lib.a(ipneigh.o)
 .text.print_neigh
                0x0000000000036114      0x3d0 networking/libiproute/lib.a(ipneigh.o)
 .text.do_ipneigh
                0x00000000000364e4       0x50 networking/libiproute/lib.a(ipneigh.o)
                0x00000000000364e4                do_ipneigh
 .text.flush_update
                0x0000000000036534       0x44 networking/libiproute/lib.a(iproute.o)
 .text.iproute_reset_filter
                0x0000000000036578       0x34 networking/libiproute/lib.a(iproute.o)
 .text.iproute_list_or_flush
                0x00000000000365ac      0x54c networking/libiproute/lib.a(iproute.o)
 .text.print_route
                0x0000000000036af8      0x704 networking/libiproute/lib.a(iproute.o)
 .text.iproute_get
                0x00000000000371fc      0x380 networking/libiproute/lib.a(iproute.o)
 .text.iproute_modify
                0x000000000003757c      0x50c networking/libiproute/lib.a(iproute.o)
 .text.do_iproute
                0x0000000000037a88       0xd4 networking/libiproute/lib.a(iproute.o)
                0x0000000000037a88                do_iproute
 .text.print_rule
                0x0000000000037b5c      0x330 networking/libiproute/lib.a(iprule.o)
 .text.iprule_modify
                0x0000000000037e8c      0x440 networking/libiproute/lib.a(iprule.o)
 .text.do_iprule
                0x00000000000382cc      0x10c networking/libiproute/lib.a(iprule.o)
                0x00000000000382cc                do_iprule
 .text.do_get_ioctl
                0x00000000000383d8       0x98 networking/libiproute/lib.a(iptunnel.o)
 .text.do_add_ioctl
                0x0000000000038470       0xf0 networking/libiproute/lib.a(iptunnel.o)
 .text.do_del_ioctl
                0x0000000000038560       0xa0 networking/libiproute/lib.a(iptunnel.o)
 .text.print_tunnel
                0x0000000000038600      0x2f8 networking/libiproute/lib.a(iptunnel.o)
 .text.parse_args
                0x00000000000388f8      0x5d4 networking/libiproute/lib.a(iptunnel.o)
 .text.do_add   0x0000000000038ecc       0xdc networking/libiproute/lib.a(iptunnel.o)
 .text.do_tunnels_list
                0x0000000000038fa8      0x2a8 networking/libiproute/lib.a(iptunnel.o)
 .text.do_iptunnel
                0x0000000000039250      0x1f8 networking/libiproute/lib.a(iptunnel.o)
                0x0000000000039250                do_iptunnel
 .text.xrtnl_open
                0x0000000000039448       0x6c networking/libiproute/lib.a(libnetlink.o)
                0x0000000000039448                xrtnl_open
 .text.xrtnl_wilddump_request