Archive member included to satisfy reference by file (symbol)

/home/erion/Projects/buildroot/output/build/glibc-2.38-44-gd37c2b20a4787463d192b32041c3406c2bd91de0/build/elf/rtld-libc.a(rtld-check_fds.os)
                              /home/erion/Projects/buildroot/output/build/glibc-2.38-44-gd37c2b20a4787463d192b32041c3406c2bd91de0/build/elf/dl-allobjs.os (__libc_check_standard_fds)
/home/erion/Projects/buildroot/output/build/glibc-2.38-44-gd37c2b20a4787463d192b32041c3406c2bd91de0/build/elf/rtld-libc.a(rtld-errno.os)
                              /home/erion/Projects/buildroot/output/build/glibc-2.38-44-gd37c2b20a4787463d192b32041c3406c2bd91de0/build/elf/dl-allobjs.os (rtld_errno)
/home/erion/Projects/buildroot/output/build/glibc-2.38-44-gd37c2b20a4787463d192b32041c3406c2bd91de0/build/elf/rtld-libc.a(rtld-closedir.os)
                              /home/erion/Projects/buildroot/output/build/glibc-2.38-44-gd37c2b20a4787463d192b32041c3406c2bd91de0/build/elf/dl-allobjs.os (__closedir)
/home/erion/Projects/buildroot/output/build/glibc-2.38-44-gd37c2b20a4787463d192b32041c3406c2bd91de0/build/elf/rtld-libc.a(rtld-rewinddir.os)
                              /home/erion/Projects/buildroot/output/build/glibc-2.38-44-gd37c2b20a4787463d192b32041c3406c2bd91de0/build/elf/dl-allobjs.os (__rewinddir)
/home/erion/Projects/buildroot/output/build/glibc-2.38-44-gd37c2b20a4787463d192b32041c3406c2bd91de0/build/elf/rtld-libc.a(rtld-readdir64.os)
                              /home/erion/Projects/buildroot/output/build/glibc-2.38-44-gd37c2b20a4787463d192b32041c3406c2bd91de0/build/elf/dl-allobjs.os (__readdir64)
/home/erion/Projects/buildroot/output/build/glibc-2.38-44-gd37c2b20a4787463d192b32041c3406c2bd91de0/build/elf/rtld-libc.a(rtld-fdopendir.os)
                              /home/erion/Projects/buildroot/output/build/glibc-2.38-44-gd37c2b20a4787463d192b32041c3406c2bd91de0/build/elf/dl-allobjs.os (__fdopendir)
/home/erion/Projects/buildroot/output/build/glibc-2.38-44-gd37c2b20a4787463d192b32041c3406c2bd91de0/build/elf/rtld-libc.a(rtld-getdents64.os)
                              /home/erion/Projects/buildroot/output/build/glibc-2.38-44-gd37c2b20a4787463d192b32041c3406c2bd91de0/build/elf/rtld-libc.a(rtld-readdir64.os) (__getdents64)
/home/erion/Projects/buildroot/output/build/glibc-2.38-44-gd37c2b20a4787463d192b32041c3406c2bd91de0/build/elf/rtld-libc.a(rtld-dl-addr-obj.os)
                              /home/erion/Projects/buildroot/output/build/glibc-2.38-44-gd37c2b20a4787463d192b32041c3406c2bd91de0/build/elf/dl-allobjs.os (_dl_addr_inside_object)
/home/erion/Projects/buildroot/output/build/glibc-2.38-44-gd37c2b20a4787463d192b32041c3406c2bd91de0/build/elf/rtld-libc.a(rtld-profil.os)
                              /home/erion/Projects/buildroot/output/build/glibc-2.38-44-gd37c2b20a4787463d192b32041c3406c2bd91de0/build/elf/dl-allobjs.os (__profil)
/home/erion/Projects/buildroot/output/build/glibc-2.38-44-gd37c2b20a4787463d192b32041c3406c2bd91de0/build/elf/rtld-libc.a(rtld-prof-freq.os)
                              /home/erion/Projects/buildroot/output/build/glibc-2.38-44-gd37c2b20a4787463d192b32041c3406c2bd91de0/build/elf/dl-allobjs.os (__profile_frequency)
/home/erion/Projects/buildroot/output/build/glibc-2.38-44-gd37c2b20a4787463d192b32041c3406c2bd91de0/build/elf/rtld-libc.a(rtld-access.os)
                              /home/erion/Projects/buildroot/output/build/glibc-2.38-44-gd37c2b20a4787463d192b32041c3406c2bd91de0/build/elf/dl-allobjs.os (__access)
/home/erion/Projects/buildroot/output/build/glibc-2.38-44-gd37c2b20a4787463d192b32041c3406c2bd91de0/build/elf/rtld-libc.a(rtld-fstat64.os)
                              /home/erion/Projects/buildroot/output/build/glibc-2.38-44-gd37c2b20a4787463d192b32041c3406c2bd91de0/build/elf/dl-allobjs.os (__GI___fstat64)
/home/erion/Projects/buildroot/output/build/glibc-2.38-44-gd37c2b20a4787463d192b32041c3406c2bd91de0/build/elf/rtld-libc.a(rtld-fstatat64.os)
                              /home/erion/Projects/buildroot/output/build/glibc-2.38-44-gd37c2b20a4787463d192b32041c3406c2bd91de0/build/elf/dl-allobjs.os (__GI___fstatat64)
/home/erion/Projects/buildroot/output/build/glibc-2.38-44-gd37c2b20a4787463d192b32041c3406c2bd91de0/build/elf/rtld-libc.a(rtld-lseek64.os)
                              /home/erion/Projects/buildroot/output/build/glibc-2.38-44-gd37c2b20a4787463d192b32041c3406c2bd91de0/build/elf/dl-allobjs.os (__lseek)
/home/erion/Projects/buildroot/output/build/glibc-2.38-44-gd37c2b20a4787463d192b32041c3406c2bd91de0/build/elf/rtld-libc.a(rtld-lstat64.os)
                              /home/erion/Projects/buildroot/output/build/glibc-2.38-44-gd37c2b20a4787463d192b32041c3406c2bd91de0/build/elf/dl-allobjs.os (__GI___lstat64)
/home/erion/Projects/buildroot/output/build/glibc-2.38-44-gd37c2b20a4787463d192b32041c3406c2bd91de0/build/elf/rtld-libc.a(rtld-openat64.os)
[...]
Memory Configuration

Name             Origin             Length             Attributes
*default*        0x0000000000000000 0xffffffffffffffff

Linker script and memory map

START GROUP
LOAD /home/erion/Projects/buildroot/output/build/glibc-2.38-44-gd37c2b20a4787463d192b32041c3406c2bd91de0/build/elf/dl-allobjs.os
LOAD /home/erion/Projects/buildroot/output/build/glibc-2.38-44-gd37c2b20a4787463d192b32041c3406c2bd91de0/build/elf/rtld-libc.a
LOAD /home/erion/Projects/buildroot/output/host/lib/gcc/aarch64-buildroot-linux-gnu/12.3.0/libgcc.a
END GROUP

.interp
 *(.interp)

.note.gnu.build-id
 *(.note.gnu.build-id)

.hash
 *(.hash)

.gnu.hash
 *(.gnu.hash)

.dynsym
 *(.dynsym)

.dynstr
 *(.dynstr)

.gnu.version
 *(.gnu.version)

.gnu.version_d
 *(.gnu.version_d)

.gnu.version_r
 *(.gnu.version_r)

.rela.init
 *(.rela.init)

.rela.text
 *(.rela.text)

.rela.fini
 *(.rela.fini)

.rela.rodata
 *(.rela.rodata)

.rela.data.rel.ro
 *(.rela.data.rel.ro)

.rela.data
 *(.rela.data)

.rela.tdata
 *(.rela.tdata)

.rela.tbss
 *(.rela.tbss)

.rela.ctors
 *(.rela.ctors)

.rela.dtors
 *(.rela.dtors)

.rela.got
 *(.rela.got)

.rela.bss
 *(.rela.bss)

.rela.ifunc
 *(.rela.ifunc)

.rela.plt
 *(.rela.plt)

.init
 *(SORT_NONE(.init))

.plt
 *(.plt)

.text           0x0000000000000000    0x1b8fc
 *(.text .stub)
 .text          0x0000000000000000    0x19788 /home/erion/Projects/buildroot/output/build/glibc-2.38-44-gd37c2b20a4787463d192b32041c3406c2bd91de0/build/elf/dl-allobjs.os
                0x0000000000000000                _dl_call_libc_early_init
                0x00000000000000a0                _dl_call_fini
                0x0000000000000210                _dl_signal_exception
                0x0000000000000210                __GI__dl_signal_exception
                0x0000000000000280                __GI__dl_signal_error
                0x0000000000000280                _dl_signal_error
                0x00000000000002f0                _dl_signal_cexception
                0x0000000000000390                _dl_signal_cerror
                0x0000000000000440                _dl_receive_error
                0x00000000000004f0                _dl_catch_exception
                0x00000000000004f0                __GI__dl_catch_exception
                0x0000000000000640                _dl_catch_error
                0x00000000000007e0                _dl_close_worker
                0x0000000000001470                _dl_close
                0x0000000000001500                _dl_debug_state
                0x0000000000001500                __GI__dl_debug_state
                0x0000000000001510                _dl_debug_update
                0x0000000000001580                _dl_debug_initialize
                0x0000000000001720                _dl_map_object_deps
                0x0000000000002360                _dl_error_free
                0x0000000000002390                _dl_exception_create
                0x0000000000002390                __GI__dl_exception_create
                0x0000000000002470                __GI__dl_exception_create_format
                0x0000000000002470                _dl_exception_create_format
                0x0000000000002880                _dl_exception_free
                0x0000000000002880                __GI__dl_exception_free
                0x00000000000028c0                _dl_make_stacks_executable
                0x0000000000002a60                __GI___nptl_change_stack_perm
                0x0000000000002a60                __nptl_change_stack_perm
                0x0000000000002c90                __GI__dl_find_object
                0x0000000000002c90                _dl_find_object
                0x0000000000002fc0                _dlfo_sort_mappings
                0x0000000000003050                _dl_find_object_init
                0x00000000000031a0                _dl_find_object_update
                0x00000000000036a0                _dl_find_object_dlclose
                0x0000000000003770                _dl_find_object_freeres
                0x00000000000037f0                _dl_fini
                0x0000000000003c20                _dl_init
                0x0000000000004ad0                _dl_dst_count
                0x0000000000004b90                _dl_dst_substitute
                0x0000000000005300                _dl_init_paths
                0x0000000000005690                _dl_process_pt_gnu_property
                0x0000000000006af0                _dl_map_object
                0x0000000000007550                _dl_rtld_di_serinfo
                0x0000000000008300                _dl_lookup_symbol_x
                0x0000000000008db0                _dl_lookup_direct
                0x0000000000008f20                __minimal_malloc
                0x0000000000009050                __minimal_calloc
                0x0000000000009090                __minimal_free
                0x00000000000090e0                __minimal_realloc
                0x0000000000009180                _dl_sysdep_read_whole_file
                0x0000000000009220                _dl_name_match_p
                0x0000000000009290                _dl_higher_prime_number
                0x00000000000092e0                _dl_strtoul
                0x0000000000009430                _dl_add_to_namespace_list
                0x00000000000094f0                _dl_new_object
                0x0000000000009cd0                __GI__dl_find_dso_for_object
                0x0000000000009cd0                _dl_find_dso_for_object
                0x0000000000009dc0                _dl_open
                0x000000000000a080                _dl_show_scope
                0x000000000000aa30                _dl_get_origin
                0x000000000000b2c0                _dl_debug_printf
                0x000000000000b350                _dl_debug_printf_c
                0x000000000000b3e0                _dl_dprintf
                0x000000000000b460                _dl_printf
                0x000000000000b4e0                _dl_error_printf
                0x000000000000b560                _dl_fatal_printf
                0x000000000000b560                __GI__dl_fatal_printf
                0x000000000000b5e0                _dl_start_profile
                0x000000000000bc30                __GI__dl_mcount
                0x000000000000bc30                _dl_mcount
                0x000000000000bed0                _dl_try_allocate_static_tls
                0x000000000000bfe0                _dl_allocate_static_tls
                0x000000000000c030                _dl_protect_relro
                0x000000000000c0b0                _dl_reloc_bad_type
                0x000000000000c180                _dl_relocate_object
                0x000000000000da20                _dl_fixup
                0x000000000000dcd0                _dl_profile_fixup
                0x000000000000e070                _dl_scope_free
                0x000000000000e170                _dl_setup_hash
                0x000000000000e360                _dl_sort_maps_init
                0x000000000000e3a0                _dl_sort_maps
                0x000000000000e7b0                __thread_gscope_wait
                0x000000000000eca0                _dl_tls_static_surplus_init
                0x000000000000ed50                _dl_assign_tls_modid
                0x000000000000ee90                _dl_count_modids
                0x000000000000eef0                _dl_determine_tlsoffset
                0x000000000000f0a0                _dl_get_tls_static_info
                0x000000000000f0c0                _dl_allocate_tls_storage
                0x000000000000f170                __GI__dl_allocate_tls_init
                0x000000000000f170                _dl_allocate_tls_init
                0x000000000000f3c0                __GI__dl_allocate_tls
                0x000000000000f3c0                _dl_allocate_tls
                0x000000000000f3f0                _dl_deallocate_tls
                0x000000000000f3f0                __GI__dl_deallocate_tls
                0x000000000000f4b0                _dl_update_slotinfo
                0x000000000000f720                __GI___tls_get_addr
                0x000000000000f720                __tls_get_addr
                0x000000000000f770                _dl_tls_get_addr_soft
                0x000000000000f800                _dl_add_to_slotinfo
                0x000000000000f920                _dl_init_static_tls
                0x000000000000fa70                __tls_pre_init_tp
                0x000000000000fac0                __tls_init_tp
                0x000000000000fbc8                _dl_runtime_resolve
                0x000000000000fc40                _dl_runtime_profile
                0x000000000000fec0                __GI___tunable_set_val
                0x000000000000fee0                __GI___tunables_init
                0x0000000000010470                __GI___tunables_print
                0x0000000000010570                __tunable_get_val
                0x0000000000010570                __GI___tunable_get_val
                0x00000000000105f0                _dl_check_map_versions
                0x0000000000010e10                _dl_check_all_versions
                0x0000000000010ea0                _dl_write
                0x0000000000010eb0                _dl_cache_libcmp
                0x00000000000115b0                _dl_load_cache_lookup
                0x00000000000118f0                _dl_unload_cache
                0x0000000000011980                _dl_bti_protect
                0x0000000000011aa0                _dl_bti_check
                0x0000000000011b10                _dl_make_tlsdesc_dynamic
                0x0000000000011d90                _dl_unmap
                0x0000000000011e30                _dl_tlsdesc_return
                0x0000000000011e3c                _dl_tlsdesc_undefweak
                0x0000000000011e58                _dl_tlsdesc_dynamic
                0x0000000000011f80                _dl_audit_activity_map
                0x0000000000012030                _dl_audit_activity_nsid
                0x0000000000012070                _dl_audit_objsearch
                0x0000000000012150                _dl_audit_objopen
                0x0000000000012240                _dl_audit_objclose
                0x0000000000012310                _dl_audit_preinit
                0x00000000000123c0                _dl_audit_symbind_alt
                0x00000000000123c0                __GI__dl_audit_symbind_alt
                0x0000000000012580                _dl_audit_symbind
                0x0000000000012870                _dl_audit_pltenter
                0x0000000000012ae0                _dl_audit_pltexit
                0x0000000000012d20                _dl_diagnostics_print_string
                0x0000000000012da0                _dl_diagnostics_print_labeled_string
                0x0000000000012df0                _dl_diagnostics_print_labeled_value
                0x0000000000012e10                _dl_print_diagnostics
                0x00000000000131e0                _dl_diagnostics_cpu
                0x00000000000132c0                _dl_diagnostics_kernel
                0x0000000000013380                _dl_next_ld_env_entry
                0x00000000000133d0                unsetenv
                0x0000000000013510                _dl_important_hwcaps
                0x0000000000013830                _dl_hwcaps_subdirs_active
                0x0000000000013840                _dl_hwcaps_split
                0x00000000000138e0                _dl_hwcaps_contains
                0x00000000000139b0                _dl_hwcaps_split_masked
                0x0000000000013a00                __rtld_libc_freeres
                0x0000000000013a10                __rtld_malloc_init_stubs
                0x0000000000013a50                __sigjmp_save
                0x0000000000013a60                __strerror_r
                0x0000000000013b50                __GI___libc_fatal
                0x0000000000013b50                __libc_fatal
                0x0000000000013b70                __GI___chk_fail
                0x0000000000013b70                __chk_fail
                0x0000000000013b80                __GI___assert_fail
                0x0000000000013b80                __assert_fail
                0x0000000000013bc0                __rtld_malloc_is_complete
                0x0000000000013d20                __rtld_malloc_init_real
                0x0000000000013e10                __GI___assert_perror_fail
                0x0000000000013e10                __assert_perror_fail
                0x0000000000013e80                _itoa
                0x0000000000013ee0                __strsep
                0x0000000000013ee0                strsep
                0x0000000000013ee0                __strsep_g
                0x0000000000013f70                __rtld_mutex_init
                0x00000000000141f0                _dl_sysdep_start
                0x00000000000143b0                _dl_sysdep_start_cleanup
                0x00000000000143c0                _dl_show_auxv
                0x0000000000014600                _dl_usage
                0x0000000000014660                _dl_version
                0x0000000000014680                _dl_help
                0x00000000000151a0                _dl_start
                0x00000000000158e0                handle_preload_list
                0x0000000000018ee0                __brk
                0x0000000000018ee0                brk
                0x0000000000018f20                __getcwd
                0x0000000000018f20                getcwd
                0x00000000000194d0                openat64
                0x0000000000019540                __alloc_dir
                0x0000000000019600                __opendir
                0x0000000000019600                opendir
                0x00000000000196a0                sbrk
                0x00000000000196a0                __sbrk
                0x0000000000019740                _start
                0x0000000000019758                _dl_start_user
 *fill*         0x0000000000019788        0x8 1f2003d5
 .text          0x0000000000019790       0xf0 /home/erion/Projects/buildroot/output/build/glibc-2.38-44-gd37c2b20a4787463d192b32041c3406c2bd91de0/build/elf/rtld-libc.a(rtld-check_fds.os)
                0x0000000000019850                __libc_check_standard_fds
 .text          0x0000000000019880        0x0 /home/erion/Projects/buildroot/output/build/glibc-2.38-44-gd37c2b20a4787463d192b32041c3406c2bd91de0/build/elf/rtld-libc.a(rtld-errno.os)
 .text          0x0000000000019880       0x44 /home/erion/Projects/buildroot/output/build/glibc-2.38-44-gd37c2b20a4787463d192b32041c3406c2bd91de0/build/elf/rtld-libc.a(rtld-closedir.os)
                0x0000000000019880                __closedir
                0x0000000000019880                closedir
 *fill*         0x00000000000198c4        0xc 1f2003d5
 .text          0x00000000000198d0       0x38 /home/erion/Projects/buildroot/output/build/glibc-2.38-44-gd37c2b20a4787463d192b32041c3406c2bd91de0/build/elf/rtld-libc.a(rtld-rewinddir.os)
                0x00000000000198d0                rewinddir
                0x00000000000198d0                __rewinddir
 *fill*         0x0000000000019908        0x8 1f2003d5
 .text          0x0000000000019910       0xa0 /home/erion/Projects/buildroot/output/build/glibc-2.38-44-gd37c2b20a4787463d192b32041c3406c2bd91de0/build/elf/rtld-libc.a(rtld-readdir64.os)
                0x0000000000019910                readdir
                0x0000000000019910                __readdir64
                0x0000000000019910                __readdir
                0x0000000000019910                readdir64
 .text          0x00000000000199b0       0x98 /home/erion/Projects/buildroot/output/build/glibc-2.38-44-gd37c2b20a4787463d192b32041c3406c2bd91de0/build/elf/rtld-libc.a(rtld-fdopendir.os)
                0x00000000000199b0                fdopendir
                0x00000000000199b0                __fdopendir
 *fill*         0x0000000000019a48        0x8 1f2003d5
 .text          0x0000000000019a50       0x38 /home/erion/Projects/buildroot/output/build/glibc-2.38-44-gd37c2b20a4787463d192b32041c3406c2bd91de0/build/elf/rtld-libc.a(rtld-getdents64.os)
                0x0000000000019a50                __getdents
                0x0000000000019a50                getdents64
                0x0000000000019a50                __getdents64
 *fill*         0x0000000000019a88        0x8 1f2003d5
 .text          0x0000000000019a90       0x70 /home/erion/Projects/buildroot/output/build/glibc-2.38-44-gd37c2b20a4787463d192b32041c3406c2bd91de0/build/elf/rtld-libc.a(rtld-dl-addr-obj.os)
                0x0000000000019a90                _dl_addr_inside_object
 .text          0x0000000000019b00       0xf4 /home/erion/Projects/buildroot/output/build/glibc-2.38-44-gd37c2b20a4787463d192b32041c3406c2bd91de0/build/elf/rtld-libc.a(rtld-profil.os)
                0x0000000000019b50                __profil
                0x0000000000019b50                profil
 *fill*         0x0000000000019bf4        0xc 1f2003d5
 .text          0x0000000000019c00        0xc /home/erion/Projects/buildroot/output/build/glibc-2.38-44-gd37c2b20a4787463d192b32041c3406c2bd91de0/build/elf/rtld-libc.a(rtld-prof-freq.os)
                0x0000000000019c00                __profile_frequency
 *fill*         0x0000000000019c0c        0x4 1f2003d5
 .text          0x0000000000019c10       0x34 /home/erion/Projects/buildroot/output/build/glibc-2.38-44-gd37c2b20a4787463d192b32041c3406c2bd91de0/build/elf/rtld-libc.a(rtld-access.os)
                0x0000000000019c10                access
                0x0000000000019c10                __access
 *fill*         0x0000000000019c44        0xc 1f2003d5
 .text          0x0000000000019c50       0x2c /home/erion/Projects/buildroot/output/build/glibc-2.38-44-gd37c2b20a4787463d192b32041c3406c2bd91de0/build/elf/rtld-libc.a(rtld-fstat64.os)
                0x0000000000019c50                __GI___fstat64
                0x0000000000019c50                fstat64
                0x0000000000019c50                fstat
                0x0000000000019c50                __fstat64
                0x0000000000019c50                __fstat
 *fill*         0x0000000000019c7c        0x4 1f2003d5
 .text          0x0000000000019c80       0x34 /home/erion/Projects/buildroot/output/build/glibc-2.38-44-gd37c2b20a4787463d192b32041c3406c2bd91de0/build/elf/rtld-libc.a(rtld-fstatat64.os)
                0x0000000000019c80                fstatat
                0x0000000000019c80                __fstatat
                0x0000000000019c80                fstatat64
                0x0000000000019c80                __fstatat64
                0x0000000000019c80                __GI___fstatat
                0x0000000000019c80                __GI___fstatat64
 *fill*         0x0000000000019cb4        0xc 1f2003d5
 .text          0x0000000000019cc0       0x30 /home/erion/Projects/buildroot/output/build/glibc-2.38-44-gd37c2b20a4787463d192b32041c3406c2bd91de0/build/elf/rtld-libc.a(rtld-lseek64.os)
                0x0000000000019cc0                __lseek64
                0x0000000000019cc0                lseek
                0x0000000000019cc0                __libc_lseek64
                0x0000000000019cc0                __lseek
                0x0000000000019cc0                __libc_lseek
                0x0000000000019cc0                lseek64
 .text          0x0000000000019cf0       0x14 /home/erion/Projects/buildroot/output/build/glibc-2.38-44-gd37c2b20a4787463d192b32041c3406c2bd91de0/build/elf/rtld-libc.a(rtld-lstat64.os)
                0x0000000000019cf0                __lstat64
                0x0000000000019cf0                lstat
                0x0000000000019cf0                lstat64
                0x0000000000019cf0                __GI___lstat64
                0x0000000000019cf0                __lstat
 *fill*         0x0000000000019d04        0xc 1f2003d5
 .text          0x0000000000019d10       0x8c /home/erion/Projects/buildroot/output/build/glibc-2.38-44-gd37c2b20a4787463d192b32041c3406c2bd91de0/build/elf/rtld-libc.a(rtld-openat64.os)
                0x0000000000019d10                __openat64
                0x0000000000019d10                __libc_openat64
                0x0000000000019d10                __openat
                0x0000000000019d10                openat
 *fill*         0x0000000000019d9c        0x4 1f2003d5
 .text          0x0000000000019da0       0x14 /home/erion/Projects/buildroot/output/build/glibc-2.38-44-gd37c2b20a4787463d192b32041c3406c2bd91de0/build/elf/rtld-libc.a(rtld-stat64.os)
                0x0000000000019da0                stat64
                0x0000000000019da0                __stat
                0x0000000000019da0                __stat64
                0x0000000000019da0                stat
                0x0000000000019da0                __GI___stat64
 *fill*         0x0000000000019db4        0xc 1f2003d5
 .text          0x0000000000019dc0       0x2c /home/erion/Projects/buildroot/output/build/glibc-2.38-44-gd37c2b20a4787463d192b32041c3406c2bd91de0/build/elf/rtld-libc.a(rtld-close_nocancel.os)
                0x0000000000019dc0                __GI___close_nocancel
 *fill*         0x0000000000019dec        0x4 1f2003d5
 .text          0x0000000000019df0      0x130 /home/erion/Projects/buildroot/output/build/glibc-2.38-44-gd37c2b20a4787463d192b32041c3406c2bd91de0/build/elf/rtld-libc.a(rtld-fcntl_nocancel.os)
                0x0000000000019df0                __fcntl64_nocancel
                0x0000000000019df0                __GI___fcntl64_nocancel
                0x0000000000019ea0                __fcntl64_nocancel_adjusted
 .text          0x0000000000019f20       0x8c /home/erion/Projects/buildroot/output/build/glibc-2.38-44-gd37c2b20a4787463d192b32041c3406c2bd91de0/build/elf/rtld-libc.a(rtld-open64_nocancel.os)
                0x0000000000019f20                __GI___open_nocancel
                0x0000000000019f20                __open_nocancel
                0x0000000000019f20                __GI___open64_nocancel
                0x0000000000019f20                __open64_nocancel
 *fill*         0x0000000000019fac        0x4 1f2003d5
 .text          0x0000000000019fb0       0x2c /home/erion/Projects/buildroot/output/build/glibc-2.38-44-gd37c2b20a4787463d192b32041c3406c2bd91de0/build/elf/rtld-libc.a(rtld-pread64_nocancel.os)
                0x0000000000019fb0                __GI___pread64_nocancel
                0x0000000000019fb0                __pread64_nocancel
 *fill*         0x0000000000019fdc        0x4 1f2003d5
 .text          0x0000000000019fe0       0x2c /home/erion/Projects/buildroot/output/build/glibc-2.38-44-gd37c2b20a4787463d192b32041c3406c2bd91de0/build/elf/rtld-libc.a(rtld-read_nocancel.os)
                0x0000000000019fe0                __read_nocancel
                0x0000000000019fe0                __GI___read_nocancel
 *fill*         0x000000000001a00c        0x4 1f2003d5
 .text          0x000000000001a010       0x2c /home/erion/Projects/buildroot/output/build/glibc-2.38-44-gd37c2b20a4787463d192b32041c3406c2bd91de0/build/elf/rtld-libc.a(rtld-write_nocancel.os)
                0x000000000001a010                __GI___write_nocancel
                0x000000000001a010                __write_nocancel
 *fill*         0x000000000001a03c        0x4 1f2003d5
 .text          0x000000000001a040       0xdc /home/erion/Projects/buildroot/output/build/glibc-2.38-44-gd37c2b20a4787463d192b32041c3406c2bd91de0/build/elf/rtld-libc.a(rtld-scratch_buffer_set_array_size.os)
                0x000000000001a040                __libc_scratch_buffer_set_array_size
 *fill*         0x000000000001a11c        0x4 1f2003d5
 .text          0x000000000001a120       0x50 /home/erion/Projects/buildroot/output/build/glibc-2.38-44-gd37c2b20a4787463d192b32041c3406c2bd91de0/build/elf/rtld-libc.a(rtld-mmap64.os)
                0x000000000001a120                __mmap
                0x000000000001a120                mmap
                0x000000000001a120                __mmap64
                0x000000000001a120                mmap64
 *fill*         0x000000000001a170       0x10 1f2003d5
 .text          0x000000000001a180       0x2c /home/erion/Projects/buildroot/output/build/glibc-2.38-44-gd37c2b20a4787463d192b32041c3406c2bd91de0/build/elf/rtld-libc.a(rtld-mprotect.os)
                0x000000000001a180                __mprotect
                0x000000000001a180                __GI___mprotect
                0x000000000001a180                __GI_mprotect
                0x000000000001a180                mprotect
 *fill*         0x000000000001a1ac       0x14 1f2003d5
 .text          0x000000000001a1c0       0x2c /home/erion/Projects/buildroot/output/build/glibc-2.38-44-gd37c2b20a4787463d192b32041c3406c2bd91de0/build/elf/rtld-libc.a(rtld-munmap.os)
                0x000000000001a1c0                munmap
                0x000000000001a1c0                __GI___munmap
                0x000000000001a1c0                __GI_munmap
                0x000000000001a1c0                __munmap
 *fill*         0x000000000001a1ec        0x4 1f2003d5
 .text          0x000000000001a1f0      0x140 /home/erion/Projects/buildroot/output/build/glibc-2.38-44-gd37c2b20a4787463d192b32041c3406c2bd91de0/build/elf/rtld-libc.a(rtld-lowlevellock.os)
                0x000000000001a1f0                __lll_lock_wait_private
                0x000000000001a270                __lll_lock_wait
                0x000000000001a2f0                __lll_lock_wake_private
                0x000000000001a310                __lll_lock_wake
 .text          0x000000000001a330       0x48 /home/erion/Projects/buildroot/output/build/glibc-2.38-44-gd37c2b20a4787463d192b32041c3406c2bd91de0/build/elf/rtld-libc.a(rtld-_exit.os)
                0x000000000001a330                _Exit
                0x000000000001a330                __GI__exit
                0x000000000001a330                _exit
 *fill*         0x000000000001a378        0x8 1f2003d5
 .text          0x000000000001a380       0x10 /home/erion/Projects/buildroot/output/build/glibc-2.38-44-gd37c2b20a4787463d192b32041c3406c2bd91de0/build/elf/rtld-libc.a(rtld-getpid.os)
                0x000000000001a380                __getpid
                0x000000000001a380                getpid
                0x000000000001a380                __GI_getpid
                0x000000000001a380                __GI___getpid
 *fill*         0x000000000001a390       0x30 1f2003d5
 .text          0x000000000001a3c0       0x2c /home/erion/Projects/buildroot/output/build/glibc-2.38-44-gd37c2b20a4787463d192b32041c3406c2bd91de0/build/elf/rtld-libc.a(rtld-uname.os)
                0x000000000001a3c0                uname
                0x000000000001a3c0                __GI_uname
                0x000000000001a3c0                __uname
                0x000000000001a3c0                __GI___uname
 .text          0x000000000001a3ec        0x0 /home/erion/Projects/buildroot/output/build/glibc-2.38-44-gd37c2b20a4787463d192b32041c3406c2bd91de0/build/elf/rtld-libc.a(rtld-environ.os)
 *fill*         0x000000000001a3ec       0x14 1f2003d5
 .text          0x000000000001a400       0xd4 /home/erion/Projects/buildroot/output/build/glibc-2.38-44-gd37c2b20a4787463d192b32041c3406c2bd91de0/build/elf/rtld-libc.a(rtld-setjmp.os)
                0x000000000001a400                setjmp
                0x000000000001a440                _setjmp
                0x000000000001a480                __sigsetjmp
                0x000000000001a480                __GI___sigsetjmp
 *fill*         0x000000000001a4d4       0x2c 1f2003d5
 .text          0x000000000001a500       0x5c /home/erion/Projects/buildroot/output/build/glibc-2.38-44-gd37c2b20a4787463d192b32041c3406c2bd91de0/build/elf/rtld-libc.a(rtld-__longjmp.os)
                0x000000000001a500                __longjmp
 *fill*         0x000000000001a55c        0x4 1f2003d5
 .text          0x000000000001a560       0x30 /home/erion/Projects/buildroot/output/build/glibc-2.38-44-gd37c2b20a4787463d192b32041c3406c2bd91de0/build/elf/rtld-libc.a(rtld-sigaction.os)
                0x000000000001a560                sigaction
                0x000000000001a560                __sigaction
 .text          0x000000000001a590      0x10c /home/erion/Projects/buildroot/output/build/glibc-2.38-44-gd37c2b20a4787463d192b32041c3406c2bd91de0/build/elf/rtld-libc.a(rtld-libc_sigaction.os)
                0x000000000001a590                __libc_sigaction
 *fill*         0x000000000001a69c       0x24 1f2003d5
 .text          0x000000000001a6c0      0x1c8 /home/erion/Projects/buildroot/output/build/glibc-2.38-44-gd37c2b20a4787463d192b32041c3406c2bd91de0/build/elf/rtld-libc.a(rtld-memcmp.os)
                0x000000000001a6c0                bcmp
                0x000000000001a6c0                __memcmpeq
                0x000000000001a6c0                memcmp
 *fill*         0x000000000001a888       0x38 1f2003d5
 .text          0x000000000001a8c0      0x1ec /home/erion/Projects/buildroot/output/build/glibc-2.38-44-gd37c2b20a4787463d192b32041c3406c2bd91de0/build/elf/rtld-libc.a(rtld-memset.os)
                0x000000000001a8c0                memset
 *fill*         0x000000000001aaac       0x14 1f2003d5
 .text          0x000000000001aac0      0x150 /home/erion/Projects/buildroot/output/build/glibc-2.38-44-gd37c2b20a4787463d192b32041c3406c2bd91de0/build/elf/rtld-libc.a(rtld-stpcpy.os)
                0x000000000001aac0                stpcpy
                0x000000000001aac0                __stpcpy
 *fill*         0x000000000001ac10       0x30 1f2003d5
 .text          0x000000000001ac40       0xac /home/erion/Projects/buildroot/output/build/glibc-2.38-44-gd37c2b20a4787463d192b32041c3406c2bd91de0/build/elf/rtld-libc.a(rtld-strchr.os)
                0x000000000001ac40                index
                0x000000000001ac40                strchr
 *fill*         0x000000000001acec       0x14 1f2003d5
 .text          0x000000000001ad00      0x134 /home/erion/Projects/buildroot/output/build/glibc-2.38-44-gd37c2b20a4787463d192b32041c3406c2bd91de0/build/elf/rtld-libc.a(rtld-strcmp.os)
                0x000000000001ad00                strcmp
 *fill*         0x000000000001ae34        0xc 1f2003d5
 .text          0x000000000001ae40      0x120 /home/erion/Projects/buildroot/output/build/glibc-2.38-44-gd37c2b20a4787463d192b32041c3406c2bd91de0/build/elf/rtld-libc.a(rtld-strcspn.os)
                0x000000000001ae40                strcspn
 .text          0x000000000001af60       0x4c /home/erion/Projects/buildroot/output/build/glibc-2.38-44-gd37c2b20a4787463d192b32041c3406c2bd91de0/build/elf/rtld-libc.a(rtld-strdup.os)
                0x000000000001af60                __strdup
                0x000000000001af60                strdup
 *fill*         0x000000000001afac        0x4 1f2003d5
 .text          0x000000000001afb0        0x4 /home/erion/Projects/buildroot/output/build/glibc-2.38-44-gd37c2b20a4787463d192b32041c3406c2bd91de0/build/elf/rtld-libc.a(rtld-strerrorname_np.os)
                0x000000000001afb0                strerrorname_np
 *fill*         0x000000000001afb4        0xc 1f2003d5
 .text          0x000000000001afc0      0x204 /home/erion/Projects/buildroot/output/build/glibc-2.38-44-gd37c2b20a4787463d192b32041c3406c2bd91de0/build/elf/rtld-libc.a(rtld-strncmp.os)
                0x000000000001afe4                strncmp
 *fill*         0x000000000001b1c4       0x3c 1f2003d5
 .text          0x000000000001b200       0xb8 /home/erion/Projects/buildroot/output/build/glibc-2.38-44-gd37c2b20a4787463d192b32041c3406c2bd91de0/build/elf/rtld-libc.a(rtld-strnlen.os)
                0x000000000001b200                __strnlen
                0x000000000001b200                strnlen
 *fill*         0x000000000001b2b8        0x8 1f2003d5
 .text          0x000000000001b2c0       0xc4 /home/erion/Projects/buildroot/output/build/glibc-2.38-44-gd37c2b20a4787463d192b32041c3406c2bd91de0/build/elf/rtld-libc.a(rtld-memchr_generic.os)
                0x000000000001b2c0                memchr
                0x000000000001b2c0                __memchr
 *fill*         0x000000000001b384       0x3c 1f2003d5
 .text          0x000000000001b3c0      0x1f0 /home/erion/Projects/buildroot/output/build/glibc-2.38-44-gd37c2b20a4787463d192b32041c3406c2bd91de0/build/elf/rtld-libc.a(rtld-memcpy_generic.os)
                0x000000000001b3c0                memcpy
                0x000000000001b500                memmove
 *fill*         0x000000000001b5b0       0x10 1f2003d5
 .text          0x000000000001b5c0       0x8c /home/erion/Projects/buildroot/output/build/glibc-2.38-44-gd37c2b20a4787463d192b32041c3406c2bd91de0/build/elf/rtld-libc.a(rtld-strlen_mte.os)
                0x000000000001b5c0                __strlen
                0x000000000001b5c0                strlen
 *fill*         0x000000000001b64c       0x34 1f2003d5
 .text          0x000000000001b680       0x90 /home/erion/Projects/buildroot/output/build/glibc-2.38-44-gd37c2b20a4787463d192b32041c3406c2bd91de0/build/elf/rtld-libc.a(rtld-strchrnul.os)
                0x000000000001b680                __strchrnul
                0x000000000001b680                strchrnul
 .text          0x000000000001b710       0x2c /home/erion/Projects/buildroot/output/build/glibc-2.38-44-gd37c2b20a4787463d192b32041c3406c2bd91de0/build/elf/rtld-libc.a(rtld-setitimer.os)
                0x000000000001b710                setitimer
                0x000000000001b710                __setitimer
 *fill*         0x000000000001b73c        0x4 1f2003d5
 .text          0x000000000001b740       0x34 /home/erion/Projects/buildroot/output/build/glibc-2.38-44-gd37c2b20a4787463d192b32041c3406c2bd91de0/build/elf/rtld-libc.a(rtld-errname.os)
                0x000000000001b740                __get_errname
 *fill*         0x000000000001b774        0xc 1f2003d5
 .text          0x000000000001b780       0x34 /home/erion/Projects/buildroot/output/host/lib/gcc/aarch64-buildroot-linux-gnu/12.3.0/libgcc.a(cas_4_2.o)
                0x000000000001b780                __aarch64_cas4_acq
 *fill*         0x000000000001b7b4        0xc 1f2003d5
 .text          0x000000000001b7c0       0x30 /home/erion/Projects/buildroot/output/host/lib/gcc/aarch64-buildroot-linux-gnu/12.3.0/libgcc.a(ldadd_4_1.o)
                0x000000000001b7c0                __aarch64_ldadd4_relax
 .text          0x000000000001b7f0       0x2c /home/erion/Projects/buildroot/output/host/lib/gcc/aarch64-buildroot-linux-gnu/12.3.0/libgcc.a(swp_4_2.o)
                0x000000000001b7f0                __aarch64_swp4_acq
 *fill*         0x000000000001b81c        0x4 1f2003d5
 .text          0x000000000001b820       0x2c /home/erion/Projects/buildroot/output/host/lib/gcc/aarch64-buildroot-linux-gnu/12.3.0/libgcc.a(swp_4_3.o)
                0x000000000001b820                __aarch64_swp4_rel
 .text          0x000000000001b84c        0x0 /home/erion/Projects/buildroot/output/host/lib/gcc/aarch64-buildroot-linux-gnu/12.3.0/libgcc.a(lse-init.o)
 *fill*         0x000000000001b84c        0x4 1f2003d5
 .text          0x000000000001b850       0xac /home/erion/Projects/buildroot/output/build/glibc-2.38-44-gd37c2b20a4787463d192b32041c3406c2bd91de0/build/elf/rtld-libc.a(rtld-getauxval.os)
                0x000000000001b850                __getauxval2
                0x000000000001b8c0                getauxval
                0x000000000001b8c0                __getauxval
 *(.gnu.warning)

.text.compat    0x0000000000000000        0x4
 .text.compat   0x0000000000000000        0x4 /home/erion/Projects/buildroot/output/build/glibc-2.38-44-gd37c2b20a4787463d192b32041c3406c2bd91de0/build/elf/dl-allobjs.os
                0x0000000000000000                __rtld_version_placeholder_1
                0x0000000000000000                __rtld_version_placeholder@GLIBC_2.34

.text.startup   0x0000000000000000       0x24
 .text.startup  0x0000000000000000       0x24 /home/erion/Projects/buildroot/output/host/lib/gcc/aarch64-buildroot-linux-gnu/12.3.0/libgcc.a(lse-init.o)

.fini
 *(SORT_NONE(.fini))

.rodata         0x0000000000000000     0x1085
 *(.rodata)
 .rodata        0x0000000000000000      0xb18 /home/erion/Projects/buildroot/output/build/glibc-2.38-44-gd37c2b20a4787463d192b32041c3406c2bd91de0/build/elf/dl-allobjs.os
 *fill*         0x0000000000000b18        0x8 
 .rodata        0x0000000000000b20      0x565 /home/erion/Projects/buildroot/output/build/glibc-2.38-44-gd37c2b20a4787463d192b32041c3406c2bd91de0/build/elf/rtld-libc.a(rtld-errname.os)

.rodata.str1.8  0x0000000000000000     0x4637
 .rodata.str1.8
                0x0000000000000000     0x45d1 /home/erion/Projects/buildroot/output/build/glibc-2.38-44-gd37c2b20a4787463d192b32041c3406c2bd91de0/build/elf/dl-allobjs.os
                0x0000000000002988                _dl_hwcaps_subdirs
 *fill*         0x00000000000045d1        0x7 
 .rodata.str1.8
                0x00000000000045d8       0x1a /home/erion/Projects/buildroot/output/build/glibc-2.38-44-gd37c2b20a4787463d192b32041c3406c2bd91de0/build/elf/rtld-libc.a(rtld-check_fds.os)
 *fill*         0x00000000000045f2        0x6 
 .rodata.str1.8
                0x00000000000045f8        0x1 /home/erion/Projects/buildroot/output/build/glibc-2.38-44-gd37c2b20a4787463d192b32041c3406c2bd91de0/build/elf/rtld-libc.a(rtld-fstat64.os)
 *fill*         0x00000000000045f9        0x7 
 .rodata.str1.8
                0x0000000000004600       0x37 /home/erion/Projects/buildroot/output/build/glibc-2.38-44-gd37c2b20a4787463d192b32041c3406c2bd91de0/build/elf/rtld-libc.a(rtld-lowlevellock.os)

.rodata.cst4    0x0000000000000000        0x8
 .rodata.cst4   0x0000000000000000        0x8 /home/erion/Projects/buildroot/output/build/glibc-2.38-44-gd37c2b20a4787463d192b32041c3406c2bd91de0/build/elf/dl-allobjs.os
                0x0000000000000004                __rseq_flags

.rodata.str1.16
                0x0000000000000000       0x73
 .rodata.str1.16
                0x0000000000000000       0x73 /home/erion/Projects/buildroot/output/build/glibc-2.38-44-gd37c2b20a4787463d192b32041c3406c2bd91de0/build/elf/dl-allobjs.os
                0x0000000000000040                __GI__itoa_lower_digits
                0x0000000000000040                _itoa_lower_digits

.rodata1
 *(.rodata1)

.eh_frame_hdr
 *(.eh_frame_hdr)

.eh_frame       0x0000000000000000     0x3cd0
 *(.eh_frame)
 .eh_frame      0x0000000000000000     0x3148 /home/erion/Projects/buildroot/output/build/glibc-2.38-44-gd37c2b20a4787463d192b32041c3406c2bd91de0/build/elf/dl-allobjs.os
                                       0x31c0 (size before relaxing)
 .eh_frame      0x0000000000003148       0x68 /home/erion/Projects/buildroot/output/build/glibc-2.38-44-gd37c2b20a4787463d192b32041c3406c2bd91de0/build/elf/rtld-libc.a(rtld-check_fds.os)
 .eh_frame      0x00000000000031b0       0x38 /home/erion/Projects/buildroot/output/build/glibc-2.38-44-gd37c2b20a4787463d192b32041c3406c2bd91de0/build/elf/rtld-libc.a(rtld-closedir.os)
 .eh_frame      0x00000000000031e8       0x38 /home/erion/Projects/buildroot/output/build/glibc-2.38-44-gd37c2b20a4787463d192b32041c3406c2bd91de0/build/elf/rtld-libc.a(rtld-rewinddir.os)
 .eh_frame      0x0000000000003220       0x40 /home/erion/Projects/buildroot/output/build/glibc-2.38-44-gd37c2b20a4787463d192b32041c3406c2bd91de0/build/elf/rtld-libc.a(rtld-readdir64.os)
 .eh_frame      0x0000000000003260       0x40 /home/erion/Projects/buildroot/output/build/glibc-2.38-44-gd37c2b20a4787463d192b32041c3406c2bd91de0/build/elf/rtld-libc.a(rtld-fdopendir.os)
 .eh_frame      0x00000000000032a0       0x28 /home/erion/Projects/buildroot/output/build/glibc-2.38-44-gd37c2b20a4787463d192b32041c3406c2bd91de0/build/elf/rtld-libc.a(rtld-getdents64.os)
 .eh_frame      0x00000000000032c8       0x28 /home/erion/Projects/buildroot/output/build/glibc-2.38-44-gd37c2b20a4787463d192b32041c3406c2bd91de0/build/elf/rtld-libc.a(rtld-dl-addr-obj.os)
 .eh_frame      0x00000000000032f0       0x50 /home/erion/Projects/buildroot/output/build/glibc-2.38-44-gd37c2b20a4787463d192b32041c3406c2bd91de0/build/elf/rtld-libc.a(rtld-profil.os)
 .eh_frame      0x0000000000003340       0x28 /home/erion/Projects/buildroot/output/build/glibc-2.38-44-gd37c2b20a4787463d192b32041c3406c2bd91de0/build/elf/rtld-libc.a(rtld-prof-freq.os)
 .eh_frame      0x0000000000003368       0x28 /home/erion/Projects/buildroot/output/build/glibc-2.38-44-gd37c2b20a4787463d192b32041c3406c2bd91de0/build/elf/rtld-libc.a(rtld-access.os)
 .eh_frame      0x0000000000003390       0x28 /home/erion/Projects/buildroot/output/build/glibc-2.38-44-gd37c2b20a4787463d192b32041c3406c2bd91de0/build/elf/rtld-libc.a(rtld-fstat64.os)
 .eh_frame      0x00000000000033b8       0x28 /home/erion/Projects/buildroot/output/build/glibc-2.38-44-gd37c2b20a4787463d192b32041c3406c2bd91de0/build/elf/rtld-libc.a(rtld-fstatat64.os)
 .eh_frame      0x00000000000033e0       0x28 /home/erion/Projects/buildroot/output/build/glibc-2.38-44-gd37c2b20a4787463d192b32041c3406c2bd91de0/build/elf/rtld-libc.a(rtld-lseek64.os)
 .eh_frame      0x0000000000003408       0x28 /home/erion/Projects/buildroot/output/build/glibc-2.38-44-gd37c2b20a4787463d192b32041c3406c2bd91de0/build/elf/rtld-libc.a(rtld-lstat64.os)
 .eh_frame      0x0000000000003430       0x38 /home/erion/Projects/buildroot/output/build/glibc-2.38-44-gd37c2b20a4787463d192b32041c3406c2bd91de0/build/elf/rtld-libc.a(rtld-openat64.os)
 .eh_frame      0x0000000000003468       0x28 /home/erion/Projects/buildroot/output/build/glibc-2.38-44-gd37c2b20a4787463d192b32041c3406c2bd91de0/build/elf/rtld-libc.a(rtld-stat64.os)
 .eh_frame      0x0000000000003490       0x28 /home/erion/Projects/buildroot/output/build/glibc-2.38-44-gd37c2b20a4787463d192b32041c3406c2bd91de0/build/elf/rtld-libc.a(rtld-close_nocancel.os)
 .eh_frame      0x00000000000034b8       0x60 /home/erion/Projects/buildroot/output/build/glibc-2.38-44-gd37c2b20a4787463d192b32041c3406c2bd91de0/build/elf/rtld-libc.a(rtld-fcntl_nocancel.os)
 .eh_frame      0x0000000000003518       0x38 /home/erion/Projects/buildroot/output/build/glibc-2.38-44-gd37c2b20a4787463d192b32041c3406c2bd91de0/build/elf/rtld-libc.a(rtld-open64_nocancel.os)
 .eh_frame      0x0000000000003550       0x28 /home/erion/Projects/buildroot/output/build/glibc-2.38-44-gd37c2b20a4787463d192b32041c3406c2bd91de0/build/elf/rtld-libc.a(rtld-pread64_nocancel.os)
 .eh_frame      0x0000000000003578       0x28 /home/erion/Projects/buildroot/output/build/glibc-2.38-44-gd37c2b20a4787463d192b32041c3406c2bd91de0/build/elf/rtld-libc.a(rtld-read_nocancel.os)
 .eh_frame      0x00000000000035a0       0x28 /home/erion/Projects/buildroot/output/build/glibc-2.38-44-gd37c2b20a4787463d192b32041c3406c2bd91de0/build/elf/rtld-libc.a(rtld-write_nocancel.os)
 .eh_frame      0x00000000000035c8       0x58 /home/erion/Projects/buildroot/output/build/glibc-2.38-44-gd37c2b20a4787463d192b32041c3406c2bd91de0/build/elf/rtld-libc.a(rtld-scratch_buffer_set_array_size.os)
 .eh_frame      0x0000000000003620       0x28 /home/erion/Projects/buildroot/output/build/glibc-2.38-44-gd37c2b20a4787463d192b32041c3406c2bd91de0/build/elf/rtld-libc.a(rtld-mmap64.os)
 .eh_frame      0x0000000000003648       0x28 /home/erion/Projects/buildroot/output/build/glibc-2.38-44-gd37c2b20a4787463d192b32041c3406c2bd91de0/build/elf/rtld-libc.a(rtld-mprotect.os)
 .eh_frame      0x0000000000003670       0x28 /home/erion/Projects/buildroot/output/build/glibc-2.38-44-gd37c2b20a4787463d192b32041c3406c2bd91de0/build/elf/rtld-libc.a(rtld-munmap.os)
 .eh_frame      0x0000000000003698       0x88 /home/erion/Projects/buildroot/output/build/glibc-2.38-44-gd37c2b20a4787463d192b32041c3406c2bd91de0/build/elf/rtld-libc.a(rtld-lowlevellock.os)
 .eh_frame      0x0000000000003720       0x28 /home/erion/Projects/buildroot/output/build/glibc-2.38-44-gd37c2b20a4787463d192b32041c3406c2bd91de0/build/elf/rtld-libc.a(rtld-_exit.os)
 .eh_frame      0x0000000000003748       0x28 /home/erion/Projects/buildroot/output/build/glibc-2.38-44-gd37c2b20a4787463d192b32041c3406c2bd91de0/build/elf/rtld-libc.a(rtld-getpid.os)
 .eh_frame      0x0000000000003770       0x28 /home/erion/Projects/buildroot/output/build/glibc-2.38-44-gd37c2b20a4787463d192b32041c3406c2bd91de0/build/elf/rtld-libc.a(rtld-uname.os)
 .eh_frame      0x0000000000003798       0x50 /home/erion/Projects/buildroot/output/build/glibc-2.38-44-gd37c2b20a4787463d192b32041c3406c2bd91de0/build/elf/rtld-libc.a(rtld-setjmp.os)
 .eh_frame      0x00000000000037e8       0x90 /home/erion/Projects/buildroot/output/build/glibc-2.38-44-gd37c2b20a4787463d192b32041c3406c2bd91de0/build/elf/rtld-libc.a(rtld-__longjmp.os)
 .eh_frame      0x0000000000003878       0x28 /home/erion/Projects/buildroot/output/build/glibc-2.38-44-gd37c2b20a4787463d192b32041c3406c2bd91de0/build/elf/rtld-libc.a(rtld-sigaction.os)
 .eh_frame      0x00000000000038a0       0x38 /home/erion/Projects/buildroot/output/build/glibc-2.38-44-gd37c2b20a4787463d192b32041c3406c2bd91de0/build/elf/rtld-libc.a(rtld-libc_sigaction.os)
 .eh_frame      0x00000000000038d8       0x28 /home/erion/Projects/buildroot/output/build/glibc-2.38-44-gd37c2b20a4787463d192b32041c3406c2bd91de0/build/elf/rtld-libc.a(rtld-memcmp.os)
 .eh_frame      0x0000000000003900       0x28 /home/erion/Projects/buildroot/output/build/glibc-2.38-44-gd37c2b20a4787463d192b32041c3406c2bd91de0/build/elf/rtld-libc.a(rtld-memset.os)
 .eh_frame      0x0000000000003928       0x28 /home/erion/Projects/buildroot/output/build/glibc-2.38-44-gd37c2b20a4787463d192b32041c3406c2bd91de0/build/elf/rtld-libc.a(rtld-stpcpy.os)
 .eh_frame      0x0000000000003950       0x28 /home/erion/Projects/buildroot/output/build/glibc-2.38-44-gd37c2b20a4787463d192b32041c3406c2bd91de0/build/elf/rtld-libc.a(rtld-strchr.os)
 .eh_frame      0x0000000000003978       0x28 /home/erion/Projects/buildroot/output/build/glibc-2.38-44-gd37c2b20a4787463d192b32041c3406c2bd91de0/build/elf/rtld-libc.a(rtld-strcmp.os)
 .eh_frame      0x00000000000039a0       0x40 /home/erion/Projects/buildroot/output/build/glibc-2.38-44-gd37c2b20a4787463d192b32041c3406c2bd91de0/build/elf/rtld-libc.a(rtld-strcspn.os)
 .eh_frame      0x00000000000039e0       0x48 /home/erion/Projects/buildroot/output/build/glibc-2.38-44-gd37c2b20a4787463d192b32041c3406c2bd91de0/build/elf/rtld-libc.a(rtld-strdup.os)
 .eh_frame      0x0000000000003a28       0x28 /home/erion/Projects/buildroot/output/build/glibc-2.38-44-gd37c2b20a4787463d192b32041c3406c2bd91de0/build/elf/rtld-libc.a(rtld-strerrorname_np.os)
 .eh_frame      0x0000000000003a50       0x28 /home/erion/Projects/buildroot/output/build/glibc-2.38-44-gd37c2b20a4787463d192b32041c3406c2bd91de0/build/elf/rtld-libc.a(rtld-strncmp.os)
 .eh_frame      0x0000000000003a78       0x28 /home/erion/Projects/buildroot/output/build/glibc-2.38-44-gd37c2b20a4787463d192b32041c3406c2bd91de0/build/elf/rtld-libc.a(rtld-strnlen.os)
 .eh_frame      0x0000000000003aa0       0x28 /home/erion/Projects/buildroot/output/build/glibc-2.38-44-gd37c2b20a4787463d192b32041c3406c2bd91de0/build/elf/rtld-libc.a(rtld-memchr_generic.os)
 .eh_frame      0x0000000000003ac8       0x40 /home/erion/Projects/buildroot/output/build/glibc-2.38-44-gd37c2b20a4787463d192b32041c3406c2bd91de0/build/elf/rtld-libc.a(rtld-memcpy_generic.os)
 .eh_frame      0x0000000000003b08       0x28 /home/erion/Projects/buildroot/output/build/glibc-2.38-44-gd37c2b20a4787463d192b32041c3406c2bd91de0/build/elf/rtld-libc.a(rtld-strlen_mte.os)
 .eh_frame      0x0000000000003b30       0x28 /home/erion/Projects/buildroot/output/build/glibc-2.38-44-gd37c2b20a4787463d192b32041c3406c2bd91de0/build/elf/rtld-libc.a(rtld-strchrnul.os)
 .eh_frame      0x0000000000003b58       0x28 /home/erion/Projects/buildroot/output/build/glibc-2.38-44-gd37c2b20a4787463d192b32041c3406c2bd91de0/build/elf/rtld-libc.a(rtld-setitimer.os)
 .eh_frame      0x0000000000003b80       0x28 /home/erion/Projects/buildroot/output/build/glibc-2.38-44-gd37c2b20a4787463d192b32041c3406c2bd91de0/build/elf/rtld-libc.a(rtld-errname.os)
 .eh_frame      0x0000000000003ba8       0x28 /home/erion/Projects/buildroot/output/host/lib/gcc/aarch64-buildroot-linux-gnu/12.3.0/libgcc.a(cas_4_2.o)
 .eh_frame      0x0000000000003bd0       0x28 /home/erion/Projects/buildroot/output/host/lib/gcc/aarch64-buildroot-linux-gnu/12.3.0/libgcc.a(ldadd_4_1.o)
 .eh_frame      0x0000000000003bf8       0x28 /home/erion/Projects/buildroot/output/host/lib/gcc/aarch64-buildroot-linux-gnu/12.3.0/libgcc.a(swp_4_2.o)
 .eh_frame      0x0000000000003c20       0x28 /home/erion/Projects/buildroot/output/host/lib/gcc/aarch64-buildroot-linux-gnu/12.3.0/libgcc.a(swp_4_3.o)
 .eh_frame      0x0000000000003c48       0x38 /home/erion/Projects/buildroot/output/host/lib/gcc/aarch64-buildroot-linux-gnu/12.3.0/libgcc.a(lse-init.o)
 .eh_frame      0x0000000000003c80       0x50 /home/erion/Projects/buildroot/output/build/glibc-2.38-44-gd37c2b20a4787463d192b32041c3406c2bd91de0/build/elf/rtld-libc.a(rtld-getauxval.os)

.sframe
 *(.sframe)

.gcc_except_table
 *(.gcc_except_table)

.gnu_extab
 *(.gnu_extab*)

.exception_ranges
 *(.exception_ranges)

.eh_frame
 *(.eh_frame)

.sframe
 *(.sframe)

.gnu_extab
 *(.gnu_extab)

.gcc_except_table
 *(.gcc_except_table)

.exception_ranges
 *(.exception_ranges)

.tdata
 *(.tdata)

.tbss
 *(.tbss)

.jcr
 *(.jcr)

.dynamic
 *(.dynamic)

.got
 *(.got)

.got.plt
 *(.got.plt)

.data           0x0000000000000000     0x11a8
 *(.data)
 .data          0x0000000000000000     0x11a8 /home/erion/Projects/buildroot/output/build/glibc-2.38-44-gd37c2b20a4787463d192b32041c3406c2bd91de0/build/elf/dl-allobjs.os
                0x0000000000000000                _rtld_global
                0x0000000000000000                _rtld_local
 .data          0x00000000000011a8        0x0 /home/erion/Projects/buildroot/output/build/glibc-2.38-44-gd37c2b20a4787463d192b32041c3406c2bd91de0/build/elf/rtld-libc.a(rtld-check_fds.os)
 .data          0x00000000000011a8        0x0 /home/erion/Projects/buildroot/output/build/glibc-2.38-44-gd37c2b20a4787463d192b32041c3406c2bd91de0/build/elf/rtld-libc.a(rtld-errno.os)
 .data          0x00000000000011a8        0x0 /home/erion/Projects/buildroot/output/build/glibc-2.38-44-gd37c2b20a4787463d192b32041c3406c2bd91de0/build/elf/rtld-libc.a(rtld-closedir.os)
 .data          0x00000000000011a8        0x0 /home/erion/Projects/buildroot/output/build/glibc-2.38-44-gd37c2b20a4787463d192b32041c3406c2bd91de0/build/elf/rtld-libc.a(rtld-rewinddir.os)
 .data          0x00000000000011a8        0x0 /home/erion/Projects/buildroot/output/build/glibc-2.38-44-gd37c2b20a4787463d192b32041c3406c2bd91de0/build/elf/rtld-libc.a(rtld-readdir64.os)
 .data          0x00000000000011a8        0x0 /home/erion/Projects/buildroot/output/build/glibc-2.38-44-gd37c2b20a4787463d192b32041c3406c2bd91de0/build/elf/rtld-libc.a(rtld-fdopendir.os)
 .data          0x00000000000011a8        0x0 /home/erion/Projects/buildroot/output/build/glibc-2.38-44-gd37c2b20a4787463d192b32041c3406c2bd91de0/build/elf/rtld-libc.a(rtld-getdents64.os)
 .data          0x00000000000011a8        0x0 /home/erion/Projects/buildroot/output/build/glibc-2.38-44-gd37c2b20a4787463d192b32041c3406c2bd91de0/build/elf/rtld-libc.a(rtld-dl-addr-obj.os)
 .data          0x00000000000011a8        0x0 /home/erion/Projects/buildroot/output/build/glibc-2.38-44-gd37c2b20a4787463d192b32041c3406c2bd91de0/build/elf/rtld-libc.a(rtld-profil.os)
 .data          0x00000000000011a8        0x0 /home/erion/Projects/buildroot/output/build/glibc-2.38-44-gd37c2b20a4787463d192b32041c3406c2bd91de0/build/elf/rtld-libc.a(rtld-prof-freq.os)
 .data          0x00000000000011a8        0x0 /home/erion/Projects/buildroot/output/build/glibc-2.38-44-gd37c2b20a4787463d192b32041c3406c2bd91de0/build/elf/rtld-libc.a(rtld-access.os)
 .data          0x00000000000011a8        0x0 /home/erion/Projects/buildroot/output/build/glibc-2.38-44-gd37c2b20a4787463d192b32041c3406c2bd91de0/build/elf/rtld-libc.a(rtld-fstat64.os)
 .data          0x00000000000011a8        0x0 /home/erion/Projects/buildroot/output/build/glibc-2.38-44-gd37c2b20a4787463d192b32041c3406c2bd91de0/build/elf/rtld-libc.a(rtld-fstatat64.os)
 .data          0x00000000000011a8        0x0 /home/erion/Projects/buildroot/output/build/glibc-2.38-44-gd37c2b20a4787463d192b32041c3406c2bd91de0/build/elf/rtld-libc.a(rtld-lseek64.os)
 .data          0x00000000000011a8        0x0 /home/erion/Projects/buildroot/output/build/glibc-2.38-44-gd37c2b20a4787463d192b32041c3406c2bd91de0/build/elf/rtld-libc.a(rtld-lstat64.os)
 .data          0x00000000000011a8        0x0 /home/erion/Projects/buildroot/output/build/glibc-2.38-44-gd37c2b20a4787463d192b32041c3406c2bd91de0/build/elf/rtld-libc.a(rtld-openat64.os)
 .data          0x00000000000011a8        0x0 /home/erion/Projects/buildroot/output/build/glibc-2.38-44-gd37c2b20a4787463d192b32041c3406c2bd91de0/build/elf/rtld-libc.a(rtld-stat64.os)
 .data          0x00000000000011a8        0x0 /home/erion/Projects/buildroot/output/build/glibc-2.38-44-gd37c2b20a4787463d192b32041c3406c2bd91de0/build/elf/rtld-libc.a(rtld-close_nocancel.os)
 .data          0x00000000000011a8        0x0 /home/erion/Projects/buildroot/output/build/glibc-2.38-44-gd37c2b20a4787463d192b32041c3406c2bd91de0/build/elf/rtld-libc.a(rtld-fcntl_nocancel.os)
 .data          0x00000000000011a8        0x0 /home/erion/Projects/buildroot/output/build/glibc-2.38-44-gd37c2b20a4787463d192b32041c3406c2bd91de0/build/elf/rtld-libc.a(rtld-open64_nocancel.os)
 .data          0x00000000000011a8        0x0 /home/erion/Projects/buildroot/output/build/glibc-2.38-44-gd37c2b20a4787463d192b32041c3406c2bd91de0/build/elf/rtld-libc.a(rtld-pread64_nocancel.os)
 .data          0x00000000000011a8        0x0 /home/erion/Projects/buildroot/output/build/glibc-2.38-44-gd37c2b20a4787463d192b32041c3406c2bd91de0/build/elf/rtld-libc.a(rtld-read_nocancel.os)
 .data          0x00000000000011a8        0x0 /home/erion/Projects/buildroot/output/build/glibc-2.38-44-gd37c2b20a4787463d192b32041c3406c2bd91de0/build/elf/rtld-libc.a(rtld-write_nocancel.os)
 .data          0x00000000000011a8        0x0 /home/erion/Projects/buildroot/output/build/glibc-2.38-44-gd37c2b20a4787463d192b32041c3406c2bd91de0/build/elf/rtld-libc.a(rtld-scratch_buffer_set_array_size.os)
 .data          0x00000000000011a8        0x0 /home/erion/Projects/buildroot/output/build/glibc-2.38-44-gd37c2b20a4787463d192b32041c3406c2bd91de0/build/elf/rtld-libc.a(rtld-mmap64.os)
 .data          0x00000000000011a8        0x0 /home/erion/Projects/buildroot/output/build/glibc-2.38-44-gd37c2b20a4787463d192b32041c3406c2bd91de0/build/elf/rtld-libc.a(rtld-mprotect.os)
 .data          0x00000000000011a8        0x0 /home/erion/Projects/buildroot/output/build/glibc-2.38-44-gd37c2b20a4787463d192b32041c3406c2bd91de0/build/elf/rtld-libc.a(rtld-munmap.os)
 .data          0x00000000000011a8        0x0 /home/erion/Projects/buildroot/output/build/glibc-2.38-44-gd37c2b20a4787463d192b32041c3406c2bd91de0/build/elf/rtld-libc.a(rtld-lowlevellock.os)
 .data          0x00000000000011a8        0x0 /home/erion/Projects/buildroot/output/build/glibc-2.38-44-gd37c2b20a4787463d192b32041c3406c2bd91de0/build/elf/rtld-libc.a(rtld-_exit.os)
 .data          0x00000000000011a8        0x0 /home/erion/Projects/buildroot/output/build/glibc-2.38-44-gd37c2b20a4787463d192b32041c3406c2bd91de0/build/elf/rtld-libc.a(rtld-getpid.os)
 .data          0x00000000000011a8        0x0 /home/erion/Projects/buildroot/output/build/glibc-2.38-44-gd37c2b20a4787463d192b32041c3406c2bd91de0/build/elf/rtld-libc.a(rtld-uname.os)
 .data          0x00000000000011a8        0x0 /home/erion/Projects/buildroot/output/build/glibc-2.38-44-gd37c2b20a4787463d192b32041c3406c2bd91de0/build/elf/rtld-libc.a(rtld-environ.os)
 .data          0x00000000000011a8        0x0 /home/erion/Projects/buildroot/output/build/glibc-2.38-44-gd37c2b20a4787463d192b32041c3406c2bd91de0/build/elf/rtld-libc.a(rtld-setjmp.os)
 .data          0x00000000000011a8        0x0 /home/erion/Projects/buildroot/output/build/glibc-2.38-44-gd37c2b20a4787463d192b32041c3406c2bd91de0/build/elf/rtld-libc.a(rtld-__longjmp.os)
 .data          0x00000000000011a8        0x0 /home/erion/Projects/buildroot/output/build/glibc-2.38-44-gd37c2b20a4787463d192b32041c3406c2bd91de0/build/elf/rtld-libc.a(rtld-sigaction.os)
 .data          0x00000000000011a8        0x0 /home/erion/Projects/buildroot/output/build/glibc-2.38-44-gd37c2b20a4787463d192b32041c3406c2bd91de0/build/elf/rtld-libc.a(rtld-libc_sigaction.os)
 .data          0x00000000000011a8        0x0 /home/erion/Projects/buildroot/output/build/glibc-2.38-44-gd37c2b20a4787463d192b32041c3406c2bd91de0/build/elf/rtld-libc.a(rtld-memcmp.os)
 .data          0x00000000000011a8        0x0 /home/erion/Projects/buildroot/output/build/glibc-2.38-44-gd37c2b20a4787463d192b32041c3406c2bd91de0/build/elf/rtld-libc.a(rtld-memset.os)
 .data          0x00000000000011a8        0x0 /home/erion/Projects/buildroot/output/build/glibc-2.38-44-gd37c2b20a4787463d192b32041c3406c2bd91de0/build/elf/rtld-libc.a(rtld-stpcpy.os)
 .data          0x00000000000011a8        0x0 /home/erion/Projects/buildroot/output/build/glibc-2.38-44-gd37c2b20a4787463d192b32041c3406c2bd91de0/build/elf/rtld-libc.a(rtld-strchr.os)
 .data          0x00000000000011a8        0x0 /home/erion/Projects/buildroot/output/build/glibc-2.38-44-gd37c2b20a4787463d192b32041c3406c2bd91de0/build/elf/rtld-libc.a(rtld-strcmp.os)
 .data          0x00000000000011a8        0x0 /home/erion/Projects/buildroot/output/build/glibc-2.38-44-gd37c2b20a4787463d192b32041c3406c2bd91de0/build/elf/rtld-libc.a(rtld-strcspn.os)
 .data          0x00000000000011a8        0x0 /home/erion/Projects/buildroot/output/build/glibc-2.38-44-gd37c2b20a4787463d192b32041c3406c2bd91de0/build/elf/rtld-libc.a(rtld-strdup.os)
 .data          0x00000000000011a8        0x0 /home/erion/Projects/buildroot/output/build/glibc-2.38-44-gd37c2b20a4787463d192b32041c3406c2bd91de0/build/elf/rtld-libc.a(rtld-strerrorname_np.os)
 .data          0x00000000000011a8        0x0 /home/erion/Projects/buildroot/output/build/glibc-2.38-44-gd37c2b20a4787463d192b32041c3406c2bd91de0/build/elf/rtld-libc.a(rtld-strncmp.os)
 .data          0x00000000000011a8        0x0 /home/erion/Projects/buildroot/output/build/glibc-2.38-44-gd37c2b20a4787463d192b32041c3406c2bd91de0/build/elf/rtld-libc.a(rtld-strnlen.os)
 .data          0x00000000000011a8        0x0 /home/erion/Projects/buildroot/output/build/glibc-2.38-44-gd37c2b20a4787463d192b32041c3406c2bd91de0/build/elf/rtld-libc.a(rtld-memchr_generic.os)
 .data          0x00000000000011a8        0x0 /home/erion/Projects/buildroot/output/build/glibc-2.38-44-gd37c2b20a4787463d192b32041c3406c2bd91de0/build/elf/rtld-libc.a(rtld-memcpy_generic.os)
 .data          0x00000000000011a8        0x0 /home/erion/Projects/buildroot/output/build/glibc-2.38-44-gd37c2b20a4787463d192b32041c3406c2bd91de0/build/elf/rtld-libc.a(rtld-strlen_mte.os)
 .data          0x00000000000011a8        0x0 /home/erion/Projects/buildroot/output/build/glibc-2.38-44-gd37c2b20a4787463d192b32041c3406c2bd91de0/build/elf/rtld-libc.a(rtld-strchrnul.os)
 .data          0x00000000000011a8        0x0 /home/erion/Projects/buildroot/output/build/glibc-2.38-44-gd37c2b20a4787463d192b32041c3406c2bd91de0/build/elf/rtld-libc.a(rtld-setitimer.os)
 .data          0x00000000000011a8        0x0 /home/erion/Projects/buildroot/output/build/glibc-2.38-44-gd37c2b20a4787463d192b32041c3406c2bd91de0/build/elf/rtld-libc.a(rtld-errname.os)
 .data          0x00000000000011a8        0x0 /home/erion/Projects/buildroot/output/host/lib/gcc/aarch64-buildroot-linux-gnu/12.3.0/libgcc.a(cas_4_2.o)
 .data          0x00000000000011a8        0x0 /home/erion/Projects/buildroot/output/host/lib/gcc/aarch64-buildroot-linux-gnu/12.3.0/libgcc.a(ldadd_4_1.o)
 .data          0x00000000000011a8        0x0 /home/erion/Projects/buildroot/output/host/lib/gcc/aarch64-buildroot-linux-gnu/12.3.0/libgcc.a(swp_4_2.o)
 .data          0x00000000000011a8        0x0 /home/erion/Projects/buildroot/output/host/lib/gcc/aarch64-buildroot-linux-gnu/12.3.0/libgcc.a(swp_4_3.o)
 .data          0x00000000000011a8        0x0 /home/erion/Projects/buildroot/output/host/lib/gcc/aarch64-buildroot-linux-gnu/12.3.0/libgcc.a(lse-init.o)
 .data          0x00000000000011a8        0x0 /home/erion/Projects/buildroot/output/build/glibc-2.38-44-gd37c2b20a4787463d192b32041c3406c2bd91de0/build/elf/rtld-libc.a(rtld-getauxval.os)

.data.rel.ro    0x0000000000000000     0x1120
 .data.rel.ro   0x0000000000000000     0x1120 /home/erion/Projects/buildroot/output/build/glibc-2.38-44-gd37c2b20a4787463d192b32041c3406c2bd91de0/build/elf/dl-allobjs.os
                0x0000000000000050                __rtld_env_path_list
                0x0000000000000060                __rtld_search_dirs
                0x0000000000000070                __stack_prot
                0x0000000000000078                __rseq_offset
                0x0000000000000080                __rseq_size
                0x0000000000000e18                __rtld_calloc
                0x0000000000000e20                __rtld_free
                0x0000000000000e28                __rtld_malloc
                0x0000000000000e30                __rtld_realloc
                0x0000000000000e38                ___rtld_mutex_lock
                0x0000000000000e40                ___rtld_mutex_unlock
                0x0000000000000e48                __GI___libc_enable_secure
                0x0000000000000e48                __libc_enable_secure
                0x0000000000000e50                _dl_random
                0x0000000000000e58                __libc_stack_end
                0x0000000000000e58                __GI___libc_stack_end
                0x0000000000000e60                __GI__dl_argv
                0x0000000000000e60                _dl_argv
                0x0000000000000e68                _dl_argc
                0x0000000000000e70                __pointer_chk_guard
                0x0000000000000e70                __pointer_chk_guard_local
                0x0000000000000e78                __stack_chk_guard
                0x0000000000000e80                _rtld_global_ro
                0x0000000000000e80                _rtld_local_ro

.data.rel.ro.local
                0x0000000000000000       0xb8
 .data.rel.ro.local
                0x0000000000000000       0xb8 /home/erion/Projects/buildroot/output/build/glibc-2.38-44-gd37c2b20a4787463d192b32041c3406c2bd91de0/build/elf/dl-allobjs.os

.init_array     0x0000000000000000        0x8
 .init_array    0x0000000000000000        0x8 /home/erion/Projects/buildroot/output/host/lib/gcc/aarch64-buildroot-linux-gnu/12.3.0/libgcc.a(lse-init.o)

.data1
 *(.data1)

.bss            0x0000000000000000      0x1a1
 *(.bss)
 .bss           0x0000000000000000      0x170 /home/erion/Projects/buildroot/output/build/glibc-2.38-44-gd37c2b20a4787463d192b32041c3406c2bd91de0/build/elf/dl-allobjs.os
                0x0000000000000018                _r_debug_extended
                0x0000000000000018                _r_debug
                0x00000000000000d0                __nptl_initial_report_events
                0x00000000000000d0                __GI___nptl_initial_report_events
                0x0000000000000108                _dl_hwcaps_priorities
                0x0000000000000110                _dl_hwcaps_priorities_length
                0x0000000000000118                __rtld_tls_init_tp_called
                0x0000000000000168                ___brk_addr
                0x0000000000000168                __curbrk
 .bss           0x0000000000000170        0x0 /home/erion/Projects/buildroot/output/build/glibc-2.38-44-gd37c2b20a4787463d192b32041c3406c2bd91de0/build/elf/rtld-libc.a(rtld-check_fds.os)
 .bss           0x0000000000000170        0x4 /home/erion/Projects/buildroot/output/build/glibc-2.38-44-gd37c2b20a4787463d192b32041c3406c2bd91de0/build/elf/rtld-libc.a(rtld-errno.os)
                0x0000000000000170                rtld_errno
 .bss           0x0000000000000174        0x0 /home/erion/Projects/buildroot/output/build/glibc-2.38-44-gd37c2b20a4787463d192b32041c3406c2bd91de0/build/elf/rtld-libc.a(rtld-closedir.os)
 .bss           0x0000000000000174        0x0 /home/erion/Projects/buildroot/output/build/glibc-2.38-44-gd37c2b20a4787463d192b32041c3406c2bd91de0/build/elf/rtld-libc.a(rtld-rewinddir.os)
 .bss           0x0000000000000174        0x0 /home/erion/Projects/buildroot/output/build/glibc-2.38-44-gd37c2b20a4787463d192b32041c3406c2bd91de0/build/elf/rtld-libc.a(rtld-readdir64.os)
 .bss           0x0000000000000174        0x0 /home/erion/Projects/buildroot/output/build/glibc-2.38-44-gd37c2b20a4787463d192b32041c3406c2bd91de0/build/elf/rtld-libc.a(rtld-fdopendir.os)
 .bss           0x0000000000000174        0x0 /home/erion/Projects/buildroot/output/build/glibc-2.38-44-gd37c2b20a4787463d192b32041c3406c2bd91de0/build/elf/rtld-libc.a(rtld-getdents64.os)
 .bss           0x0000000000000174        0x0 /home/erion/Projects/buildroot/output/build/glibc-2.38-44-gd37c2b20a4787463d192b32041c3406c2bd91de0/build/elf/rtld-libc.a(rtld-dl-addr-obj.os)
 *fill*         0x0000000000000174        0x4 
 .bss           0x0000000000000178       0x20 /home/erion/Projects/buildroot/output/build/glibc-2.38-44-gd37c2b20a4787463d192b32041c3406c2bd91de0/build/elf/rtld-libc.a(rtld-profil.os)
 .bss           0x0000000000000198        0x0 /home/erion/Projects/buildroot/output/build/glibc-2.38-44-gd37c2b20a4787463d192b32041c3406c2bd91de0/build/elf/rtld-libc.a(rtld-prof-freq.os)
 .bss           0x0000000000000198        0x0 /home/erion/Projects/buildroot/output/build/glibc-2.38-44-gd37c2b20a4787463d192b32041c3406c2bd91de0/build/elf/rtld-libc.a(rtld-access.os)
 .bss           0x0000000000000198        0x0 /home/erion/Projects/buildroot/output/build/glibc-2.38-44-gd37c2b20a4787463d192b32041c3406c2bd91de0/build/elf/rtld-libc.a(rtld-fstat64.os)
 .bss           0x0000000000000198        0x0 /home/erion/Projects/buildroot/output/build/glibc-2.38-44-gd37c2b20a4787463d192b32041c3406c2bd91de0/build/elf/rtld-libc.a(rtld-fstatat64.os)
 .bss           0x0000000000000198        0x0 /home/erion/Projects/buildroot/output/build/glibc-2.38-44-gd37c2b20a4787463d192b32041c3406c2bd91de0/build/elf/rtld-libc.a(rtld-lseek64.os)
 .bss           0x0000000000000198        0x0 /home/erion/Projects/buildroot/output/build/glibc-2.38-44-gd37c2b20a4787463d192b32041c3406c2bd91de0/build/elf/rtld-libc.a(rtld-lstat64.os)
 .bss           0x0000000000000198        0x0 /home/erion/Projects/buildroot/output/build/glibc-2.38-44-gd37c2b20a4787463d192b32041c3406c2bd91de0/build/elf/rtld-libc.a(rtld-openat64.os)
 .bss           0x0000000000000198        0x0 /home/erion/Projects/buildroot/output/build/glibc-2.38-44-gd37c2b20a4787463d192b32041c3406c2bd91de0/build/elf/rtld-libc.a(rtld-stat64.os)
 .bss           0x0000000000000198        0x0 /home/erion/Projects/buildroot/output/build/glibc-2.38-44-gd37c2b20a4787463d192b32041c3406c2bd91de0/build/elf/rtld-libc.a(rtld-close_nocancel.os)
 .bss           0x0000000000000198        0x0 /home/erion/Projects/buildroot/output/build/glibc-2.38-44-gd37c2b20a4787463d192b32041c3406c2bd91de0/build/elf/rtld-libc.a(rtld-fcntl_nocancel.os)
 .bss           0x0000000000000198        0x0 /home/erion/Projects/buildroot/output/build/glibc-2.38-44-gd37c2b20a4787463d192b32041c3406c2bd91de0/build/elf/rtld-libc.a(rtld-open64_nocancel.os)
 .bss           0x0000000000000198        0x0 /home/erion/Projects/buildroot/output/build/glibc-2.38-44-gd37c2b20a4787463d192b32041c3406c2bd91de0/build/elf/rtld-libc.a(rtld-pread64_nocancel.os)
 .bss           0x0000000000000198        0x0 /home/erion/Projects/buildroot/output/build/glibc-2.38-44-gd37c2b20a4787463d192b32041c3406c2bd91de0/build/elf/rtld-libc.a(rtld-read_nocancel.os)
 .bss           0x0000000000000198        0x0 /home/erion/Projects/buildroot/output/build/glibc-2.38-44-gd37c2b20a4787463d192b32041c3406c2bd91de0/build/elf/rtld-libc.a(rtld-write_nocancel.os)
 .bss           0x0000000000000198        0x0 /home/erion/Projects/buildroot/output/build/glibc-2.38-44-gd37c2b20a4787463d192b32041c3406c2bd91de0/build/elf/rtld-libc.a(rtld-scratch_buffer_set_array_size.os)
 .bss           0x0000000000000198        0x0 /home/erion/Projects/buildroot/output/build/glibc-2.38-44-gd37c2b20a4787463d192b32041c3406c2bd91de0/build/elf/rtld-libc.a(rtld-mmap64.os)
 .bss           0x0000000000000198        0x0 /home/erion/Projects/buildroot/output/build/glibc-2.38-44-gd37c2b20a4787463d192b32041c3406c2bd91de0/build/elf/rtld-libc.a(rtld-mprotect.os)
 .bss           0x0000000000000198        0x0 /home/erion/Projects/buildroot/output/build/glibc-2.38-44-gd37c2b20a4787463d192b32041c3406c2bd91de0/build/elf/rtld-libc.a(rtld-munmap.os)
 .bss           0x0000000000000198        0x0 /home/erion/Projects/buildroot/output/build/glibc-2.38-44-gd37c2b20a4787463d192b32041c3406c2bd91de0/build/elf/rtld-libc.a(rtld-lowlevellock.os)
 .bss           0x0000000000000198        0x0 /home/erion/Projects/buildroot/output/build/glibc-2.38-44-gd37c2b20a4787463d192b32041c3406c2bd91de0/build/elf/rtld-libc.a(rtld-_exit.os)
 .bss           0x0000000000000198        0x0 /home/erion/Projects/buildroot/output/build/glibc-2.38-44-gd37c2b20a4787463d192b32041c3406c2bd91de0/build/elf/rtld-libc.a(rtld-getpid.os)
 .bss           0x0000000000000198        0x0 /home/erion/Projects/buildroot/output/build/glibc-2.38-44-gd37c2b20a4787463d192b32041c3406c2bd91de0/build/elf/rtld-libc.a(rtld-uname.os)
 .bss           0x0000000000000198        0x8 /home/erion/Projects/buildroot/output/build/glibc-2.38-44-gd37c2b20a4787463d192b32041c3406c2bd91de0/build/elf/rtld-libc.a(rtld-environ.os)
                0x0000000000000198                _environ
                0x0000000000000198                __environ
                0x0000000000000198                environ
 .bss           0x00000000000001a0        0x0 /home/erion/Projects/buildroot/output/build/glibc-2.38-44-gd37c2b20a4787463d192b32041c3406c2bd91de0/build/elf/rtld-libc.a(rtld-setjmp.os)
 .bss           0x00000000000001a0        0x0 /home/erion/Projects/buildroot/output/build/glibc-2.38-44-gd37c2b20a4787463d192b32041c3406c2bd91de0/build/elf/rtld-libc.a(rtld-__longjmp.os)
 .bss           0x00000000000001a0        0x0 /home/erion/Projects/buildroot/output/build/glibc-2.38-44-gd37c2b20a4787463d192b32041c3406c2bd91de0/build/elf/rtld-libc.a(rtld-sigaction.os)
 .bss           0x00000000000001a0        0x0 /home/erion/Projects/buildroot/output/build/glibc-2.38-44-gd37c2b20a4787463d192b32041c3406c2bd91de0/build/elf/rtld-libc.a(rtld-libc_sigaction.os)
 .bss           0x00000000000001a0        0x0 /home/erion/Projects/buildroot/output/build/glibc-2.38-44-gd37c2b20a4787463d192b32041c3406c2bd91de0/build/elf/rtld-libc.a(rtld-memcmp.os)
 .bss           0x00000000000001a0        0x0 /home/erion/Projects/buildroot/output/build/glibc-2.38-44-gd37c2b20a4787463d192b32041c3406c2bd91de0/build/elf/rtld-libc.a(rtld-memset.os)
 .bss           0x00000000000001a0        0x0 /home/erion/Projects/buildroot/output/build/glibc-2.38-44-gd37c2b20a4787463d192b32041c3406c2bd91de0/build/elf/rtld-libc.a(rtld-stpcpy.os)
 .bss           0x00000000000001a0        0x0 /home/erion/Projects/buildroot/output/build/glibc-2.38-44-gd37c2b20a4787463d192b32041c3406c2bd91de0/build/elf/rtld-libc.a(rtld-strchr.os)
 .bss           0x00000000000001a0        0x0 /home/erion/Projects/buildroot/output/build/glibc-2.38-44-gd37c2b20a4787463d192b32041c3406c2bd91de0/build/elf/rtld-libc.a(rtld-strcmp.os)
 .bss           0x00000000000001a0        0x0 /home/erion/Projects/buildroot/output/build/glibc-2.38-44-gd37c2b20a4787463d192b32041c3406c2bd91de0/build/elf/rtld-libc.a(rtld-strcspn.os)
 .bss           0x00000000000001a0        0x0 /home/erion/Projects/buildroot/output/build/glibc-2.38-44-gd37c2b20a4787463d192b32041c3406c2bd91de0/build/elf/rtld-libc.a(rtld-strdup.os)
 .bss           0x00000000000001a0        0x0 /home/erion/Projects/buildroot/output/build/glibc-2.38-44-gd37c2b20a4787463d192b32041c3406c2bd91de0/build/elf/rtld-libc.a(rtld-strerrorname_np.os)
 .bss           0x00000000000001a0        0x0 /home/erion/Projects/buildroot/output/build/glibc-2.38-44-gd37c2b20a4787463d192b32041c3406c2bd91de0/build/elf/rtld-libc.a(rtld-strncmp.os)
 .bss           0x00000000000001a0        0x0 /home/erion/Projects/buildroot/output/build/glibc-2.38-44-gd37c2b20a4787463d192b32041c3406c2bd91de0/build/elf/rtld-libc.a(rtld-strnlen.os)
 .bss           0x00000000000001a0        0x0 /home/erion/Projects/buildroot/output/build/glibc-2.38-44-gd37c2b20a4787463d192b32041c3406c2bd91de0/build/elf/rtld-libc.a(rtld-memchr_generic.os)
 .bss           0x00000000000001a0        0x0 /home/erion/Projects/buildroot/output/build/glibc-2.38-44-gd37c2b20a4787463d192b32041c3406c2bd91de0/build/elf/rtld-libc.a(rtld-memcpy_generic.os)
 .bss           0x00000000000001a0        0x0 /home/erion/Projects/buildroot/output/build/glibc-2.38-44-gd37c2b20a4787463d192b32041c3406c2bd91de0/build/elf/rtld-libc.a(rtld-strlen_mte.os)
 .bss           0x00000000000001a0        0x0 /home/erion/Projects/buildroot/output/build/glibc-2.38-44-gd37c2b20a4787463d192b32041c3406c2bd91de0/build/elf/rtld-libc.a(rtld-strchrnul.os)
 .bss           0x00000000000001a0        0x0 /home/erion/Projects/buildroot/output/build/glibc-2.38-44-gd37c2b20a4787463d192b32041c3406c2bd91de0/build/elf/rtld-libc.a(rtld-setitimer.os)
 .bss           0x00000000000001a0        0x0 /home/erion/Projects/buildroot/output/build/glibc-2.38-44-gd37c2b20a4787463d192b32041c3406c2bd91de0/build/elf/rtld-libc.a(rtld-errname.os)
 .bss           0x00000000000001a0        0x0 /home/erion/Projects/buildroot/output/host/lib/gcc/aarch64-buildroot-linux-gnu/12.3.0/libgcc.a(cas_4_2.o)
 .bss           0x00000000000001a0        0x0 /home/erion/Projects/buildroot/output/host/lib/gcc/aarch64-buildroot-linux-gnu/12.3.0/libgcc.a(ldadd_4_1.o)
 .bss           0x00000000000001a0        0x0 /home/erion/Projects/buildroot/output/host/lib/gcc/aarch64-buildroot-linux-gnu/12.3.0/libgcc.a(swp_4_2.o)
 .bss           0x00000000000001a0        0x0 /home/erion/Projects/buildroot/output/host/lib/gcc/aarch64-buildroot-linux-gnu/12.3.0/libgcc.a(swp_4_3.o)
 .bss           0x00000000000001a0        0x1 /home/erion/Projects/buildroot/output/host/lib/gcc/aarch64-buildroot-linux-gnu/12.3.0/libgcc.a(lse-init.o)
                0x00000000000001a0                __aarch64_have_lse_atomics
 .bss           0x00000000000001a1        0x0 /home/erion/Projects/buildroot/output/build/glibc-2.38-44-gd37c2b20a4787463d192b32041c3406c2bd91de0/build/elf/rtld-libc.a(rtld-getauxval.os)

.stab
 *(.stab)

.stabstr
 *(.stabstr)

.stab.excl
 *(.stab.excl)

.stab.exclstr
 *(.stab.exclstr)

.stab.index
 *(.stab.index)

.stab.indexstr
 *(.stab.indexstr)

.comment        0x0000000000000000      0xc94
 *(.comment)
 .comment       0x0000000000000000      0x785 /home/erion/Projects/buildroot/output/build/glibc-2.38-44-gd37c2b20a4787463d192b32041c3406c2bd91de0/build/elf/dl-allobjs.os
 .comment       0x0000000000000785       0x23 /home/erion/Projects/buildroot/output/build/glibc-2.38-44-gd37c2b20a4787463d192b32041c3406c2bd91de0/build/elf/rtld-libc.a(rtld-check_fds.os)
 .comment       0x00000000000007a8       0x23 /home/erion/Projects/buildroot/output/build/glibc-2.38-44-gd37c2b20a4787463d192b32041c3406c2bd91de0/build/elf/rtld-libc.a(rtld-errno.os)
 .comment       0x00000000000007cb       0x23 /home/erion/Projects/buildroot/output/build/glibc-2.38-44-gd37c2b20a4787463d192b32041c3406c2bd91de0/build/elf/rtld-libc.a(rtld-closedir.os)
 .comment       0x00000000000007ee       0x23 /home/erion/Projects/buildroot/output/build/glibc-2.38-44-gd37c2b20a4787463d192b32041c3406c2bd91de0/build/elf/rtld-libc.a(rtld-rewinddir.os)
 .comment       0x0000000000000811       0x23 /home/erion/Projects/buildroot/output/build/glibc-2.38-44-gd37c2b20a4787463d192b32041c3406c2bd91de0/build/elf/rtld-libc.a(rtld-readdir64.os)
 .comment       0x0000000000000834       0x23 /home/erion/Projects/buildroot/output/build/glibc-2.38-44-gd37c2b20a4787463d192b32041c3406c2bd91de0/build/elf/rtld-libc.a(rtld-fdopendir.os)
 .comment       0x0000000000000857       0x23 /home/erion/Projects/buildroot/output/build/glibc-2.38-44-gd37c2b20a4787463d192b32041c3406c2bd91de0/build/elf/rtld-libc.a(rtld-getdents64.os)
 .comment       0x000000000000087a       0x23 /home/erion/Projects/buildroot/output/build/glibc-2.38-44-gd37c2b20a4787463d192b32041c3406c2bd91de0/build/elf/rtld-libc.a(rtld-dl-addr-obj.os)
 .comment       0x000000000000089d       0x23 /home/erion/Projects/buildroot/output/build/glibc-2.38-44-gd37c2b20a4787463d192b32041c3406c2bd91de0/build/elf/rtld-libc.a(rtld-profil.os)
 .comment       0x00000000000008c0       0x23 /home/erion/Projects/buildroot/output/build/glibc-2.38-44-gd37c2b20a4787463d192b32041c3406c2bd91de0/build/elf/rtld-libc.a(rtld-prof-freq.os)
 .comment       0x00000000000008e3       0x23 /home/erion/Projects/buildroot/output/build/glibc-2.38-44-gd37c2b20a4787463d192b32041c3406c2bd91de0/build/elf/rtld-libc.a(rtld-access.os)
 .comment       0x0000000000000906       0x23 /home/erion/Projects/buildroot/output/build/glibc-2.38-44-gd37c2b20a4787463d192b32041c3406c2bd91de0/build/elf/rtld-libc.a(rtld-fstat64.os)
 .comment       0x0000000000000929       0x23 /home/erion/Projects/buildroot/output/build/glibc-2.38-44-gd37c2b20a4787463d192b32041c3406c2bd91de0/build/elf/rtld-libc.a(rtld-fstatat64.os)
 .comment       0x000000000000094c       0x23 /home/erion/Projects/buildroot/output/build/glibc-2.38-44-gd37c2b20a4787463d192b32041c3406c2bd91de0/build/elf/rtld-libc.a(rtld-lseek64.os)
 .comment       0x000000000000096f       0x23 /home/erion/Projects/buildroot/output/build/glibc-2.38-44-gd37c2b20a4787463d192b32041c3406c2bd91de0/build/elf/rtld-libc.a(rtld-lstat64.os)
 .comment       0x0000000000000992       0x23 /home/erion/Projects/buildroot/output/build/glibc-2.38-44-gd37c2b20a4787463d192b32041c3406c2bd91de0/build/elf/rtld-libc.a(rtld-openat64.os)
 .comment       0x00000000000009b5       0x23 /home/erion/Projects/buildroot/output/build/glibc-2.38-44-gd37c2b20a4787463d192b32041c3406c2bd91de0/build/elf/rtld-libc.a(rtld-stat64.os)
 .comment       0x00000000000009d8       0x23 /home/erion/Projects/buildroot/output/build/glibc-2.38-44-gd37c2b20a4787463d192b32041c3406c2bd91de0/build/elf/rtld-libc.a(rtld-close_nocancel.os)
 .comment       0x00000000000009fb       0x23 /home/erion/Projects/buildroot/output/build/glibc-2.38-44-gd37c2b20a4787463d192b32041c3406c2bd91de0/build/elf/rtld-libc.a(rtld-fcntl_nocancel.os)
 .comment       0x0000000000000a1e       0x23 /home/erion/Projects/buildroot/output/build/glibc-2.38-44-gd37c2b20a4787463d192b32041c3406c2bd91de0/build/elf/rtld-libc.a(rtld-open64_nocancel.os)
 .comment       0x0000000000000a41       0x23 /home/erion/Projects/buildroot/output/build/glibc-2.38-44-gd37c2b20a4787463d192b32041c3406c2bd91de0/build/elf/rtld-libc.a(rtld-pread64_nocancel.os)
 .comment       0x0000000000000a64       0x23 /home/erion/Projects/buildroot/output/build/glibc-2.38-44-gd37c2b20a4787463d192b32041c3406c2bd91de0/build/elf/rtld-libc.a(rtld-read_nocancel.os)
 .comment       0x0000000000000a87       0x23 /home/erion/Projects/buildroot/output/build/glibc-2.38-44-gd37c2b20a4787463d192b32041c3406c2bd91de0/build/elf/rtld-libc.a(rtld-write_nocancel.os)
 .comment       0x0000000000000aaa       0x23 /home/erion/Projects/buildroot/output/build/glibc-2.38-44-gd37c2b20a4787463d192b32041c3406c2bd91de0/build/elf/rtld-libc.a(rtld-scratch_buffer_set_array_size.os)
 .comment       0x0000000000000acd       0x23 /home/erion/Projects/buildroot/output/build/glibc-2.38-44-gd37c2b20a4787463d192b32041c3406c2bd91de0/build/elf/rtld-libc.a(rtld-mmap64.os)
 .comment       0x0000000000000af0       0x23 /home/erion/Projects/buildroot/output/build/glibc-2.38-44-gd37c2b20a4787463d192b32041c3406c2bd91de0/build/elf/rtld-libc.a(rtld-lowlevellock.os)
 .comment       0x0000000000000b13       0x23 /home/erion/Projects/buildroot/output/build/glibc-2.38-44-gd37c2b20a4787463d192b32041c3406c2bd91de0/build/elf/rtld-libc.a(rtld-_exit.os)
 .comment       0x0000000000000b36       0x23 /home/erion/Projects/buildroot/output/build/glibc-2.38-44-gd37c2b20a4787463d192b32041c3406c2bd91de0/build/elf/rtld-libc.a(rtld-environ.os)
 .comment       0x0000000000000b59       0x23 /home/erion/Projects/buildroot/output/build/glibc-2.38-44-gd37c2b20a4787463d192b32041c3406c2bd91de0/build/elf/rtld-libc.a(rtld-sigaction.os)
 .comment       0x0000000000000b7c       0x23 /home/erion/Projects/buildroot/output/build/glibc-2.38-44-gd37c2b20a4787463d192b32041c3406c2bd91de0/build/elf/rtld-libc.a(rtld-libc_sigaction.os)
 .comment       0x0000000000000b9f       0x23 /home/erion/Projects/buildroot/output/build/glibc-2.38-44-gd37c2b20a4787463d192b32041c3406c2bd91de0/build/elf/rtld-libc.a(rtld-strcspn.os)
 .comment       0x0000000000000bc2       0x23 /home/erion/Projects/buildroot/output/build/glibc-2.38-44-gd37c2b20a4787463d192b32041c3406c2bd91de0/build/elf/rtld-libc.a(rtld-strdup.os)
 .comment       0x0000000000000be5       0x23 /home/erion/Projects/buildroot/output/build/glibc-2.38-44-gd37c2b20a4787463d192b32041c3406c2bd91de0/build/elf/rtld-libc.a(rtld-strerrorname_np.os)
 .comment       0x0000000000000c08       0x23 /home/erion/Projects/buildroot/output/build/glibc-2.38-44-gd37c2b20a4787463d192b32041c3406c2bd91de0/build/elf/rtld-libc.a(rtld-setitimer.os)
 .comment       0x0000000000000c2b       0x23 /home/erion/Projects/buildroot/output/build/glibc-2.38-44-gd37c2b20a4787463d192b32041c3406c2bd91de0/build/elf/rtld-libc.a(rtld-errname.os)
 .comment       0x0000000000000c4e       0x23 /home/erion/Projects/buildroot/output/host/lib/gcc/aarch64-buildroot-linux-gnu/12.3.0/libgcc.a(lse-init.o)
 .comment       0x0000000000000c71       0x23 /home/erion/Projects/buildroot/output/build/glibc-2.38-44-gd37c2b20a4787463d192b32041c3406c2bd91de0/build/elf/rtld-libc.a(rtld-getauxval.os)

.note.GNU-stack
                0x0000000000000000        0x0
 .note.GNU-stack
                0x0000000000000000        0x0 /home/erion/Projects/buildroot/output/build/glibc-2.38-44-gd37c2b20a4787463d192b32041c3406c2bd91de0/build/elf/dl-allobjs.os
 .note.GNU-stack
                0x0000000000000000        0x0 /home/erion/Projects/buildroot/output/build/glibc-2.38-44-gd37c2b20a4787463d192b32041c3406c2bd91de0/build/elf/rtld-libc.a(rtld-check_fds.os)
 .note.GNU-stack
                0x0000000000000000        0x0 /home/erion/Projects/buildroot/output/build/glibc-2.38-44-gd37c2b20a4787463d192b32041c3406c2bd91de0/build/elf/rtld-libc.a(rtld-errno.os)
 .note.GNU-stack
                0x0000000000000000        0x0 /home/erion/Projects/buildroot/output/build/glibc-2.38-44-gd37c2b20a4787463d192b32041c3406c2bd91de0/build/elf/rtld-libc.a(rtld-closedir.os)
 .note.GNU-stack
                0x0000000000000000        0x0 /home/erion/Projects/buildroot/output/build/glibc-2.38-44-gd37c2b20a4787463d192b32041c3406c2bd91de0/build/elf/rtld-libc.a(rtld-rewinddir.os)
 .note.GNU-stack
                0x0000000000000000        0x0 /home/erion/Projects/buildroot/output/build/glibc-2.38-44-gd37c2b20a4787463d192b32041c3406c2bd91de0/build/elf/rtld-libc.a(rtld-readdir64.os)
 .note.GNU-stack
                0x0000000000000000        0x0 /home/erion/Projects/buildroot/output/build/glibc-2.38-44-gd37c2b20a4787463d192b32041c3406c2bd91de0/build/elf/rtld-libc.a(rtld-fdopendir.os)
 .note.GNU-stack
                0x0000000000000000        0x0 /home/erion/Projects/buildroot/output/build/glibc-2.38-44-gd37c2b20a4787463d192b32041c3406c2bd91de0/build/elf/rtld-libc.a(rtld-getdents64.os)
 .note.GNU-stack
                0x0000000000000000        0x0 /home/erion/Projects/buildroot/output/build/glibc-2.38-44-gd37c2b20a4787463d192b32041c3406c2bd91de0/build/elf/rtld-libc.a(rtld-dl-addr-obj.os)
 .note.GNU-stack
                0x0000000000000000        0x0 /home/erion/Projects/buildroot/output/build/glibc-2.38-44-gd37c2b20a4787463d192b32041c3406c2bd91de0/build/elf/rtld-libc.a(rtld-profil.os)
 .note.GNU-stack
                0x0000000000000000        0x0 /home/erion/Projects/buildroot/output/build/glibc-2.38-44-gd37c2b20a4787463d192b32041c3406c2bd91de0/build/elf/rtld-libc.a(rtld-prof-freq.os)
 .note.GNU-stack
                0x0000000000000000        0x0 /home/erion/Projects/buildroot/output/build/glibc-2.38-44-gd37c2b20a4787463d192b32041c3406c2bd91de0/build/elf/rtld-libc.a(rtld-access.os)
 .note.GNU-stack
                0x0000000000000000        0x0 /home/erion/Projects/buildroot/output/build/glibc-2.38-44-gd37c2b20a4787463d192b32041c3406c2bd91de0/build/elf/rtld-libc.a(rtld-fstat64.os)
 .note.GNU-stack
                0x0000000000000000        0x0 /home/erion/Projects/buildroot/output/build/glibc-2.38-44-gd37c2b20a4787463d192b32041c3406c2bd91de0/build/elf/rtld-libc.a(rtld-fstatat64.os)
 .note.GNU-stack
                0x0000000000000000        0x0 /home/erion/Projects/buildroot/output/build/glibc-2.38-44-gd37c2b20a4787463d192b32041c3406c2bd91de0/build/elf/rtld-libc.a(rtld-lseek64.os)
 .note.GNU-stack
                0x0000000000000000        0x0 /home/erion/Projects/buildroot/output/build/glibc-2.38-44-gd37c2b20a4787463d192b32041c3406c2bd91de0/build/elf/rtld-libc.a(rtld-lstat64.os)
 .note.GNU-stack
                0x0000000000000000        0x0 /home/erion/Projects/buildroot/output/build/glibc-2.38-44-gd37c2b20a4787463d192b32041c3406c2bd91de0/build/elf/rtld-libc.a(rtld-openat64.os)
 .note.GNU-stack
                0x0000000000000000        0x0 /home/erion/Projects/buildroot/output/build/glibc-2.38-44-gd37c2b20a4787463d192b32041c3406c2bd91de0/build/elf/rtld-libc.a(rtld-stat64.os)
 .note.GNU-stack
                0x0000000000000000        0x0 /home/erion/Projects/buildroot/output/build/glibc-2.38-44-gd37c2b20a4787463d192b32041c3406c2bd91de0/build/elf/rtld-libc.a(rtld-close_nocancel.os)
 .note.GNU-stack
                0x0000000000000000        0x0 /home/erion/Projects/buildroot/output/build/glibc-2.38-44-gd37c2b20a4787463d192b32041c3406c2bd91de0/build/elf/rtld-libc.a(rtld-fcntl_nocancel.os)
 .note.GNU-stack
                0x0000000000000000        0x0 /home/erion/Projects/buildroot/output/build/glibc-2.38-44-gd37c2b20a4787463d192b32041c3406c2bd91de0/build/elf/rtld-libc.a(rtld-open64_nocancel.os)
 .note.GNU-stack
                0x0000000000000000        0x0 /home/erion/Projects/buildroot/output/build/glibc-2.38-44-gd37c2b20a4787463d192b32041c3406c2bd91de0/build/elf/rtld-libc.a(rtld-pread64_nocancel.os)
 .note.GNU-stack
                0x0000000000000000        0x0 /home/erion/Projects/buildroot/output/build/glibc-2.38-44-gd37c2b20a4787463d192b32041c3406c2bd91de0/build/elf/rtld-libc.a(rtld-read_nocancel.os)
 .note.GNU-stack
                0x0000000000000000        0x0 /home/erion/Projects/buildroot/output/build/glibc-2.38-44-gd37c2b20a4787463d192b32041c3406c2bd91de0/build/elf/rtld-libc.a(rtld-write_nocancel.os)
 .note.GNU-stack
                0x0000000000000000        0x0 /home/erion/Projects/buildroot/output/build/glibc-2.38-44-gd37c2b20a4787463d192b32041c3406c2bd91de0/build/elf/rtld-libc.a(rtld-scratch_buffer_set_array_size.os)
 .note.GNU-stack
                0x0000000000000000        0x0 /home/erion/Projects/buildroot/output/build/glibc-2.38-44-gd37c2b20a4787463d192b32041c3406c2bd91de0/build/elf/rtld-libc.a(rtld-mmap64.os)
 .note.GNU-stack
                0x0000000000000000        0x0 /home/erion/Projects/buildroot/output/build/glibc-2.38-44-gd37c2b20a4787463d192b32041c3406c2bd91de0/build/elf/rtld-libc.a(rtld-mprotect.os)
 .note.GNU-stack
                0x0000000000000000        0x0 /home/erion/Projects/buildroot/output/build/glibc-2.38-44-gd37c2b20a4787463d192b32041c3406c2bd91de0/build/elf/rtld-libc.a(rtld-munmap.os)
 .note.GNU-stack
                0x0000000000000000        0x0 /home/erion/Projects/buildroot/output/build/glibc-2.38-44-gd37c2b20a4787463d192b32041c3406c2bd91de0/build/elf/rtld-libc.a(rtld-lowlevellock.os)
 .note.GNU-stack
                0x0000000000000000        0x0 /home/erion/Projects/buildroot/output/build/glibc-2.38-44-gd37c2b20a4787463d192b32041c3406c2bd91de0/build/elf/rtld-libc.a(rtld-_exit.os)
 .note.GNU-stack
                0x0000000000000000        0x0 /home/erion/Projects/buildroot/output/build/glibc-2.38-44-gd37c2b20a4787463d192b32041c3406c2bd91de0/build/elf/rtld-libc.a(rtld-getpid.os)
 .note.GNU-stack
                0x0000000000000000        0x0 /home/erion/Projects/buildroot/output/build/glibc-2.38-44-gd37c2b20a4787463d192b32041c3406c2bd91de0/build/elf/rtld-libc.a(rtld-uname.os)
 .note.GNU-stack
                0x0000000000000000        0x0 /home/erion/Projects/buildroot/output/build/glibc-2.38-44-gd37c2b20a4787463d192b32041c3406c2bd91de0/build/elf/rtld-libc.a(rtld-environ.os)
 .note.GNU-stack
                0x0000000000000000        0x0 /home/erion/Projects/buildroot/output/build/glibc-2.38-44-gd37c2b20a4787463d192b32041c3406c2bd91de0/build/elf/rtld-libc.a(rtld-setjmp.os)
 .note.GNU-stack
                0x0000000000000000        0x0 /home/erion/Projects/buildroot/output/build/glibc-2.38-44-gd37c2b20a4787463d192b32041c3406c2bd91de0/build/elf/rtld-libc.a(rtld-__longjmp.os)
 .note.GNU-stack
                0x0000000000000000        0x0 /home/erion/Projects/buildroot/output/build/glibc-2.38-44-gd37c2b20a4787463d192b32041c3406c2bd91de0/build/elf/rtld-libc.a(rtld-sigaction.os)
 .note.GNU-stack
                0x0000000000000000        0x0 /home/erion/Projects/buildroot/output/build/glibc-2.38-44-gd37c2b20a4787463d192b32041c3406c2bd91de0/build/elf/rtld-libc.a(rtld-libc_sigaction.os)
 .note.GNU-stack
                0x0000000000000000        0x0 /home/erion/Projects/buildroot/output/build/glibc-2.38-44-gd37c2b20a4787463d192b32041c3406c2bd91de0/build/elf/rtld-libc.a(rtld-memcmp.os)
 .note.GNU-stack
                0x0000000000000000        0x0 /home/erion/Projects/buildroot/output/build/glibc-2.38-44-gd37c2b20a4787463d192b32041c3406c2bd91de0/build/elf/rtld-libc.a(rtld-memset.os)
 .note.GNU-stack
                0x0000000000000000        0x0 /home/erion/Projects/buildroot/output/build/glibc-2.38-44-gd37c2b20a4787463d192b32041c3406c2bd91de0/build/elf/rtld-libc.a(rtld-stpcpy.os)
 .note.GNU-stack
                0x0000000000000000        0x0 /home/erion/Projects/buildroot/output/build/glibc-2.38-44-gd37c2b20a4787463d192b32041c3406c2bd91de0/build/elf/rtld-libc.a(rtld-strchr.os)
 .note.GNU-stack
                0x0000000000000000        0x0 /home/erion/Projects/buildroot/output/build/glibc-2.38-44-gd37c2b20a4787463d192b32041c3406c2bd91de0/build/elf/rtld-libc.a(rtld-strcmp.os)
 .note.GNU-stack
                0x0000000000000000        0x0 /home/erion/Projects/buildroot/output/build/glibc-2.38-44-gd37c2b20a4787463d192b32041c3406c2bd91de0/build/elf/rtld-libc.a(rtld-strcspn.os)
 .note.GNU-stack
                0x0000000000000000        0x0 /home/erion/Projects/buildroot/output/build/glibc-2.38-44-gd37c2b20a4787463d192b32041c3406c2bd91de0/build/elf/rtld-libc.a(rtld-strdup.os)
 .note.GNU-stack
                0x0000000000000000        0x0 /home/erion/Projects/buildroot/output/build/glibc-2.38-44-gd37c2b20a4787463d192b32041c3406c2bd91de0/build/elf/rtld-libc.a(rtld-strerrorname_np.os)
 .note.GNU-stack
                0x0000000000000000        0x0 /home/erion/Projects/buildroot/output/build/glibc-2.38-44-gd37c2b20a4787463d192b32041c3406c2bd91de0/build/elf/rtld-libc.a(rtld-strncmp.os)
 .note.GNU-stack
                0x0000000000000000        0x0 /home/erion/Projects/buildroot/output/build/glibc-2.38-44-gd37c2b20a4787463d192b32041c3406c2bd91de0/build/elf/rtld-libc.a(rtld-strnlen.os)
 .note.GNU-stack
                0x0000000000000000        0x0 /home/erion/Projects/buildroot/output/build/glibc-2.38-44-gd37c2b20a4787463d192b32041c3406c2bd91de0/build/elf/rtld-libc.a(rtld-memchr_generic.os)
 .note.GNU-stack
                0x0000000000000000        0x0 /home/erion/Projects/buildroot/output/build/glibc-2.38-44-gd37c2b20a4787463d192b32041c3406c2bd91de0/build/elf/rtld-libc.a(rtld-memcpy_generic.os)
 .note.GNU-stack
                0x0000000000000000        0x0 /home/erion/Projects/buildroot/output/build/glibc-2.38-44-gd37c2b20a4787463d192b32041c3406c2bd91de0/build/elf/rtld-libc.a(rtld-strlen_mte.os)
 .note.GNU-stack
                0x0000000000000000        0x0 /home/erion/Projects/buildroot/output/build/glibc-2.38-44-gd37c2b20a4787463d192b32041c3406c2bd91de0/build/elf/rtld-libc.a(rtld-strchrnul.os)
 .note.GNU-stack
                0x0000000000000000        0x0 /home/erion/Projects/buildroot/output/build/glibc-2.38-44-gd37c2b20a4787463d192b32041c3406c2bd91de0/build/elf/rtld-libc.a(rtld-setitimer.os)
 .note.GNU-stack
                0x0000000000000000        0x0 /home/erion/Projects/buildroot/output/build/glibc-2.38-44-gd37c2b20a4787463d192b32041c3406c2bd91de0/build/elf/rtld-libc.a(rtld-errname.os)
 .note.GNU-stack
                0x0000000000000000        0x0 /home/erion/Projects/buildroot/output/host/lib/gcc/aarch64-buildroot-linux-gnu/12.3.0/libgcc.a(cas_4_2.o)
 .note.GNU-stack
                0x0000000000000000        0x0 /home/erion/Projects/buildroot/output/host/lib/gcc/aarch64-buildroot-linux-gnu/12.3.0/libgcc.a(ldadd_4_1.o)
 .note.GNU-stack
                0x0000000000000000        0x0 /home/erion/Projects/buildroot/output/host/lib/gcc/aarch64-buildroot-linux-gnu/12.3.0/libgcc.a(swp_4_2.o)
 .note.GNU-stack
                0x0000000000000000        0x0 /home/erion/Projects/buildroot/output/host/lib/gcc/aarch64-buildroot-linux-gnu/12.3.0/libgcc.a(swp_4_3.o)
 .note.GNU-stack
                0x0000000000000000        0x0 /home/erion/Projects/buildroot/output/host/lib/gcc/aarch64-buildroot-linux-gnu/12.3.0/libgcc.a(lse-init.o)
 .note.GNU-stack
                0x0000000000000000        0x0 /home/erion/Projects/buildroot/output/build/glibc-2.38-44-gd37c2b20a4787463d192b32041c3406c2bd91de0/build/elf/rtld-libc.a(rtld-getauxval.os)

.gnu.build.attributes
 *(.gnu.build.attributes)

.debug
 *(.debug)

.line
 *(.line)

.debug_srcinfo
 *(.debug_srcinfo)

.debug_sfnames
 *(.debug_sfnames)

.debug_aranges  0x0000000000000000       0xf0
 *(.debug_aranges)
 .debug_aranges
                0x0000000000000000       0x30 /home/erion/Projects/buildroot/output/host/lib/gcc/aarch64-buildroot-linux-gnu/12.3.0/libgcc.a(cas_4_2.o)
 .debug_aranges
                0x0000000000000030       0x30 /home/erion/Projects/buildroot/output/host/lib/gcc/aarch64-buildroot-linux-gnu/12.3.0/libgcc.a(ldadd_4_1.o)
 .debug_aranges
                0x0000000000000060       0x30 /home/erion/Projects/buildroot/output/host/lib/gcc/aarch64-buildroot-linux-gnu/12.3.0/libgcc.a(swp_4_2.o)
 .debug_aranges